SQL> 
SQL> REM BASIC SELECT STATEMENT
SQL> 
SQL> REM COLUMN HEADING ARE DISPLAYED IN CAPITAL ALPHABETS
SQL> 
SQL> REM SQL IS CASE RETENTIVE/INSENSITIVE LANGUAGE
SQL> 
SQL> REM SQL IS FREE-FLOW LANGUAGE
SQL> 
SQL> REM * IS META CHARACTER, WHICH REPRESENTS ALL COLUMNS OF THE TABLE
SQL> 
SQL> REM PROJECTION : DISPLAYING SOME OF THE COLUMNS OF OUR CHOICE INSTEAD OF ALL COLUMNS IN RESULT SET
SQL> 
SQL> REM ARITHMATIC OPERATORS : / * + -
> 
SQL> REM POWER FUNCTIONS
SQL> 
SQL> REM CONCATENATION OPERATOR : ||
SQL> 
SQL> REM PRECEDENCE OF OPERATOR EXECUTION
SQL> 
SQL> REM COLUMN ALIAS
SQL> 
SQL> REM NULL VALUES WITH ARITHMATIC CALCULATION
SQL> 
SQL> REM Q : QUOTE OPERATOR
SQL> 
SQL> REM DUAL TABLE
SQL> 
SQL> SELECT * FROM EMPLOYEES;

EMPLOYEE_ID FIRST_NAME LAST_NAME  EMAIL      PHONE_NUMBER         HIRE_DATE JOB_ID         SALARY COMMISSION_PCT MANAGER_ID DEPARTMENT_ID                                                               
----------- ---------- ---------- ---------- -------------------- --------- ---------- ---------- -------------- ---------- -------------                                                               
        100 Steven     King       SKING      515.123.4567         17-JUL-87 AD_PRES         24000                                      90                                                               
        101 Neena      Kochhar    NKOCHHAR   515.123.4568         21-SEP-89 AD_VP           17000                       100            90                                                               
        102 Lex        De Haan    LDEHAAN    515.123.4569         13-JAN-93 AD_VP           17000                       100            90                                                               
        103 Alexander  Hunold     AHUNOLD    590.423.4567         03-JAN-90 IT_PROG          9000                       102            60                                                               
        104 Bruce      Ernst      BERNST     590.423.4568         21-MAY-91 IT_PROG          6000                       103            60                                                               
        107 Diana      Lorentz    DLORENTZ   590.423.5567         07-FEB-99 IT_PROG          4200                       103            60                                                               
        124 Kevin      Mourgos    KMOURGOS   650.123.5234         16-NOV-99 ST_MAN           5800                       100            50                                                               
        141 Trenna     Rajs       TRAJS      650.121.8009         17-OCT-95 ST_CLERK         3500                       124            50                                                               
        142 Curtis     Davies     CDAVIES    650.121.2994         29-JAN-97 ST_CLERK         3100                       124            50                                                               
        143 Randall    Matos      RMATOS     650.121.2874         15-MAR-98 ST_CLERK         2600                       124            50                                                               
        144 Peter      Vargas     PVARGAS    650.121.2004         09-JUL-98 ST_CLERK         2500                       124            50                                                               
        149 Eleni      Zlotkey    EZLOTKEY   011.44.1344.429018   29-JAN-00 SA_MAN          10500             .2        100            80                                                               
        174 Ellen      Abel       EABEL      011.44.1644.429267   11-MAY-96 SA_REP          11000             .3        149            80                                                               
        176 Jonathon   Taylor     JTAYLOR    011.44.1644.429265   24-MAR-98 SA_REP           8600             .3        149            80                                                               
        178 Kimerely   Grant      KGRANT     011.44.1644.429263   24-MAY-99 SA_REP           7000            .15        149                                                                             
        200 Jennifer   Whalen     JWAHLEN    515.123.4444         17-SEP-87 AD_ASST          4400                       101            10                                                               
        201 Michael    Hartstein  MHARTSTE   515.123.5555         17-FEB-96 MK_MAN          13000                       100            20                                                               
        202 Pat        Fay        PFAY       603.123.6666         17-AUG-97 MK_REP           6000                       201            20                                                               
        205 Shelley    Higgins    SHIGGINS   515.123.8080         07-JUN-94 AC_MGR          12000                       101           110                                                               
        206 William    Gietz      WGIETZ     515.123.8181         07-JUN-94 AC_ACCOUNT       8300                       205           110                                                               

20 rows selected.

SQL> REM THIS IS FIRST STYLE OF WRITING COMMENT
SQL> 
SQL> -- THIS IS SECOND STYLE OF WRITING COMMENT
SQL> 
SQL> /*
SQL> 
SQL> THIS
SQL> IS
SQL> THIRD
SQL> STYLE
SQL> OF COMMENTING.
SQL> */
SQL> 
SQL> REM BASIC SELECT STATEMENT
SQL> 
SQL> SELECT * FROM EMPLOYEES ;

EMPLOYEE_ID FIRST_NAME LAST_NAME  EMAIL      PHONE_NUMBER         HIRE_DATE JOB_ID         SALARY COMMISSION_PCT MANAGER_ID DEPARTMENT_ID                                                               
----------- ---------- ---------- ---------- -------------------- --------- ---------- ---------- -------------- ---------- -------------                                                               
        100 Steven     King       SKING      515.123.4567         17-JUL-87 AD_PRES         24000                                      90                                                               
        101 Neena      Kochhar    NKOCHHAR   515.123.4568         21-SEP-89 AD_VP           17000                       100            90                                                               
        102 Lex        De Haan    LDEHAAN    515.123.4569         13-JAN-93 AD_VP           17000                       100            90                                                               
        103 Alexander  Hunold     AHUNOLD    590.423.4567         03-JAN-90 IT_PROG          9000                       102            60                                                               
        104 Bruce      Ernst      BERNST     590.423.4568         21-MAY-91 IT_PROG          6000                       103            60                                                               
        107 Diana      Lorentz    DLORENTZ   590.423.5567         07-FEB-99 IT_PROG          4200                       103            60                                                               
        124 Kevin      Mourgos    KMOURGOS   650.123.5234         16-NOV-99 ST_MAN           5800                       100            50                                                               
        141 Trenna     Rajs       TRAJS      650.121.8009         17-OCT-95 ST_CLERK         3500                       124            50                                                               
        142 Curtis     Davies     CDAVIES    650.121.2994         29-JAN-97 ST_CLERK         3100                       124            50                                                               
        143 Randall    Matos      RMATOS     650.121.2874         15-MAR-98 ST_CLERK         2600                       124            50                                                               
        144 Peter      Vargas     PVARGAS    650.121.2004         09-JUL-98 ST_CLERK         2500                       124            50                                                               
        149 Eleni      Zlotkey    EZLOTKEY   011.44.1344.429018   29-JAN-00 SA_MAN          10500             .2        100            80                                                               
        174 Ellen      Abel       EABEL      011.44.1644.429267   11-MAY-96 SA_REP          11000             .3        149            80                                                               
        176 Jonathon   Taylor     JTAYLOR    011.44.1644.429265   24-MAR-98 SA_REP           8600             .3        149            80                                                               
        178 Kimerely   Grant      KGRANT     011.44.1644.429263   24-MAY-99 SA_REP           7000            .15        149                                                                             
        200 Jennifer   Whalen     JWAHLEN    515.123.4444         17-SEP-87 AD_ASST          4400                       101            10                                                               
        201 Michael    Hartstein  MHARTSTE   515.123.5555         17-FEB-96 MK_MAN          13000                       100            20                                                               
        202 Pat        Fay        PFAY       603.123.6666         17-AUG-97 MK_REP           6000                       201            20                                                               
        205 Shelley    Higgins    SHIGGINS   515.123.8080         07-JUN-94 AC_MGR          12000                       101           110                                                               
        206 William    Gietz      WGIETZ     515.123.8181         07-JUN-94 AC_ACCOUNT       8300                       205           110                                                               

20 rows selected.

SQL> SELECT * FROM EMPLOYEES
  2  
SQL> SELECT * FROM EMPLOYEES;

EMPLOYEE_ID FIRST_NAME LAST_NAME  EMAIL      PHONE_NUMBER         HIRE_DATE JOB_ID         SALARY COMMISSION_PCT MANAGER_ID DEPARTMENT_ID                                                               
----------- ---------- ---------- ---------- -------------------- --------- ---------- ---------- -------------- ---------- -------------                                                               
        100 Steven     King       SKING      515.123.4567         17-JUL-87 AD_PRES         24000                                      90                                                               
        101 Neena      Kochhar    NKOCHHAR   515.123.4568         21-SEP-89 AD_VP           17000                       100            90                                                               
        102 Lex        De Haan    LDEHAAN    515.123.4569         13-JAN-93 AD_VP           17000                       100            90                                                               
        103 Alexander  Hunold     AHUNOLD    590.423.4567         03-JAN-90 IT_PROG          9000                       102            60                                                               
        104 Bruce      Ernst      BERNST     590.423.4568         21-MAY-91 IT_PROG          6000                       103            60                                                               
        107 Diana      Lorentz    DLORENTZ   590.423.5567         07-FEB-99 IT_PROG          4200                       103            60                                                               
        124 Kevin      Mourgos    KMOURGOS   650.123.5234         16-NOV-99 ST_MAN           5800                       100            50                                                               
        141 Trenna     Rajs       TRAJS      650.121.8009         17-OCT-95 ST_CLERK         3500                       124            50                                                               
        142 Curtis     Davies     CDAVIES    650.121.2994         29-JAN-97 ST_CLERK         3100                       124            50                                                               
        143 Randall    Matos      RMATOS     650.121.2874         15-MAR-98 ST_CLERK         2600                       124            50                                                               
        144 Peter      Vargas     PVARGAS    650.121.2004         09-JUL-98 ST_CLERK         2500                       124            50                                                               
        149 Eleni      Zlotkey    EZLOTKEY   011.44.1344.429018   29-JAN-00 SA_MAN          10500             .2        100            80                                                               
        174 Ellen      Abel       EABEL      011.44.1644.429267   11-MAY-96 SA_REP          11000             .3        149            80                                                               
        176 Jonathon   Taylor     JTAYLOR    011.44.1644.429265   24-MAR-98 SA_REP           8600             .3        149            80                                                               
        178 Kimerely   Grant      KGRANT     011.44.1644.429263   24-MAY-99 SA_REP           7000            .15        149                                                                             
        200 Jennifer   Whalen     JWAHLEN    515.123.4444         17-SEP-87 AD_ASST          4400                       101            10                                                               
        201 Michael    Hartstein  MHARTSTE   515.123.5555         17-FEB-96 MK_MAN          13000                       100            20                                                               
        202 Pat        Fay        PFAY       603.123.6666         17-AUG-97 MK_REP           6000                       201            20                                                               
        205 Shelley    Higgins    SHIGGINS   515.123.8080         07-JUN-94 AC_MGR          12000                       101           110                                                               
        206 William    Gietz      WGIETZ     515.123.8181         07-JUN-94 AC_ACCOUNT       8300                       205           110                                                               

20 rows selected.

SQL> SELECT * FROM EMPLOYEES
  2  ;

EMPLOYEE_ID FIRST_NAME LAST_NAME  EMAIL      PHONE_NUMBER         HIRE_DATE JOB_ID         SALARY COMMISSION_PCT MANAGER_ID DEPARTMENT_ID                                                               
----------- ---------- ---------- ---------- -------------------- --------- ---------- ---------- -------------- ---------- -------------                                                               
        100 Steven     King       SKING      515.123.4567         17-JUL-87 AD_PRES         24000                                      90                                                               
        101 Neena      Kochhar    NKOCHHAR   515.123.4568         21-SEP-89 AD_VP           17000                       100            90                                                               
        102 Lex        De Haan    LDEHAAN    515.123.4569         13-JAN-93 AD_VP           17000                       100            90                                                               
        103 Alexander  Hunold     AHUNOLD    590.423.4567         03-JAN-90 IT_PROG          9000                       102            60                                                               
        104 Bruce      Ernst      BERNST     590.423.4568         21-MAY-91 IT_PROG          6000                       103            60                                                               
        107 Diana      Lorentz    DLORENTZ   590.423.5567         07-FEB-99 IT_PROG          4200                       103            60                                                               
        124 Kevin      Mourgos    KMOURGOS   650.123.5234         16-NOV-99 ST_MAN           5800                       100            50                                                               
        141 Trenna     Rajs       TRAJS      650.121.8009         17-OCT-95 ST_CLERK         3500                       124            50                                                               
        142 Curtis     Davies     CDAVIES    650.121.2994         29-JAN-97 ST_CLERK         3100                       124            50                                                               
        143 Randall    Matos      RMATOS     650.121.2874         15-MAR-98 ST_CLERK         2600                       124            50                                                               
        144 Peter      Vargas     PVARGAS    650.121.2004         09-JUL-98 ST_CLERK         2500                       124            50                                                               
        149 Eleni      Zlotkey    EZLOTKEY   011.44.1344.429018   29-JAN-00 SA_MAN          10500             .2        100            80                                                               
        174 Ellen      Abel       EABEL      011.44.1644.429267   11-MAY-96 SA_REP          11000             .3        149            80                                                               
        176 Jonathon   Taylor     JTAYLOR    011.44.1644.429265   24-MAR-98 SA_REP           8600             .3        149            80                                                               
        178 Kimerely   Grant      KGRANT     011.44.1644.429263   24-MAY-99 SA_REP           7000            .15        149                                                                             
        200 Jennifer   Whalen     JWAHLEN    515.123.4444         17-SEP-87 AD_ASST          4400                       101            10                                                               
        201 Michael    Hartstein  MHARTSTE   515.123.5555         17-FEB-96 MK_MAN          13000                       100            20                                                               
        202 Pat        Fay        PFAY       603.123.6666         17-AUG-97 MK_REP           6000                       201            20                                                               
        205 Shelley    Higgins    SHIGGINS   515.123.8080         07-JUN-94 AC_MGR          12000                       101           110                                                               
        206 William    Gietz      WGIETZ     515.123.8181         07-JUN-94 AC_ACCOUNT       8300                       205           110                                                               

20 rows selected.

SQL> SELECT * FROM EMPLOYEES
  2  /

EMPLOYEE_ID FIRST_NAME LAST_NAME  EMAIL      PHONE_NUMBER         HIRE_DATE JOB_ID         SALARY COMMISSION_PCT MANAGER_ID DEPARTMENT_ID                                                               
----------- ---------- ---------- ---------- -------------------- --------- ---------- ---------- -------------- ---------- -------------                                                               
        100 Steven     King       SKING      515.123.4567         17-JUL-87 AD_PRES         24000                                      90                                                               
        101 Neena      Kochhar    NKOCHHAR   515.123.4568         21-SEP-89 AD_VP           17000                       100            90                                                               
        102 Lex        De Haan    LDEHAAN    515.123.4569         13-JAN-93 AD_VP           17000                       100            90                                                               
        103 Alexander  Hunold     AHUNOLD    590.423.4567         03-JAN-90 IT_PROG          9000                       102            60                                                               
        104 Bruce      Ernst      BERNST     590.423.4568         21-MAY-91 IT_PROG          6000                       103            60                                                               
        107 Diana      Lorentz    DLORENTZ   590.423.5567         07-FEB-99 IT_PROG          4200                       103            60                                                               
        124 Kevin      Mourgos    KMOURGOS   650.123.5234         16-NOV-99 ST_MAN           5800                       100            50                                                               
        141 Trenna     Rajs       TRAJS      650.121.8009         17-OCT-95 ST_CLERK         3500                       124            50                                                               
        142 Curtis     Davies     CDAVIES    650.121.2994         29-JAN-97 ST_CLERK         3100                       124            50                                                               
        143 Randall    Matos      RMATOS     650.121.2874         15-MAR-98 ST_CLERK         2600                       124            50                                                               
        144 Peter      Vargas     PVARGAS    650.121.2004         09-JUL-98 ST_CLERK         2500                       124            50                                                               
        149 Eleni      Zlotkey    EZLOTKEY   011.44.1344.429018   29-JAN-00 SA_MAN          10500             .2        100            80                                                               
        174 Ellen      Abel       EABEL      011.44.1644.429267   11-MAY-96 SA_REP          11000             .3        149            80                                                               
        176 Jonathon   Taylor     JTAYLOR    011.44.1644.429265   24-MAR-98 SA_REP           8600             .3        149            80                                                               
        178 Kimerely   Grant      KGRANT     011.44.1644.429263   24-MAY-99 SA_REP           7000            .15        149                                                                             
        200 Jennifer   Whalen     JWAHLEN    515.123.4444         17-SEP-87 AD_ASST          4400                       101            10                                                               
        201 Michael    Hartstein  MHARTSTE   515.123.5555         17-FEB-96 MK_MAN          13000                       100            20                                                               
        202 Pat        Fay        PFAY       603.123.6666         17-AUG-97 MK_REP           6000                       201            20                                                               
        205 Shelley    Higgins    SHIGGINS   515.123.8080         07-JUN-94 AC_MGR          12000                       101           110                                                               
        206 William    Gietz      WGIETZ     515.123.8181         07-JUN-94 AC_ACCOUNT       8300                       205           110                                                               

20 rows selected.

SQL> SELECT * FROM EMPLOYEES/
  2  
SQL> REM ALL 5 PARTS OF SELECT STATEMENT ARE MANDATORY.
SQL> 
SQL> SELECT * FROM EMPLOYES;
SELECT * FROM EMPLOYES
              *
ERROR at line 1:
ORA-00942: table or view does not exist 


SQL> SELECT * FROM ;
SELECT * FROM 
             *
ERROR at line 1:
ORA-00903: invalid table name 


SQL> SELECT * FRM EMPLOYEES;
SELECT * FRM EMPLOYEES
         *
ERROR at line 1:
ORA-00923: FROM keyword not found where expected 


SQL> SELECT * EMPLOYEES;
SELECT * EMPLOYEES
         *
ERROR at line 1:
ORA-00923: FROM keyword not found where expected 


SQL> SELECT FROM MEMPLOYEES;
SELECT FROM MEMPLOYEES
       *
ERROR at line 1:
ORA-00936: missing expression 


SQL> SELET * FROM MEMPLOYEES;
SP2-0734: unknown command beginning "SELET * FR..." - rest of line ignored.
SQL> 
SQL> REM COLUMN HEADING ARE DISPLAYED IN CAPITAL ALPHABETS
SQL> 
SQL> REM SQL IS CASE INSENSITIVE/RETENTIVE LANGUAGE.
SQL> 
SQL> SELECT * FROM EMPLOYEES;

EMPLOYEE_ID FIRST_NAME LAST_NAME  EMAIL      PHONE_NUMBER         HIRE_DATE JOB_ID         SALARY COMMISSION_PCT MANAGER_ID DEPARTMENT_ID                                                               
----------- ---------- ---------- ---------- -------------------- --------- ---------- ---------- -------------- ---------- -------------                                                               
        100 Steven     King       SKING      515.123.4567         17-JUL-87 AD_PRES         24000                                      90                                                               
        101 Neena      Kochhar    NKOCHHAR   515.123.4568         21-SEP-89 AD_VP           17000                       100            90                                                               
        102 Lex        De Haan    LDEHAAN    515.123.4569         13-JAN-93 AD_VP           17000                       100            90                                                               
        103 Alexander  Hunold     AHUNOLD    590.423.4567         03-JAN-90 IT_PROG          9000                       102            60                                                               
        104 Bruce      Ernst      BERNST     590.423.4568         21-MAY-91 IT_PROG          6000                       103            60                                                               
        107 Diana      Lorentz    DLORENTZ   590.423.5567         07-FEB-99 IT_PROG          4200                       103            60                                                               
        124 Kevin      Mourgos    KMOURGOS   650.123.5234         16-NOV-99 ST_MAN           5800                       100            50                                                               
        141 Trenna     Rajs       TRAJS      650.121.8009         17-OCT-95 ST_CLERK         3500                       124            50                                                               
        142 Curtis     Davies     CDAVIES    650.121.2994         29-JAN-97 ST_CLERK         3100                       124            50                                                               
        143 Randall    Matos      RMATOS     650.121.2874         15-MAR-98 ST_CLERK         2600                       124            50                                                               
        144 Peter      Vargas     PVARGAS    650.121.2004         09-JUL-98 ST_CLERK         2500                       124            50                                                               
        149 Eleni      Zlotkey    EZLOTKEY   011.44.1344.429018   29-JAN-00 SA_MAN          10500             .2        100            80                                                               
        174 Ellen      Abel       EABEL      011.44.1644.429267   11-MAY-96 SA_REP          11000             .3        149            80                                                               
        176 Jonathon   Taylor     JTAYLOR    011.44.1644.429265   24-MAR-98 SA_REP           8600             .3        149            80                                                               
        178 Kimerely   Grant      KGRANT     011.44.1644.429263   24-MAY-99 SA_REP           7000            .15        149                                                                             
        200 Jennifer   Whalen     JWAHLEN    515.123.4444         17-SEP-87 AD_ASST          4400                       101            10                                                               
        201 Michael    Hartstein  MHARTSTE   515.123.5555         17-FEB-96 MK_MAN          13000                       100            20                                                               
        202 Pat        Fay        PFAY       603.123.6666         17-AUG-97 MK_REP           6000                       201            20                                                               
        205 Shelley    Higgins    SHIGGINS   515.123.8080         07-JUN-94 AC_MGR          12000                       101           110                                                               
        206 William    Gietz      WGIETZ     515.123.8181         07-JUN-94 AC_ACCOUNT       8300                       205           110                                                               

20 rows selected.

SQL> select * from employees;

EMPLOYEE_ID FIRST_NAME LAST_NAME  EMAIL      PHONE_NUMBER         HIRE_DATE JOB_ID         SALARY COMMISSION_PCT MANAGER_ID DEPARTMENT_ID                                                               
----------- ---------- ---------- ---------- -------------------- --------- ---------- ---------- -------------- ---------- -------------                                                               
        100 Steven     King       SKING      515.123.4567         17-JUL-87 AD_PRES         24000                                      90                                                               
        101 Neena      Kochhar    NKOCHHAR   515.123.4568         21-SEP-89 AD_VP           17000                       100            90                                                               
        102 Lex        De Haan    LDEHAAN    515.123.4569         13-JAN-93 AD_VP           17000                       100            90                                                               
        103 Alexander  Hunold     AHUNOLD    590.423.4567         03-JAN-90 IT_PROG          9000                       102            60                                                               
        104 Bruce      Ernst      BERNST     590.423.4568         21-MAY-91 IT_PROG          6000                       103            60                                                               
        107 Diana      Lorentz    DLORENTZ   590.423.5567         07-FEB-99 IT_PROG          4200                       103            60                                                               
        124 Kevin      Mourgos    KMOURGOS   650.123.5234         16-NOV-99 ST_MAN           5800                       100            50                                                               
        141 Trenna     Rajs       TRAJS      650.121.8009         17-OCT-95 ST_CLERK         3500                       124            50                                                               
        142 Curtis     Davies     CDAVIES    650.121.2994         29-JAN-97 ST_CLERK         3100                       124            50                                                               
        143 Randall    Matos      RMATOS     650.121.2874         15-MAR-98 ST_CLERK         2600                       124            50                                                               
        144 Peter      Vargas     PVARGAS    650.121.2004         09-JUL-98 ST_CLERK         2500                       124            50                                                               
        149 Eleni      Zlotkey    EZLOTKEY   011.44.1344.429018   29-JAN-00 SA_MAN          10500             .2        100            80                                                               
        174 Ellen      Abel       EABEL      011.44.1644.429267   11-MAY-96 SA_REP          11000             .3        149            80                                                               
        176 Jonathon   Taylor     JTAYLOR    011.44.1644.429265   24-MAR-98 SA_REP           8600             .3        149            80                                                               
        178 Kimerely   Grant      KGRANT     011.44.1644.429263   24-MAY-99 SA_REP           7000            .15        149                                                                             
        200 Jennifer   Whalen     JWAHLEN    515.123.4444         17-SEP-87 AD_ASST          4400                       101            10                                                               
        201 Michael    Hartstein  MHARTSTE   515.123.5555         17-FEB-96 MK_MAN          13000                       100            20                                                               
        202 Pat        Fay        PFAY       603.123.6666         17-AUG-97 MK_REP           6000                       201            20                                                               
        205 Shelley    Higgins    SHIGGINS   515.123.8080         07-JUN-94 AC_MGR          12000                       101           110                                                               
        206 William    Gietz      WGIETZ     515.123.8181         07-JUN-94 AC_ACCOUNT       8300                       205           110                                                               

20 rows selected.

SQL> Select * From Employees;

EMPLOYEE_ID FIRST_NAME LAST_NAME  EMAIL      PHONE_NUMBER         HIRE_DATE JOB_ID         SALARY COMMISSION_PCT MANAGER_ID DEPARTMENT_ID                                                               
----------- ---------- ---------- ---------- -------------------- --------- ---------- ---------- -------------- ---------- -------------                                                               
        100 Steven     King       SKING      515.123.4567         17-JUL-87 AD_PRES         24000                                      90                                                               
        101 Neena      Kochhar    NKOCHHAR   515.123.4568         21-SEP-89 AD_VP           17000                       100            90                                                               
        102 Lex        De Haan    LDEHAAN    515.123.4569         13-JAN-93 AD_VP           17000                       100            90                                                               
        103 Alexander  Hunold     AHUNOLD    590.423.4567         03-JAN-90 IT_PROG          9000                       102            60                                                               
        104 Bruce      Ernst      BERNST     590.423.4568         21-MAY-91 IT_PROG          6000                       103            60                                                               
        107 Diana      Lorentz    DLORENTZ   590.423.5567         07-FEB-99 IT_PROG          4200                       103            60                                                               
        124 Kevin      Mourgos    KMOURGOS   650.123.5234         16-NOV-99 ST_MAN           5800                       100            50                                                               
        141 Trenna     Rajs       TRAJS      650.121.8009         17-OCT-95 ST_CLERK         3500                       124            50                                                               
        142 Curtis     Davies     CDAVIES    650.121.2994         29-JAN-97 ST_CLERK         3100                       124            50                                                               
        143 Randall    Matos      RMATOS     650.121.2874         15-MAR-98 ST_CLERK         2600                       124            50                                                               
        144 Peter      Vargas     PVARGAS    650.121.2004         09-JUL-98 ST_CLERK         2500                       124            50                                                               
        149 Eleni      Zlotkey    EZLOTKEY   011.44.1344.429018   29-JAN-00 SA_MAN          10500             .2        100            80                                                               
        174 Ellen      Abel       EABEL      011.44.1644.429267   11-MAY-96 SA_REP          11000             .3        149            80                                                               
        176 Jonathon   Taylor     JTAYLOR    011.44.1644.429265   24-MAR-98 SA_REP           8600             .3        149            80                                                               
        178 Kimerely   Grant      KGRANT     011.44.1644.429263   24-MAY-99 SA_REP           7000            .15        149                                                                             
        200 Jennifer   Whalen     JWAHLEN    515.123.4444         17-SEP-87 AD_ASST          4400                       101            10                                                               
        201 Michael    Hartstein  MHARTSTE   515.123.5555         17-FEB-96 MK_MAN          13000                       100            20                                                               
        202 Pat        Fay        PFAY       603.123.6666         17-AUG-97 MK_REP           6000                       201            20                                                               
        205 Shelley    Higgins    SHIGGINS   515.123.8080         07-JUN-94 AC_MGR          12000                       101           110                                                               
        206 William    Gietz      WGIETZ     515.123.8181         07-JUN-94 AC_ACCOUNT       8300                       205           110                                                               

20 rows selected.

SQL> selECT * FRom empLOYEEs;

EMPLOYEE_ID FIRST_NAME LAST_NAME  EMAIL      PHONE_NUMBER         HIRE_DATE JOB_ID         SALARY COMMISSION_PCT MANAGER_ID DEPARTMENT_ID                                                               
----------- ---------- ---------- ---------- -------------------- --------- ---------- ---------- -------------- ---------- -------------                                                               
        100 Steven     King       SKING      515.123.4567         17-JUL-87 AD_PRES         24000                                      90                                                               
        101 Neena      Kochhar    NKOCHHAR   515.123.4568         21-SEP-89 AD_VP           17000                       100            90                                                               
        102 Lex        De Haan    LDEHAAN    515.123.4569         13-JAN-93 AD_VP           17000                       100            90                                                               
        103 Alexander  Hunold     AHUNOLD    590.423.4567         03-JAN-90 IT_PROG          9000                       102            60                                                               
        104 Bruce      Ernst      BERNST     590.423.4568         21-MAY-91 IT_PROG          6000                       103            60                                                               
        107 Diana      Lorentz    DLORENTZ   590.423.5567         07-FEB-99 IT_PROG          4200                       103            60                                                               
        124 Kevin      Mourgos    KMOURGOS   650.123.5234         16-NOV-99 ST_MAN           5800                       100            50                                                               
        141 Trenna     Rajs       TRAJS      650.121.8009         17-OCT-95 ST_CLERK         3500                       124            50                                                               
        142 Curtis     Davies     CDAVIES    650.121.2994         29-JAN-97 ST_CLERK         3100                       124            50                                                               
        143 Randall    Matos      RMATOS     650.121.2874         15-MAR-98 ST_CLERK         2600                       124            50                                                               
        144 Peter      Vargas     PVARGAS    650.121.2004         09-JUL-98 ST_CLERK         2500                       124            50                                                               
        149 Eleni      Zlotkey    EZLOTKEY   011.44.1344.429018   29-JAN-00 SA_MAN          10500             .2        100            80                                                               
        174 Ellen      Abel       EABEL      011.44.1644.429267   11-MAY-96 SA_REP          11000             .3        149            80                                                               
        176 Jonathon   Taylor     JTAYLOR    011.44.1644.429265   24-MAR-98 SA_REP           8600             .3        149            80                                                               
        178 Kimerely   Grant      KGRANT     011.44.1644.429263   24-MAY-99 SA_REP           7000            .15        149                                                                             
        200 Jennifer   Whalen     JWAHLEN    515.123.4444         17-SEP-87 AD_ASST          4400                       101            10                                                               
        201 Michael    Hartstein  MHARTSTE   515.123.5555         17-FEB-96 MK_MAN          13000                       100            20                                                               
        202 Pat        Fay        PFAY       603.123.6666         17-AUG-97 MK_REP           6000                       201            20                                                               
        205 Shelley    Higgins    SHIGGINS   515.123.8080         07-JUN-94 AC_MGR          12000                       101           110                                                               
        206 William    Gietz      WGIETZ     515.123.8181         07-JUN-94 AC_ACCOUNT       8300                       205           110                                                               

20 rows selected.

SQL> REM WHILE COMPARING CHARACTER VALUES, SQL/ORACLE IS CASE SENSITIVE.
SQL> 
SQL> REM WHILE COMPARING CHARACTER/ALPHABETIC/ALPHANUMERICAL VALUES, SQL/ORACLE IS CASE SENSITIVE.
SQL> 
SQL> REM SQL : STRUCTURED QUERY LANGUAGE
SQL> 
SQL> REL SQL IS FREE-FLOW LANGUAGE
SP2-0734: unknown command beginning "REL SQL IS..." - rest of line ignored.
SQL> 
SQL> REM SQL IS FREE-FLOW LANGUAGE
SQL> 
SQL> SELECT * FROM EMPLOYEES;

EMPLOYEE_ID FIRST_NAME LAST_NAME  EMAIL      PHONE_NUMBER         HIRE_DATE JOB_ID         SALARY COMMISSION_PCT MANAGER_ID DEPARTMENT_ID                                                               
----------- ---------- ---------- ---------- -------------------- --------- ---------- ---------- -------------- ---------- -------------                                                               
        100 Steven     King       SKING      515.123.4567         17-JUL-87 AD_PRES         24000                                      90                                                               
        101 Neena      Kochhar    NKOCHHAR   515.123.4568         21-SEP-89 AD_VP           17000                       100            90                                                               
        102 Lex        De Haan    LDEHAAN    515.123.4569         13-JAN-93 AD_VP           17000                       100            90                                                               
        103 Alexander  Hunold     AHUNOLD    590.423.4567         03-JAN-90 IT_PROG          9000                       102            60                                                               
        104 Bruce      Ernst      BERNST     590.423.4568         21-MAY-91 IT_PROG          6000                       103            60                                                               
        107 Diana      Lorentz    DLORENTZ   590.423.5567         07-FEB-99 IT_PROG          4200                       103            60                                                               
        124 Kevin      Mourgos    KMOURGOS   650.123.5234         16-NOV-99 ST_MAN           5800                       100            50                                                               
        141 Trenna     Rajs       TRAJS      650.121.8009         17-OCT-95 ST_CLERK         3500                       124            50                                                               
        142 Curtis     Davies     CDAVIES    650.121.2994         29-JAN-97 ST_CLERK         3100                       124            50                                                               
        143 Randall    Matos      RMATOS     650.121.2874         15-MAR-98 ST_CLERK         2600                       124            50                                                               
        144 Peter      Vargas     PVARGAS    650.121.2004         09-JUL-98 ST_CLERK         2500                       124            50                                                               
        149 Eleni      Zlotkey    EZLOTKEY   011.44.1344.429018   29-JAN-00 SA_MAN          10500             .2        100            80                                                               
        174 Ellen      Abel       EABEL      011.44.1644.429267   11-MAY-96 SA_REP          11000             .3        149            80                                                               
        176 Jonathon   Taylor     JTAYLOR    011.44.1644.429265   24-MAR-98 SA_REP           8600             .3        149            80                                                               
        178 Kimerely   Grant      KGRANT     011.44.1644.429263   24-MAY-99 SA_REP           7000            .15        149                                                                             
        200 Jennifer   Whalen     JWAHLEN    515.123.4444         17-SEP-87 AD_ASST          4400                       101            10                                                               
        201 Michael    Hartstein  MHARTSTE   515.123.5555         17-FEB-96 MK_MAN          13000                       100            20                                                               
        202 Pat        Fay        PFAY       603.123.6666         17-AUG-97 MK_REP           6000                       201            20                                                               
        205 Shelley    Higgins    SHIGGINS   515.123.8080         07-JUN-94 AC_MGR          12000                       101           110                                                               
        206 William    Gietz      WGIETZ     515.123.8181         07-JUN-94 AC_ACCOUNT       8300                       205           110                                                               

20 rows selected.

SQL> SELECT
  2  *
  3  FROM
  4  EMPLOYEES;

EMPLOYEE_ID FIRST_NAME LAST_NAME  EMAIL      PHONE_NUMBER         HIRE_DATE JOB_ID         SALARY COMMISSION_PCT MANAGER_ID DEPARTMENT_ID                                                               
----------- ---------- ---------- ---------- -------------------- --------- ---------- ---------- -------------- ---------- -------------                                                               
        100 Steven     King       SKING      515.123.4567         17-JUL-87 AD_PRES         24000                                      90                                                               
        101 Neena      Kochhar    NKOCHHAR   515.123.4568         21-SEP-89 AD_VP           17000                       100            90                                                               
        102 Lex        De Haan    LDEHAAN    515.123.4569         13-JAN-93 AD_VP           17000                       100            90                                                               
        103 Alexander  Hunold     AHUNOLD    590.423.4567         03-JAN-90 IT_PROG          9000                       102            60                                                               
        104 Bruce      Ernst      BERNST     590.423.4568         21-MAY-91 IT_PROG          6000                       103            60                                                               
        107 Diana      Lorentz    DLORENTZ   590.423.5567         07-FEB-99 IT_PROG          4200                       103            60                                                               
        124 Kevin      Mourgos    KMOURGOS   650.123.5234         16-NOV-99 ST_MAN           5800                       100            50                                                               
        141 Trenna     Rajs       TRAJS      650.121.8009         17-OCT-95 ST_CLERK         3500                       124            50                                                               
        142 Curtis     Davies     CDAVIES    650.121.2994         29-JAN-97 ST_CLERK         3100                       124            50                                                               
        143 Randall    Matos      RMATOS     650.121.2874         15-MAR-98 ST_CLERK         2600                       124            50                                                               
        144 Peter      Vargas     PVARGAS    650.121.2004         09-JUL-98 ST_CLERK         2500                       124            50                                                               
        149 Eleni      Zlotkey    EZLOTKEY   011.44.1344.429018   29-JAN-00 SA_MAN          10500             .2        100            80                                                               
        174 Ellen      Abel       EABEL      011.44.1644.429267   11-MAY-96 SA_REP          11000             .3        149            80                                                               
        176 Jonathon   Taylor     JTAYLOR    011.44.1644.429265   24-MAR-98 SA_REP           8600             .3        149            80                                                               
        178 Kimerely   Grant      KGRANT     011.44.1644.429263   24-MAY-99 SA_REP           7000            .15        149                                                                             
        200 Jennifer   Whalen     JWAHLEN    515.123.4444         17-SEP-87 AD_ASST          4400                       101            10                                                               
        201 Michael    Hartstein  MHARTSTE   515.123.5555         17-FEB-96 MK_MAN          13000                       100            20                                                               
        202 Pat        Fay        PFAY       603.123.6666         17-AUG-97 MK_REP           6000                       201            20                                                               
        205 Shelley    Higgins    SHIGGINS   515.123.8080         07-JUN-94 AC_MGR          12000                       101           110                                                               
        206 William    Gietz      WGIETZ     515.123.8181         07-JUN-94 AC_ACCOUNT       8300                       205           110                                                               

20 rows selected.

SQL> SELECT (
  2  
SQL> SELECT *
  2  FRom empLOyees;

EMPLOYEE_ID FIRST_NAME LAST_NAME  EMAIL      PHONE_NUMBER         HIRE_DATE JOB_ID         SALARY COMMISSION_PCT MANAGER_ID DEPARTMENT_ID                                                               
----------- ---------- ---------- ---------- -------------------- --------- ---------- ---------- -------------- ---------- -------------                                                               
        100 Steven     King       SKING      515.123.4567         17-JUL-87 AD_PRES         24000                                      90                                                               
        101 Neena      Kochhar    NKOCHHAR   515.123.4568         21-SEP-89 AD_VP           17000                       100            90                                                               
        102 Lex        De Haan    LDEHAAN    515.123.4569         13-JAN-93 AD_VP           17000                       100            90                                                               
        103 Alexander  Hunold     AHUNOLD    590.423.4567         03-JAN-90 IT_PROG          9000                       102            60                                                               
        104 Bruce      Ernst      BERNST     590.423.4568         21-MAY-91 IT_PROG          6000                       103            60                                                               
        107 Diana      Lorentz    DLORENTZ   590.423.5567         07-FEB-99 IT_PROG          4200                       103            60                                                               
        124 Kevin      Mourgos    KMOURGOS   650.123.5234         16-NOV-99 ST_MAN           5800                       100            50                                                               
        141 Trenna     Rajs       TRAJS      650.121.8009         17-OCT-95 ST_CLERK         3500                       124            50                                                               
        142 Curtis     Davies     CDAVIES    650.121.2994         29-JAN-97 ST_CLERK         3100                       124            50                                                               
        143 Randall    Matos      RMATOS     650.121.2874         15-MAR-98 ST_CLERK         2600                       124            50                                                               
        144 Peter      Vargas     PVARGAS    650.121.2004         09-JUL-98 ST_CLERK         2500                       124            50                                                               
        149 Eleni      Zlotkey    EZLOTKEY   011.44.1344.429018   29-JAN-00 SA_MAN          10500             .2        100            80                                                               
        174 Ellen      Abel       EABEL      011.44.1644.429267   11-MAY-96 SA_REP          11000             .3        149            80                                                               
        176 Jonathon   Taylor     JTAYLOR    011.44.1644.429265   24-MAR-98 SA_REP           8600             .3        149            80                                                               
        178 Kimerely   Grant      KGRANT     011.44.1644.429263   24-MAY-99 SA_REP           7000            .15        149                                                                             
        200 Jennifer   Whalen     JWAHLEN    515.123.4444         17-SEP-87 AD_ASST          4400                       101            10                                                               
        201 Michael    Hartstein  MHARTSTE   515.123.5555         17-FEB-96 MK_MAN          13000                       100            20                                                               
        202 Pat        Fay        PFAY       603.123.6666         17-AUG-97 MK_REP           6000                       201            20                                                               
        205 Shelley    Higgins    SHIGGINS   515.123.8080         07-JUN-94 AC_MGR          12000                       101           110                                                               
        206 William    Gietz      WGIETZ     515.123.8181         07-JUN-94 AC_ACCOUNT       8300                       205           110                                                               

20 rows selected.

SQL> SELECT * FR
  2  OM EMPLOYEES;
SELECT * FR
         *
ERROR at line 1:
ORA-00923: FROM keyword not found where expected 


SQL> REM COLUMN HEADING ARE DISPLAYED IN CAPITAL ALPHABETS
SQL> 
SQL> REM SQL IS CASE RETENTIVE/INSENSITIVE LANGUAGE
SQL> 
SQL> REM SQL IS FREE-FLOW LANGUAGE
SQL> 
SQL> REM * IS META CHARACTER, WHICH REPRESENTS ALL COLUMNS OF THE TABLE
SQL> 
SQL> SELECT * FROM REGIONS;

 REGION_ID REGION_NAME                                                                                                                                                                                  
---------- -------------------------                                                                                                                                                                    
         1 Europe                                                                                                                                                                                       
         2 Americas                                                                                                                                                                                     
         3 Asia                                                                                                                                                                                         
         4 Middle East and Africa                                                                                                                                                                       

SQL> SELECT REGION_ID , REGION_NAME FROM REGIONS;

 REGION_ID REGION_NAME                                                                                                                                                                                  
---------- -------------------------                                                                                                                                                                    
         1 Europe                                                                                                                                                                                       
         2 Americas                                                                                                                                                                                     
         3 Asia                                                                                                                                                                                         
         4 Middle East and Africa                                                                                                                                                                       

SQL> SELECT * FROM DEPARTMENTS;

DEPARTMENT_ID DEPARTMENT_NAME                MANAGER_ID LOCATION_ID                                                                                                                                     
------------- ------------------------------ ---------- -----------                                                                                                                                     
           10 Administration                        200        1700                                                                                                                                     
           20 Marketing                             201        1800                                                                                                                                     
           50 Shiping                               124        1500                                                                                                                                     
           60 IT                                    103        1400                                                                                                                                     
           80 Sales                                 149        2500                                                                                                                                     
           90 Executive                             100        1700                                                                                                                                     
          110 Accounting                            205        1700                                                                                                                                     
          190 Contracting                                      1700                                                                                                                                     

8 rows selected.

SQL> SELECT DEPARTMENT_ID, DEPARTMENT_NAME , MANAGER_ID , LOCATION_ID FROM DEPARTMENTS;

DEPARTMENT_ID DEPARTMENT_NAME                MANAGER_ID LOCATION_ID                                                                                                                                     
------------- ------------------------------ ---------- -----------                                                                                                                                     
           10 Administration                        200        1700                                                                                                                                     
           20 Marketing                             201        1800                                                                                                                                     
           50 Shiping                               124        1500                                                                                                                                     
           60 IT                                    103        1400                                                                                                                                     
           80 Sales                                 149        2500                                                                                                                                     
           90 Executive                             100        1700                                                                                                                                     
          110 Accounting                            205        1700                                                                                                                                     
          190 Contracting                                      1700                                                                                                                                     

8 rows selected.

SQL> REM PROJECTION : DISPLAYING SOME OF THE COLUMNS OF OUR CHOICE INSTEAD OF ALL COLUMNS IN RESULT SET
SQL> 
SQL> SELECT DEPARTMENT_ID FROM DEPARTMENTS;

DEPARTMENT_ID                                                                                                                                                                                           
-------------                                                                                                                                                                                           
           10                                                                                                                                                                                           
           20                                                                                                                                                                                           
           50                                                                                                                                                                                           
           60                                                                                                                                                                                           
           80                                                                                                                                                                                           
           90                                                                                                                                                                                           
          110                                                                                                                                                                                           
          190                                                                                                                                                                                           

8 rows selected.

SQL> SELECT DEPARTMENT_ID , DEPARTMENT_NAME FROM DEPARTMENTS;

DEPARTMENT_ID DEPARTMENT_NAME                                                                                                                                                                           
------------- ------------------------------                                                                                                                                                            
           10 Administration                                                                                                                                                                            
           20 Marketing                                                                                                                                                                                 
           50 Shiping                                                                                                                                                                                   
           60 IT                                                                                                                                                                                        
           80 Sales                                                                                                                                                                                     
           90 Executive                                                                                                                                                                                 
          110 Accounting                                                                                                                                                                                
          190 Contracting                                                                                                                                                                               

8 rows selected.

SQL> SELECT DEPARTMENT_NAME , DEPARTMENT_ID FROM DEPARTMENTS;

DEPARTMENT_NAME                DEPARTMENT_ID                                                                                                                                                            
------------------------------ -------------                                                                                                                                                            
Administration                            10                                                                                                                                                            
Marketing                                 20                                                                                                                                                            
Shiping                                   50                                                                                                                                                            
IT                                        60                                                                                                                                                            
Sales                                     80                                                                                                                                                            
Executive                                 90                                                                                                                                                            
Accounting                               110                                                                                                                                                            
Contracting                              190                                                                                                                                                            

8 rows selected.

SQL> SELECT DEPARTMENT_NAME DEPARTMENT_ID FROM DEPARTMENTS;

DEPARTMENT_ID                                                                                                                                                                                           
------------------------------                                                                                                                                                                          
Administration                                                                                                                                                                                          
Marketing                                                                                                                                                                                               
Shiping                                                                                                                                                                                                 
IT                                                                                                                                                                                                      
Sales                                                                                                                                                                                                   
Executive                                                                                                                                                                                               
Accounting                                                                                                                                                                                              
Contracting                                                                                                                                                                                             

8 rows selected.

SQL> SELECT * FROM EMPLOYEES;

EMPLOYEE_ID FIRST_NAME LAST_NAME  EMAIL      PHONE_NUMBER         HIRE_DATE JOB_ID         SALARY COMMISSION_PCT MANAGER_ID DEPARTMENT_ID                                                               
----------- ---------- ---------- ---------- -------------------- --------- ---------- ---------- -------------- ---------- -------------                                                               
        100 Steven     King       SKING      515.123.4567         17-JUL-87 AD_PRES         24000                                      90                                                               
        101 Neena      Kochhar    NKOCHHAR   515.123.4568         21-SEP-89 AD_VP           17000                       100            90                                                               
        102 Lex        De Haan    LDEHAAN    515.123.4569         13-JAN-93 AD_VP           17000                       100            90                                                               
        103 Alexander  Hunold     AHUNOLD    590.423.4567         03-JAN-90 IT_PROG          9000                       102            60                                                               
        104 Bruce      Ernst      BERNST     590.423.4568         21-MAY-91 IT_PROG          6000                       103            60                                                               
        107 Diana      Lorentz    DLORENTZ   590.423.5567         07-FEB-99 IT_PROG          4200                       103            60                                                               
        124 Kevin      Mourgos    KMOURGOS   650.123.5234         16-NOV-99 ST_MAN           5800                       100            50                                                               
        141 Trenna     Rajs       TRAJS      650.121.8009         17-OCT-95 ST_CLERK         3500                       124            50                                                               
        142 Curtis     Davies     CDAVIES    650.121.2994         29-JAN-97 ST_CLERK         3100                       124            50                                                               
        143 Randall    Matos      RMATOS     650.121.2874         15-MAR-98 ST_CLERK         2600                       124            50                                                               
        144 Peter      Vargas     PVARGAS    650.121.2004         09-JUL-98 ST_CLERK         2500                       124            50                                                               
        149 Eleni      Zlotkey    EZLOTKEY   011.44.1344.429018   29-JAN-00 SA_MAN          10500             .2        100            80                                                               
        174 Ellen      Abel       EABEL      011.44.1644.429267   11-MAY-96 SA_REP          11000             .3        149            80                                                               
        176 Jonathon   Taylor     JTAYLOR    011.44.1644.429265   24-MAR-98 SA_REP           8600             .3        149            80                                                               
        178 Kimerely   Grant      KGRANT     011.44.1644.429263   24-MAY-99 SA_REP           7000            .15        149                                                                             
        200 Jennifer   Whalen     JWAHLEN    515.123.4444         17-SEP-87 AD_ASST          4400                       101            10                                                               
        201 Michael    Hartstein  MHARTSTE   515.123.5555         17-FEB-96 MK_MAN          13000                       100            20                                                               
        202 Pat        Fay        PFAY       603.123.6666         17-AUG-97 MK_REP           6000                       201            20                                                               
        205 Shelley    Higgins    SHIGGINS   515.123.8080         07-JUN-94 AC_MGR          12000                       101           110                                                               
        206 William    Gietz      WGIETZ     515.123.8181         07-JUN-94 AC_ACCOUNT       8300                       205           110                                                               

20 rows selected.

SQL> SELECT SALARY FROM EMPLOYEES;

    SALARY                                                                                                                                                                                              
----------                                                                                                                                                                                              
     24000                                                                                                                                                                                              
     17000                                                                                                                                                                                              
     17000                                                                                                                                                                                              
      9000                                                                                                                                                                                              
      6000                                                                                                                                                                                              
      4200                                                                                                                                                                                              
      5800                                                                                                                                                                                              
      3500                                                                                                                                                                                              
      3100                                                                                                                                                                                              
      2600                                                                                                                                                                                              
      2500                                                                                                                                                                                              
     10500                                                                                                                                                                                              
     11000                                                                                                                                                                                              
      8600                                                                                                                                                                                              
      7000                                                                                                                                                                                              
      4400                                                                                                                                                                                              
     13000                                                                                                                                                                                              
      6000                                                                                                                                                                                              
     12000                                                                                                                                                                                              
      8300                                                                                                                                                                                              

20 rows selected.

SQL> SELECT SALARY , JOB_ID FROM EMPLOYEES;

    SALARY JOB_ID                                                                                                                                                                                       
---------- ----------                                                                                                                                                                                   
     24000 AD_PRES                                                                                                                                                                                      
     17000 AD_VP                                                                                                                                                                                        
     17000 AD_VP                                                                                                                                                                                        
      9000 IT_PROG                                                                                                                                                                                      
      6000 IT_PROG                                                                                                                                                                                      
      4200 IT_PROG                                                                                                                                                                                      
      5800 ST_MAN                                                                                                                                                                                       
      3500 ST_CLERK                                                                                                                                                                                     
      3100 ST_CLERK                                                                                                                                                                                     
      2600 ST_CLERK                                                                                                                                                                                     
      2500 ST_CLERK                                                                                                                                                                                     
     10500 SA_MAN                                                                                                                                                                                       
     11000 SA_REP                                                                                                                                                                                       
      8600 SA_REP                                                                                                                                                                                       
      7000 SA_REP                                                                                                                                                                                       
      4400 AD_ASST                                                                                                                                                                                      
     13000 MK_MAN                                                                                                                                                                                       
      6000 MK_REP                                                                                                                                                                                       
     12000 AC_MGR                                                                                                                                                                                       
      8300 AC_ACCOUNT                                                                                                                                                                                   

20 rows selected.

SQL> SELECT SALARY  JOB_ID FROM EMPLOYEES;

    JOB_ID                                                                                                                                                                                              
----------                                                                                                                                                                                              
     24000                                                                                                                                                                                              
     17000                                                                                                                                                                                              
     17000                                                                                                                                                                                              
      9000                                                                                                                                                                                              
      6000                                                                                                                                                                                              
      4200                                                                                                                                                                                              
      5800                                                                                                                                                                                              
      3500                                                                                                                                                                                              
      3100                                                                                                                                                                                              
      2600                                                                                                                                                                                              
      2500                                                                                                                                                                                              
     10500                                                                                                                                                                                              
     11000                                                                                                                                                                                              
      8600                                                                                                                                                                                              
      7000                                                                                                                                                                                              
      4400                                                                                                                                                                                              
     13000                                                                                                                                                                                              
      6000                                                                                                                                                                                              
     12000                                                                                                                                                                                              
      8300                                                                                                                                                                                              

20 rows selected.

SQL> SELECT * FROM REGIONS;

 REGION_ID REGION_NAME                                                                                                                                                                                  
---------- -------------------------                                                                                                                                                                    
         1 Europe                                                                                                                                                                                       
         2 Americas                                                                                                                                                                                     
         3 Asia                                                                                                                                                                                         
         4 Middle East and Africa                                                                                                                                                                       

SQL> SELECT ROWID , * FROM REGIONS;
SELECT ROWID , * FROM REGIONS
               *
ERROR at line 1:
ORA-00936: missing expression 


SQL> REM * HAS TWO MEANINGS
SQL> 
SQL> REM IF WE USE ONLY * BETWEEN SELECT AND FROM, IT IS USED AS META CHARACTER AND SO WILL DISPLAY ALL COLUMNS OF THE TABLE
SQL> 
SQL> REM IF WE USE SOME EXTRA ITEM WITH * BETWEEN SELECT AND FROM, IT IS USED AS ARITHMETIC OPERATOR FOR MULTIPLICATION.
SQL> 
SQL> 
SQL> REM TO USE * AS META CHARACTER WE NEED TO QUALIFY * WITH 1 TABLE ALIAS 2 TABLE NAME
SQL> 
SQL> SELECT ROWID , * FROM REGIONS;
SELECT ROWID , * FROM REGIONS
               *
ERROR at line 1:
ORA-00936: missing expression 


SQL> SELECT ROWID , REGIONS.* FROM REGIONS;

ROWID               REGION_ID REGION_NAME                                                                                                                                                               
------------------ ---------- -------------------------                                                                                                                                                 
AAASQyAAHAAAAHjAAA          1 Europe                                                                                                                                                                    
AAASQyAAHAAAAHjAAB          2 Americas                                                                                                                                                                  
AAASQyAAHAAAAHjAAC          3 Asia                                                                                                                                                                      
AAASQyAAHAAAAHjAAD          4 Middle East and Africa                                                                                                                                                    

SQL> SELECT ROWID , R.* FROM REGIONS R;

ROWID               REGION_ID REGION_NAME                                                                                                                                                               
------------------ ---------- -------------------------                                                                                                                                                 
AAASQyAAHAAAAHjAAA          1 Europe                                                                                                                                                                    
AAASQyAAHAAAAHjAAB          2 Americas                                                                                                                                                                  
AAASQyAAHAAAAHjAAC          3 Asia                                                                                                                                                                      
AAASQyAAHAAAAHjAAD          4 Middle East and Africa                                                                                                                                                    

SQL> SELECT ROWID , REGIONS.* FROM REGIONS R;
SELECT ROWID , REGIONS.* FROM REGIONS R
                       *
ERROR at line 1:
ORA-00904: "REGIONS": invalid identifier 


SQL> SELECT ROWID , R.* FROM REGIONS;
SELECT ROWID , R.* FROM REGIONS
                 *
ERROR at line 1:
ORA-00904: "R": invalid identifier 


SQL> SELECT ROWID , T.* FROM EMPLOYEES T;

ROWID              EMPLOYEE_ID FIRST_NAME LAST_NAME  EMAIL      PHONE_NUMBER         HIRE_DATE JOB_ID         SALARY COMMISSION_PCT MANAGER_ID DEPARTMENT_ID                                            
------------------ ----------- ---------- ---------- ---------- -------------------- --------- ---------- ---------- -------------- ---------- -------------                                            
AAASQsAAHAAAAGrAAA         100 Steven     King       SKING      515.123.4567         17-JUL-87 AD_PRES         24000                                      90                                            
AAASQsAAHAAAAGrAAB         101 Neena      Kochhar    NKOCHHAR   515.123.4568         21-SEP-89 AD_VP           17000                       100            90                                            
AAASQsAAHAAAAGrAAC         102 Lex        De Haan    LDEHAAN    515.123.4569         13-JAN-93 AD_VP           17000                       100            90                                            
AAASQsAAHAAAAGrAAD         103 Alexander  Hunold     AHUNOLD    590.423.4567         03-JAN-90 IT_PROG          9000                       102            60                                            
AAASQsAAHAAAAGrAAE         104 Bruce      Ernst      BERNST     590.423.4568         21-MAY-91 IT_PROG          6000                       103            60                                            
AAASQsAAHAAAAGrAAF         107 Diana      Lorentz    DLORENTZ   590.423.5567         07-FEB-99 IT_PROG          4200                       103            60                                            
AAASQsAAHAAAAGrAAG         124 Kevin      Mourgos    KMOURGOS   650.123.5234         16-NOV-99 ST_MAN           5800                       100            50                                            
AAASQsAAHAAAAGrAAH         141 Trenna     Rajs       TRAJS      650.121.8009         17-OCT-95 ST_CLERK         3500                       124            50                                            
AAASQsAAHAAAAGrAAI         142 Curtis     Davies     CDAVIES    650.121.2994         29-JAN-97 ST_CLERK         3100                       124            50                                            
AAASQsAAHAAAAGrAAJ         143 Randall    Matos      RMATOS     650.121.2874         15-MAR-98 ST_CLERK         2600                       124            50                                            
AAASQsAAHAAAAGrAAK         144 Peter      Vargas     PVARGAS    650.121.2004         09-JUL-98 ST_CLERK         2500                       124            50                                            
AAASQsAAHAAAAGrAAL         149 Eleni      Zlotkey    EZLOTKEY   011.44.1344.429018   29-JAN-00 SA_MAN          10500             .2        100            80                                            
AAASQsAAHAAAAGrAAM         174 Ellen      Abel       EABEL      011.44.1644.429267   11-MAY-96 SA_REP          11000             .3        149            80                                            
AAASQsAAHAAAAGrAAN         176 Jonathon   Taylor     JTAYLOR    011.44.1644.429265   24-MAR-98 SA_REP           8600             .3        149            80                                            
AAASQsAAHAAAAGrAAO         178 Kimerely   Grant      KGRANT     011.44.1644.429263   24-MAY-99 SA_REP           7000            .15        149                                                          
AAASQsAAHAAAAGrAAP         200 Jennifer   Whalen     JWAHLEN    515.123.4444         17-SEP-87 AD_ASST          4400                       101            10                                            
AAASQsAAHAAAAGrAAQ         201 Michael    Hartstein  MHARTSTE   515.123.5555         17-FEB-96 MK_MAN          13000                       100            20                                            
AAASQsAAHAAAAGrAAR         202 Pat        Fay        PFAY       603.123.6666         17-AUG-97 MK_REP           6000                       201            20                                            
AAASQsAAHAAAAGrAAS         205 Shelley    Higgins    SHIGGINS   515.123.8080         07-JUN-94 AC_MGR          12000                       101           110                                            
AAASQsAAHAAAAGrAAT         206 William    Gietz      WGIETZ     515.123.8181         07-JUN-94 AC_ACCOUNT       8300                       205           110                                            

20 rows selected.

SQL> SELECT ROWID , EMPLOYEES.* FROM EMPLOYEES T;
SELECT ROWID , EMPLOYEES.* FROM EMPLOYEES T
                         *
ERROR at line 1:
ORA-00904: "EMPLOYEES": invalid identifier 


SQL> SELECT ROWID , T.* FROM EMPLOYEES T;

ROWID              EMPLOYEE_ID FIRST_NAME LAST_NAME  EMAIL      PHONE_NUMBER         HIRE_DATE JOB_ID         SALARY COMMISSION_PCT MANAGER_ID DEPARTMENT_ID                                            
------------------ ----------- ---------- ---------- ---------- -------------------- --------- ---------- ---------- -------------- ---------- -------------                                            
AAASQsAAHAAAAGrAAA         100 Steven     King       SKING      515.123.4567         17-JUL-87 AD_PRES         24000                                      90                                            
AAASQsAAHAAAAGrAAB         101 Neena      Kochhar    NKOCHHAR   515.123.4568         21-SEP-89 AD_VP           17000                       100            90                                            
AAASQsAAHAAAAGrAAC         102 Lex        De Haan    LDEHAAN    515.123.4569         13-JAN-93 AD_VP           17000                       100            90                                            
AAASQsAAHAAAAGrAAD         103 Alexander  Hunold     AHUNOLD    590.423.4567         03-JAN-90 IT_PROG          9000                       102            60                                            
AAASQsAAHAAAAGrAAE         104 Bruce      Ernst      BERNST     590.423.4568         21-MAY-91 IT_PROG          6000                       103            60                                            
AAASQsAAHAAAAGrAAF         107 Diana      Lorentz    DLORENTZ   590.423.5567         07-FEB-99 IT_PROG          4200                       103            60                                            
AAASQsAAHAAAAGrAAG         124 Kevin      Mourgos    KMOURGOS   650.123.5234         16-NOV-99 ST_MAN           5800                       100            50                                            
AAASQsAAHAAAAGrAAH         141 Trenna     Rajs       TRAJS      650.121.8009         17-OCT-95 ST_CLERK         3500                       124            50                                            
AAASQsAAHAAAAGrAAI         142 Curtis     Davies     CDAVIES    650.121.2994         29-JAN-97 ST_CLERK         3100                       124            50                                            
AAASQsAAHAAAAGrAAJ         143 Randall    Matos      RMATOS     650.121.2874         15-MAR-98 ST_CLERK         2600                       124            50                                            
AAASQsAAHAAAAGrAAK         144 Peter      Vargas     PVARGAS    650.121.2004         09-JUL-98 ST_CLERK         2500                       124            50                                            
AAASQsAAHAAAAGrAAL         149 Eleni      Zlotkey    EZLOTKEY   011.44.1344.429018   29-JAN-00 SA_MAN          10500             .2        100            80                                            
AAASQsAAHAAAAGrAAM         174 Ellen      Abel       EABEL      011.44.1644.429267   11-MAY-96 SA_REP          11000             .3        149            80                                            
AAASQsAAHAAAAGrAAN         176 Jonathon   Taylor     JTAYLOR    011.44.1644.429265   24-MAR-98 SA_REP           8600             .3        149            80                                            
AAASQsAAHAAAAGrAAO         178 Kimerely   Grant      KGRANT     011.44.1644.429263   24-MAY-99 SA_REP           7000            .15        149                                                          
AAASQsAAHAAAAGrAAP         200 Jennifer   Whalen     JWAHLEN    515.123.4444         17-SEP-87 AD_ASST          4400                       101            10                                            
AAASQsAAHAAAAGrAAQ         201 Michael    Hartstein  MHARTSTE   515.123.5555         17-FEB-96 MK_MAN          13000                       100            20                                            
AAASQsAAHAAAAGrAAR         202 Pat        Fay        PFAY       603.123.6666         17-AUG-97 MK_REP           6000                       201            20                                            
AAASQsAAHAAAAGrAAS         205 Shelley    Higgins    SHIGGINS   515.123.8080         07-JUN-94 AC_MGR          12000                       101           110                                            
AAASQsAAHAAAAGrAAT         206 William    Gietz      WGIETZ     515.123.8181         07-JUN-94 AC_ACCOUNT       8300                       205           110                                            

20 rows selected.

SQL> REM ROWID : IS UNIQUE ROW ADDRESS, WHICH IS GENERATED AUTOMATICALLY BY ORACLE
SQL> 
SQL> SELECT FIRST_NAME SALARY FROM EMPLOYEES;

SALARY                                                                                                                                                                                                  
----------                                                                                                                                                                                              
Steven                                                                                                                                                                                                  
Neena                                                                                                                                                                                                   
Lex                                                                                                                                                                                                     
Alexander                                                                                                                                                                                               
Bruce                                                                                                                                                                                                   
Diana                                                                                                                                                                                                   
Kevin                                                                                                                                                                                                   
Trenna                                                                                                                                                                                                  
Curtis                                                                                                                                                                                                  
Randall                                                                                                                                                                                                 
Peter                                                                                                                                                                                                   
Eleni                                                                                                                                                                                                   
Ellen                                                                                                                                                                                                   
Jonathon                                                                                                                                                                                                
Kimerely                                                                                                                                                                                                
Jennifer                                                                                                                                                                                                
Michael                                                                                                                                                                                                 
Pat                                                                                                                                                                                                     
Shelley                                                                                                                                                                                                 
William                                                                                                                                                                                                 

20 rows selected.

SQL> SELECT ROWID , RT.* FROM EMPLOYEES RT;

ROWID              EMPLOYEE_ID FIRST_NAME LAST_NAME  EMAIL      PHONE_NUMBER         HIRE_DATE JOB_ID         SALARY COMMISSION_PCT MANAGER_ID DEPARTMENT_ID                                            
------------------ ----------- ---------- ---------- ---------- -------------------- --------- ---------- ---------- -------------- ---------- -------------                                            
AAASQsAAHAAAAGrAAA         100 Steven     King       SKING      515.123.4567         17-JUL-87 AD_PRES         24000                                      90                                            
AAASQsAAHAAAAGrAAB         101 Neena      Kochhar    NKOCHHAR   515.123.4568         21-SEP-89 AD_VP           17000                       100            90                                            
AAASQsAAHAAAAGrAAC         102 Lex        De Haan    LDEHAAN    515.123.4569         13-JAN-93 AD_VP           17000                       100            90                                            
AAASQsAAHAAAAGrAAD         103 Alexander  Hunold     AHUNOLD    590.423.4567         03-JAN-90 IT_PROG          9000                       102            60                                            
AAASQsAAHAAAAGrAAE         104 Bruce      Ernst      BERNST     590.423.4568         21-MAY-91 IT_PROG          6000                       103            60                                            
AAASQsAAHAAAAGrAAF         107 Diana      Lorentz    DLORENTZ   590.423.5567         07-FEB-99 IT_PROG          4200                       103            60                                            
AAASQsAAHAAAAGrAAG         124 Kevin      Mourgos    KMOURGOS   650.123.5234         16-NOV-99 ST_MAN           5800                       100            50                                            
AAASQsAAHAAAAGrAAH         141 Trenna     Rajs       TRAJS      650.121.8009         17-OCT-95 ST_CLERK         3500                       124            50                                            
AAASQsAAHAAAAGrAAI         142 Curtis     Davies     CDAVIES    650.121.2994         29-JAN-97 ST_CLERK         3100                       124            50                                            
AAASQsAAHAAAAGrAAJ         143 Randall    Matos      RMATOS     650.121.2874         15-MAR-98 ST_CLERK         2600                       124            50                                            
AAASQsAAHAAAAGrAAK         144 Peter      Vargas     PVARGAS    650.121.2004         09-JUL-98 ST_CLERK         2500                       124            50                                            
AAASQsAAHAAAAGrAAL         149 Eleni      Zlotkey    EZLOTKEY   011.44.1344.429018   29-JAN-00 SA_MAN          10500             .2        100            80                                            
AAASQsAAHAAAAGrAAM         174 Ellen      Abel       EABEL      011.44.1644.429267   11-MAY-96 SA_REP          11000             .3        149            80                                            
AAASQsAAHAAAAGrAAN         176 Jonathon   Taylor     JTAYLOR    011.44.1644.429265   24-MAR-98 SA_REP           8600             .3        149            80                                            
AAASQsAAHAAAAGrAAO         178 Kimerely   Grant      KGRANT     011.44.1644.429263   24-MAY-99 SA_REP           7000            .15        149                                                          
AAASQsAAHAAAAGrAAP         200 Jennifer   Whalen     JWAHLEN    515.123.4444         17-SEP-87 AD_ASST          4400                       101            10                                            
AAASQsAAHAAAAGrAAQ         201 Michael    Hartstein  MHARTSTE   515.123.5555         17-FEB-96 MK_MAN          13000                       100            20                                            
AAASQsAAHAAAAGrAAR         202 Pat        Fay        PFAY       603.123.6666         17-AUG-97 MK_REP           6000                       201            20                                            
AAASQsAAHAAAAGrAAS         205 Shelley    Higgins    SHIGGINS   515.123.8080         07-JUN-94 AC_MGR          12000                       101           110                                            
AAASQsAAHAAAAGrAAT         206 William    Gietz      WGIETZ     515.123.8181         07-JUN-94 AC_ACCOUNT       8300                       205           110                                            

20 rows selected.

SQL> SELECT ROWID , FIRST_NAME SALARY FROM EMPLOYEES;

ROWID              SALARY                                                                                                                                                                               
------------------ ----------                                                                                                                                                                           
AAASQsAAHAAAAGrAAA Steven                                                                                                                                                                               
AAASQsAAHAAAAGrAAB Neena                                                                                                                                                                                
AAASQsAAHAAAAGrAAC Lex                                                                                                                                                                                  
AAASQsAAHAAAAGrAAD Alexander                                                                                                                                                                            
AAASQsAAHAAAAGrAAE Bruce                                                                                                                                                                                
AAASQsAAHAAAAGrAAF Diana                                                                                                                                                                                
AAASQsAAHAAAAGrAAG Kevin                                                                                                                                                                                
AAASQsAAHAAAAGrAAH Trenna                                                                                                                                                                               
AAASQsAAHAAAAGrAAI Curtis                                                                                                                                                                               
AAASQsAAHAAAAGrAAJ Randall                                                                                                                                                                              
AAASQsAAHAAAAGrAAK Peter                                                                                                                                                                                
AAASQsAAHAAAAGrAAL Eleni                                                                                                                                                                                
AAASQsAAHAAAAGrAAM Ellen                                                                                                                                                                                
AAASQsAAHAAAAGrAAN Jonathon                                                                                                                                                                             
AAASQsAAHAAAAGrAAO Kimerely                                                                                                                                                                             
AAASQsAAHAAAAGrAAP Jennifer                                                                                                                                                                             
AAASQsAAHAAAAGrAAQ Michael                                                                                                                                                                              
AAASQsAAHAAAAGrAAR Pat                                                                                                                                                                                  
AAASQsAAHAAAAGrAAS Shelley                                                                                                                                                                              
AAASQsAAHAAAAGrAAT William                                                                                                                                                                              

20 rows selected.

SQL> SELECT ROWID FIRST_NAME SALARY FROM EMPLOYEES;
SELECT ROWID FIRST_NAME SALARY FROM EMPLOYEES
                        *
ERROR at line 1:
ORA-00923: FROM keyword not found where expected 


SQL> SELECT ROWID FIRST_NAME, SALARY FROM EMPLOYEES;

FIRST_NAME             SALARY                                                                                                                                                                           
------------------ ----------                                                                                                                                                                           
AAASQsAAHAAAAGrAAA      24000                                                                                                                                                                           
AAASQsAAHAAAAGrAAB      17000                                                                                                                                                                           
AAASQsAAHAAAAGrAAC      17000                                                                                                                                                                           
AAASQsAAHAAAAGrAAD       9000                                                                                                                                                                           
AAASQsAAHAAAAGrAAE       6000                                                                                                                                                                           
AAASQsAAHAAAAGrAAF       4200                                                                                                                                                                           
AAASQsAAHAAAAGrAAG       5800                                                                                                                                                                           
AAASQsAAHAAAAGrAAH       3500                                                                                                                                                                           
AAASQsAAHAAAAGrAAI       3100                                                                                                                                                                           
AAASQsAAHAAAAGrAAJ       2600                                                                                                                                                                           
AAASQsAAHAAAAGrAAK       2500                                                                                                                                                                           
AAASQsAAHAAAAGrAAL      10500                                                                                                                                                                           
AAASQsAAHAAAAGrAAM      11000                                                                                                                                                                           
AAASQsAAHAAAAGrAAN       8600                                                                                                                                                                           
AAASQsAAHAAAAGrAAO       7000                                                                                                                                                                           
AAASQsAAHAAAAGrAAP       4400                                                                                                                                                                           
AAASQsAAHAAAAGrAAQ      13000                                                                                                                                                                           
AAASQsAAHAAAAGrAAR       6000                                                                                                                                                                           
AAASQsAAHAAAAGrAAS      12000                                                                                                                                                                           
AAASQsAAHAAAAGrAAT       8300                                                                                                                                                                           

20 rows selected.

SQL> SELECT FIRST_NAME, SALARY FROM EMPLOYEES;

FIRST_NAME     SALARY                                                                                                                                                                                   
---------- ----------                                                                                                                                                                                   
Steven          24000                                                                                                                                                                                   
Neena           17000                                                                                                                                                                                   
Lex             17000                                                                                                                                                                                   
Alexander        9000                                                                                                                                                                                   
Bruce            6000                                                                                                                                                                                   
Diana            4200                                                                                                                                                                                   
Kevin            5800                                                                                                                                                                                   
Trenna           3500                                                                                                                                                                                   
Curtis           3100                                                                                                                                                                                   
Randall          2600                                                                                                                                                                                   
Peter            2500                                                                                                                                                                                   
Eleni           10500                                                                                                                                                                                   
Ellen           11000                                                                                                                                                                                   
Jonathon         8600                                                                                                                                                                                   
Kimerely         7000                                                                                                                                                                                   
Jennifer         4400                                                                                                                                                                                   
Michael         13000                                                                                                                                                                                   
Pat              6000                                                                                                                                                                                   
Shelley         12000                                                                                                                                                                                   
William          8300                                                                                                                                                                                   

20 rows selected.

SQL> SELECT SALARY , HIRE_DATE JOB_ID , ROWID FROM EMPLOYEES;

    SALARY JOB_ID    ROWID                                                                                                                                                                              
---------- --------- ------------------                                                                                                                                                                 
     24000 17-JUL-87 AAASQsAAHAAAAGrAAA                                                                                                                                                                 
     17000 21-SEP-89 AAASQsAAHAAAAGrAAB                                                                                                                                                                 
     17000 13-JAN-93 AAASQsAAHAAAAGrAAC                                                                                                                                                                 
      9000 03-JAN-90 AAASQsAAHAAAAGrAAD                                                                                                                                                                 
      6000 21-MAY-91 AAASQsAAHAAAAGrAAE                                                                                                                                                                 
      4200 07-FEB-99 AAASQsAAHAAAAGrAAF                                                                                                                                                                 
      5800 16-NOV-99 AAASQsAAHAAAAGrAAG                                                                                                                                                                 
      3500 17-OCT-95 AAASQsAAHAAAAGrAAH                                                                                                                                                                 
      3100 29-JAN-97 AAASQsAAHAAAAGrAAI                                                                                                                                                                 
      2600 15-MAR-98 AAASQsAAHAAAAGrAAJ                                                                                                                                                                 
      2500 09-JUL-98 AAASQsAAHAAAAGrAAK                                                                                                                                                                 
     10500 29-JAN-00 AAASQsAAHAAAAGrAAL                                                                                                                                                                 
     11000 11-MAY-96 AAASQsAAHAAAAGrAAM                                                                                                                                                                 
      8600 24-MAR-98 AAASQsAAHAAAAGrAAN                                                                                                                                                                 
      7000 24-MAY-99 AAASQsAAHAAAAGrAAO                                                                                                                                                                 
      4400 17-SEP-87 AAASQsAAHAAAAGrAAP                                                                                                                                                                 
     13000 17-FEB-96 AAASQsAAHAAAAGrAAQ                                                                                                                                                                 
      6000 17-AUG-97 AAASQsAAHAAAAGrAAR                                                                                                                                                                 
     12000 07-JUN-94 AAASQsAAHAAAAGrAAS                                                                                                                                                                 
      8300 07-JUN-94 AAASQsAAHAAAAGrAAT                                                                                                                                                                 

20 rows selected.

SQL> SELECT SALARY , HIRE_DATE JOB_ID , ROWID, *.E FROM EMPLOYEES E;
SELECT SALARY , HIRE_DATE JOB_ID , ROWID, *.E FROM EMPLOYEES E
                                          *
ERROR at line 1:
ORA-00936: missing expression 


SQL> REM E.*
SQL> 
SQL> SELECT SALARY * 12 , * FROM EMPLOYEES;
SELECT SALARY * 12 , * FROM EMPLOYEES
                     *
ERROR at line 1:
ORA-00936: missing expression 


SQL> SELECT SALARY * 12 , EMPLOYEES.* FROM EMPLOYEES;

 SALARY*12 EMPLOYEE_ID FIRST_NAME LAST_NAME  EMAIL      PHONE_NUMBER         HIRE_DATE JOB_ID         SALARY COMMISSION_PCT MANAGER_ID DEPARTMENT_ID                                                    
---------- ----------- ---------- ---------- ---------- -------------------- --------- ---------- ---------- -------------- ---------- -------------                                                    
    288000         100 Steven     King       SKING      515.123.4567         17-JUL-87 AD_PRES         24000                                      90                                                    
    204000         101 Neena      Kochhar    NKOCHHAR   515.123.4568         21-SEP-89 AD_VP           17000                       100            90                                                    
    204000         102 Lex        De Haan    LDEHAAN    515.123.4569         13-JAN-93 AD_VP           17000                       100            90                                                    
    108000         103 Alexander  Hunold     AHUNOLD    590.423.4567         03-JAN-90 IT_PROG          9000                       102            60                                                    
     72000         104 Bruce      Ernst      BERNST     590.423.4568         21-MAY-91 IT_PROG          6000                       103            60                                                    
     50400         107 Diana      Lorentz    DLORENTZ   590.423.5567         07-FEB-99 IT_PROG          4200                       103            60                                                    
     69600         124 Kevin      Mourgos    KMOURGOS   650.123.5234         16-NOV-99 ST_MAN           5800                       100            50                                                    
     42000         141 Trenna     Rajs       TRAJS      650.121.8009         17-OCT-95 ST_CLERK         3500                       124            50                                                    
     37200         142 Curtis     Davies     CDAVIES    650.121.2994         29-JAN-97 ST_CLERK         3100                       124            50                                                    
     31200         143 Randall    Matos      RMATOS     650.121.2874         15-MAR-98 ST_CLERK         2600                       124            50                                                    
     30000         144 Peter      Vargas     PVARGAS    650.121.2004         09-JUL-98 ST_CLERK         2500                       124            50                                                    
    126000         149 Eleni      Zlotkey    EZLOTKEY   011.44.1344.429018   29-JAN-00 SA_MAN          10500             .2        100            80                                                    
    132000         174 Ellen      Abel       EABEL      011.44.1644.429267   11-MAY-96 SA_REP          11000             .3        149            80                                                    
    103200         176 Jonathon   Taylor     JTAYLOR    011.44.1644.429265   24-MAR-98 SA_REP           8600             .3        149            80                                                    
     84000         178 Kimerely   Grant      KGRANT     011.44.1644.429263   24-MAY-99 SA_REP           7000            .15        149                                                                  
     52800         200 Jennifer   Whalen     JWAHLEN    515.123.4444         17-SEP-87 AD_ASST          4400                       101            10                                                    
    156000         201 Michael    Hartstein  MHARTSTE   515.123.5555         17-FEB-96 MK_MAN          13000                       100            20                                                    
     72000         202 Pat        Fay        PFAY       603.123.6666         17-AUG-97 MK_REP           6000                       201            20                                                    
    144000         205 Shelley    Higgins    SHIGGINS   515.123.8080         07-JUN-94 AC_MGR          12000                       101           110                                                    
     99600         206 William    Gietz      WGIETZ     515.123.8181         07-JUN-94 AC_ACCOUNT       8300                       205           110                                                    

20 rows selected.

SQL> SELECT SALARY * 12 , E.* FROM EMPLOYEES E;

 SALARY*12 EMPLOYEE_ID FIRST_NAME LAST_NAME  EMAIL      PHONE_NUMBER         HIRE_DATE JOB_ID         SALARY COMMISSION_PCT MANAGER_ID DEPARTMENT_ID                                                    
---------- ----------- ---------- ---------- ---------- -------------------- --------- ---------- ---------- -------------- ---------- -------------                                                    
    288000         100 Steven     King       SKING      515.123.4567         17-JUL-87 AD_PRES         24000                                      90                                                    
    204000         101 Neena      Kochhar    NKOCHHAR   515.123.4568         21-SEP-89 AD_VP           17000                       100            90                                                    
    204000         102 Lex        De Haan    LDEHAAN    515.123.4569         13-JAN-93 AD_VP           17000                       100            90                                                    
    108000         103 Alexander  Hunold     AHUNOLD    590.423.4567         03-JAN-90 IT_PROG          9000                       102            60                                                    
     72000         104 Bruce      Ernst      BERNST     590.423.4568         21-MAY-91 IT_PROG          6000                       103            60                                                    
     50400         107 Diana      Lorentz    DLORENTZ   590.423.5567         07-FEB-99 IT_PROG          4200                       103            60                                                    
     69600         124 Kevin      Mourgos    KMOURGOS   650.123.5234         16-NOV-99 ST_MAN           5800                       100            50                                                    
     42000         141 Trenna     Rajs       TRAJS      650.121.8009         17-OCT-95 ST_CLERK         3500                       124            50                                                    
     37200         142 Curtis     Davies     CDAVIES    650.121.2994         29-JAN-97 ST_CLERK         3100                       124            50                                                    
     31200         143 Randall    Matos      RMATOS     650.121.2874         15-MAR-98 ST_CLERK         2600                       124            50                                                    
     30000         144 Peter      Vargas     PVARGAS    650.121.2004         09-JUL-98 ST_CLERK         2500                       124            50                                                    
    126000         149 Eleni      Zlotkey    EZLOTKEY   011.44.1344.429018   29-JAN-00 SA_MAN          10500             .2        100            80                                                    
    132000         174 Ellen      Abel       EABEL      011.44.1644.429267   11-MAY-96 SA_REP          11000             .3        149            80                                                    
    103200         176 Jonathon   Taylor     JTAYLOR    011.44.1644.429265   24-MAR-98 SA_REP           8600             .3        149            80                                                    
     84000         178 Kimerely   Grant      KGRANT     011.44.1644.429263   24-MAY-99 SA_REP           7000            .15        149                                                                  
     52800         200 Jennifer   Whalen     JWAHLEN    515.123.4444         17-SEP-87 AD_ASST          4400                       101            10                                                    
    156000         201 Michael    Hartstein  MHARTSTE   515.123.5555         17-FEB-96 MK_MAN          13000                       100            20                                                    
     72000         202 Pat        Fay        PFAY       603.123.6666         17-AUG-97 MK_REP           6000                       201            20                                                    
    144000         205 Shelley    Higgins    SHIGGINS   515.123.8080         07-JUN-94 AC_MGR          12000                       101           110                                                    
     99600         206 William    Gietz      WGIETZ     515.123.8181         07-JUN-94 AC_ACCOUNT       8300                       205           110                                                    

20 rows selected.

SQL> SELECT SALARY * 12 , E1.* FROM EMPLOYEES E1;

 SALARY*12 EMPLOYEE_ID FIRST_NAME LAST_NAME  EMAIL      PHONE_NUMBER         HIRE_DATE JOB_ID         SALARY COMMISSION_PCT MANAGER_ID DEPARTMENT_ID                                                    
---------- ----------- ---------- ---------- ---------- -------------------- --------- ---------- ---------- -------------- ---------- -------------                                                    
    288000         100 Steven     King       SKING      515.123.4567         17-JUL-87 AD_PRES         24000                                      90                                                    
    204000         101 Neena      Kochhar    NKOCHHAR   515.123.4568         21-SEP-89 AD_VP           17000                       100            90                                                    
    204000         102 Lex        De Haan    LDEHAAN    515.123.4569         13-JAN-93 AD_VP           17000                       100            90                                                    
    108000         103 Alexander  Hunold     AHUNOLD    590.423.4567         03-JAN-90 IT_PROG          9000                       102            60                                                    
     72000         104 Bruce      Ernst      BERNST     590.423.4568         21-MAY-91 IT_PROG          6000                       103            60                                                    
     50400         107 Diana      Lorentz    DLORENTZ   590.423.5567         07-FEB-99 IT_PROG          4200                       103            60                                                    
     69600         124 Kevin      Mourgos    KMOURGOS   650.123.5234         16-NOV-99 ST_MAN           5800                       100            50                                                    
     42000         141 Trenna     Rajs       TRAJS      650.121.8009         17-OCT-95 ST_CLERK         3500                       124            50                                                    
     37200         142 Curtis     Davies     CDAVIES    650.121.2994         29-JAN-97 ST_CLERK         3100                       124            50                                                    
     31200         143 Randall    Matos      RMATOS     650.121.2874         15-MAR-98 ST_CLERK         2600                       124            50                                                    
     30000         144 Peter      Vargas     PVARGAS    650.121.2004         09-JUL-98 ST_CLERK         2500                       124            50                                                    
    126000         149 Eleni      Zlotkey    EZLOTKEY   011.44.1344.429018   29-JAN-00 SA_MAN          10500             .2        100            80                                                    
    132000         174 Ellen      Abel       EABEL      011.44.1644.429267   11-MAY-96 SA_REP          11000             .3        149            80                                                    
    103200         176 Jonathon   Taylor     JTAYLOR    011.44.1644.429265   24-MAR-98 SA_REP           8600             .3        149            80                                                    
     84000         178 Kimerely   Grant      KGRANT     011.44.1644.429263   24-MAY-99 SA_REP           7000            .15        149                                                                  
     52800         200 Jennifer   Whalen     JWAHLEN    515.123.4444         17-SEP-87 AD_ASST          4400                       101            10                                                    
    156000         201 Michael    Hartstein  MHARTSTE   515.123.5555         17-FEB-96 MK_MAN          13000                       100            20                                                    
     72000         202 Pat        Fay        PFAY       603.123.6666         17-AUG-97 MK_REP           6000                       201            20                                                    
    144000         205 Shelley    Higgins    SHIGGINS   515.123.8080         07-JUN-94 AC_MGR          12000                       101           110                                                    
     99600         206 William    Gietz      WGIETZ     515.123.8181         07-JUN-94 AC_ACCOUNT       8300                       205           110                                                    

20 rows selected.

SQL> SELECT SALARY * 12 , 1E.* FROM EMPLOYEES 1E;
SELECT SALARY * 12 , 1E.* FROM EMPLOYEES 1E
                       *
ERROR at line 1:
ORA-00923: FROM keyword not found where expected 


SQL> SELECT SALARY * 12 , E_1.* FROM EMPLOYEES E_1;

 SALARY*12 EMPLOYEE_ID FIRST_NAME LAST_NAME  EMAIL      PHONE_NUMBER         HIRE_DATE JOB_ID         SALARY COMMISSION_PCT MANAGER_ID DEPARTMENT_ID                                                    
---------- ----------- ---------- ---------- ---------- -------------------- --------- ---------- ---------- -------------- ---------- -------------                                                    
    288000         100 Steven     King       SKING      515.123.4567         17-JUL-87 AD_PRES         24000                                      90                                                    
    204000         101 Neena      Kochhar    NKOCHHAR   515.123.4568         21-SEP-89 AD_VP           17000                       100            90                                                    
    204000         102 Lex        De Haan    LDEHAAN    515.123.4569         13-JAN-93 AD_VP           17000                       100            90                                                    
    108000         103 Alexander  Hunold     AHUNOLD    590.423.4567         03-JAN-90 IT_PROG          9000                       102            60                                                    
     72000         104 Bruce      Ernst      BERNST     590.423.4568         21-MAY-91 IT_PROG          6000                       103            60                                                    
     50400         107 Diana      Lorentz    DLORENTZ   590.423.5567         07-FEB-99 IT_PROG          4200                       103            60                                                    
     69600         124 Kevin      Mourgos    KMOURGOS   650.123.5234         16-NOV-99 ST_MAN           5800                       100            50                                                    
     42000         141 Trenna     Rajs       TRAJS      650.121.8009         17-OCT-95 ST_CLERK         3500                       124            50                                                    
     37200         142 Curtis     Davies     CDAVIES    650.121.2994         29-JAN-97 ST_CLERK         3100                       124            50                                                    
     31200         143 Randall    Matos      RMATOS     650.121.2874         15-MAR-98 ST_CLERK         2600                       124            50                                                    
     30000         144 Peter      Vargas     PVARGAS    650.121.2004         09-JUL-98 ST_CLERK         2500                       124            50                                                    
    126000         149 Eleni      Zlotkey    EZLOTKEY   011.44.1344.429018   29-JAN-00 SA_MAN          10500             .2        100            80                                                    
    132000         174 Ellen      Abel       EABEL      011.44.1644.429267   11-MAY-96 SA_REP          11000             .3        149            80                                                    
    103200         176 Jonathon   Taylor     JTAYLOR    011.44.1644.429265   24-MAR-98 SA_REP           8600             .3        149            80                                                    
     84000         178 Kimerely   Grant      KGRANT     011.44.1644.429263   24-MAY-99 SA_REP           7000            .15        149                                                                  
     52800         200 Jennifer   Whalen     JWAHLEN    515.123.4444         17-SEP-87 AD_ASST          4400                       101            10                                                    
    156000         201 Michael    Hartstein  MHARTSTE   515.123.5555         17-FEB-96 MK_MAN          13000                       100            20                                                    
     72000         202 Pat        Fay        PFAY       603.123.6666         17-AUG-97 MK_REP           6000                       201            20                                                    
    144000         205 Shelley    Higgins    SHIGGINS   515.123.8080         07-JUN-94 AC_MGR          12000                       101           110                                                    
     99600         206 William    Gietz      WGIETZ     515.123.8181         07-JUN-94 AC_ACCOUNT       8300                       205           110                                                    

20 rows selected.

SQL> SELECT SALARY * 12 , E_^1.* FROM EMPLOYEES E_^1;
SELECT SALARY * 12 , E_^1.* FROM EMPLOYEES E_^1
                       *
ERROR at line 1:
ORA-00923: FROM keyword not found where expected 


SQL> SELECT SALARY * 12 , "E_^1".* FROM EMPLOYEES "E_^1";

 SALARY*12 EMPLOYEE_ID FIRST_NAME LAST_NAME  EMAIL      PHONE_NUMBER         HIRE_DATE JOB_ID         SALARY COMMISSION_PCT MANAGER_ID DEPARTMENT_ID                                                    
---------- ----------- ---------- ---------- ---------- -------------------- --------- ---------- ---------- -------------- ---------- -------------                                                    
    288000         100 Steven     King       SKING      515.123.4567         17-JUL-87 AD_PRES         24000                                      90                                                    
    204000         101 Neena      Kochhar    NKOCHHAR   515.123.4568         21-SEP-89 AD_VP           17000                       100            90                                                    
    204000         102 Lex        De Haan    LDEHAAN    515.123.4569         13-JAN-93 AD_VP           17000                       100            90                                                    
    108000         103 Alexander  Hunold     AHUNOLD    590.423.4567         03-JAN-90 IT_PROG          9000                       102            60                                                    
     72000         104 Bruce      Ernst      BERNST     590.423.4568         21-MAY-91 IT_PROG          6000                       103            60                                                    
     50400         107 Diana      Lorentz    DLORENTZ   590.423.5567         07-FEB-99 IT_PROG          4200                       103            60                                                    
     69600         124 Kevin      Mourgos    KMOURGOS   650.123.5234         16-NOV-99 ST_MAN           5800                       100            50                                                    
     42000         141 Trenna     Rajs       TRAJS      650.121.8009         17-OCT-95 ST_CLERK         3500                       124            50                                                    
     37200         142 Curtis     Davies     CDAVIES    650.121.2994         29-JAN-97 ST_CLERK         3100                       124            50                                                    
     31200         143 Randall    Matos      RMATOS     650.121.2874         15-MAR-98 ST_CLERK         2600                       124            50                                                    
     30000         144 Peter      Vargas     PVARGAS    650.121.2004         09-JUL-98 ST_CLERK         2500                       124            50                                                    
    126000         149 Eleni      Zlotkey    EZLOTKEY   011.44.1344.429018   29-JAN-00 SA_MAN          10500             .2        100            80                                                    
    132000         174 Ellen      Abel       EABEL      011.44.1644.429267   11-MAY-96 SA_REP          11000             .3        149            80                                                    
    103200         176 Jonathon   Taylor     JTAYLOR    011.44.1644.429265   24-MAR-98 SA_REP           8600             .3        149            80                                                    
     84000         178 Kimerely   Grant      KGRANT     011.44.1644.429263   24-MAY-99 SA_REP           7000            .15        149                                                                  
     52800         200 Jennifer   Whalen     JWAHLEN    515.123.4444         17-SEP-87 AD_ASST          4400                       101            10                                                    
    156000         201 Michael    Hartstein  MHARTSTE   515.123.5555         17-FEB-96 MK_MAN          13000                       100            20                                                    
     72000         202 Pat        Fay        PFAY       603.123.6666         17-AUG-97 MK_REP           6000                       201            20                                                    
    144000         205 Shelley    Higgins    SHIGGINS   515.123.8080         07-JUN-94 AC_MGR          12000                       101           110                                                    
     99600         206 William    Gietz      WGIETZ     515.123.8181         07-JUN-94 AC_ACCOUNT       8300                       205           110                                                    

20 rows selected.

SQL> SELECT SALARY * 12 , "E_^1".* FROM EMPLOYEES "E_^1";

 SALARY*12 EMPLOYEE_ID FIRST_NAME LAST_NAME  EMAIL      PHONE_NUMBER         HIRE_DATE JOB_ID         SALARY COMMISSION_PCT MANAGER_ID DEPARTMENT_ID                                                    
---------- ----------- ---------- ---------- ---------- -------------------- --------- ---------- ---------- -------------- ---------- -------------                                                    
    288000         100 Steven     King       SKING      515.123.4567         17-JUL-87 AD_PRES         24000                                      90                                                    
    204000         101 Neena      Kochhar    NKOCHHAR   515.123.4568         21-SEP-89 AD_VP           17000                       100            90                                                    
    204000         102 Lex        De Haan    LDEHAAN    515.123.4569         13-JAN-93 AD_VP           17000                       100            90                                                    
    108000         103 Alexander  Hunold     AHUNOLD    590.423.4567         03-JAN-90 IT_PROG          9000                       102            60                                                    
     72000         104 Bruce      Ernst      BERNST     590.423.4568         21-MAY-91 IT_PROG          6000                       103            60                                                    
     50400         107 Diana      Lorentz    DLORENTZ   590.423.5567         07-FEB-99 IT_PROG          4200                       103            60                                                    
     69600         124 Kevin      Mourgos    KMOURGOS   650.123.5234         16-NOV-99 ST_MAN           5800                       100            50                                                    
     42000         141 Trenna     Rajs       TRAJS      650.121.8009         17-OCT-95 ST_CLERK         3500                       124            50                                                    
     37200         142 Curtis     Davies     CDAVIES    650.121.2994         29-JAN-97 ST_CLERK         3100                       124            50                                                    
     31200         143 Randall    Matos      RMATOS     650.121.2874         15-MAR-98 ST_CLERK         2600                       124            50                                                    
     30000         144 Peter      Vargas     PVARGAS    650.121.2004         09-JUL-98 ST_CLERK         2500                       124            50                                                    
    126000         149 Eleni      Zlotkey    EZLOTKEY   011.44.1344.429018   29-JAN-00 SA_MAN          10500             .2        100            80                                                    
    132000         174 Ellen      Abel       EABEL      011.44.1644.429267   11-MAY-96 SA_REP          11000             .3        149            80                                                    
    103200         176 Jonathon   Taylor     JTAYLOR    011.44.1644.429265   24-MAR-98 SA_REP           8600             .3        149            80                                                    
     84000         178 Kimerely   Grant      KGRANT     011.44.1644.429263   24-MAY-99 SA_REP           7000            .15        149                                                                  
     52800         200 Jennifer   Whalen     JWAHLEN    515.123.4444         17-SEP-87 AD_ASST          4400                       101            10                                                    
    156000         201 Michael    Hartstein  MHARTSTE   515.123.5555         17-FEB-96 MK_MAN          13000                       100            20                                                    
     72000         202 Pat        Fay        PFAY       603.123.6666         17-AUG-97 MK_REP           6000                       201            20                                                    
    144000         205 Shelley    Higgins    SHIGGINS   515.123.8080         07-JUN-94 AC_MGR          12000                       101           110                                                    
     99600         206 William    Gietz      WGIETZ     515.123.8181         07-JUN-94 AC_ACCOUNT       8300                       205           110                                                    

20 rows selected.

SQL> REM ARITHMATIC OPERATORS : / * + -
> 
SQL> SELECT FIRST_NAME , SALARY , SALARY / 30 DAILY_SALARY FROM EMPLOYEES;

FIRST_NAME     SALARY DAILY_SALARY                                                                                                                                                                      
---------- ---------- ------------                                                                                                                                                                      
Steven          24000          800                                                                                                                                                                      
Neena           17000   566.666667                                                                                                                                                                      
Lex             17000   566.666667                                                                                                                                                                      
Alexander        9000          300                                                                                                                                                                      
Bruce            6000          200                                                                                                                                                                      
Diana            4200          140                                                                                                                                                                      
Kevin            5800   193.333333                                                                                                                                                                      
Trenna           3500   116.666667                                                                                                                                                                      
Curtis           3100   103.333333                                                                                                                                                                      
Randall          2600   86.6666667                                                                                                                                                                      
Peter            2500   83.3333333                                                                                                                                                                      
Eleni           10500          350                                                                                                                                                                      
Ellen           11000   366.666667                                                                                                                                                                      
Jonathon         8600   286.666667                                                                                                                                                                      
Kimerely         7000   233.333333                                                                                                                                                                      
Jennifer         4400   146.666667                                                                                                                                                                      
Michael         13000   433.333333                                                                                                                                                                      
Pat              6000          200                                                                                                                                                                      
Shelley         12000          400                                                                                                                                                                      
William          8300   276.666667                                                                                                                                                                      

20 rows selected.

SQL> SELECT FIRST_NAME , SALARY , SALARY * 12 ANNUAL_SALARY FROM EMPLOYEES;

FIRST_NAME     SALARY ANNUAL_SALARY                                                                                                                                                                     
---------- ---------- -------------                                                                                                                                                                     
Steven          24000        288000                                                                                                                                                                     
Neena           17000        204000                                                                                                                                                                     
Lex             17000        204000                                                                                                                                                                     
Alexander        9000        108000                                                                                                                                                                     
Bruce            6000         72000                                                                                                                                                                     
Diana            4200         50400                                                                                                                                                                     
Kevin            5800         69600                                                                                                                                                                     
Trenna           3500         42000                                                                                                                                                                     
Curtis           3100         37200                                                                                                                                                                     
Randall          2600         31200                                                                                                                                                                     
Peter            2500         30000                                                                                                                                                                     
Eleni           10500        126000                                                                                                                                                                     
Ellen           11000        132000                                                                                                                                                                     
Jonathon         8600        103200                                                                                                                                                                     
Kimerely         7000         84000                                                                                                                                                                     
Jennifer         4400         52800                                                                                                                                                                     
Michael         13000        156000                                                                                                                                                                     
Pat              6000         72000                                                                                                                                                                     
Shelley         12000        144000                                                                                                                                                                     
William          8300         99600                                                                                                                                                                     

20 rows selected.

SQL> SELECT FIRST_NAME , SALARY , SALARY * 12 ANNUAL SALARY FROM EMPLOYEES;
SELECT FIRST_NAME , SALARY , SALARY * 12 ANNUAL SALARY FROM EMPLOYEES
                                                *
ERROR at line 1:
ORA-00923: FROM keyword not found where expected 


SQL> SELECT FIRST_NAME , SALARY , SALARY * 12 "ANNUAL SALARY" FROM EMPLOYEES;

FIRST_NAME     SALARY ANNUAL SALARY                                                                                                                                                                     
---------- ---------- -------------                                                                                                                                                                     
Steven          24000        288000                                                                                                                                                                     
Neena           17000        204000                                                                                                                                                                     
Lex             17000        204000                                                                                                                                                                     
Alexander        9000        108000                                                                                                                                                                     
Bruce            6000         72000                                                                                                                                                                     
Diana            4200         50400                                                                                                                                                                     
Kevin            5800         69600                                                                                                                                                                     
Trenna           3500         42000                                                                                                                                                                     
Curtis           3100         37200                                                                                                                                                                     
Randall          2600         31200                                                                                                                                                                     
Peter            2500         30000                                                                                                                                                                     
Eleni           10500        126000                                                                                                                                                                     
Ellen           11000        132000                                                                                                                                                                     
Jonathon         8600        103200                                                                                                                                                                     
Kimerely         7000         84000                                                                                                                                                                     
Jennifer         4400         52800                                                                                                                                                                     
Michael         13000        156000                                                                                                                                                                     
Pat              6000         72000                                                                                                                                                                     
Shelley         12000        144000                                                                                                                                                                     
William          8300         99600                                                                                                                                                                     

20 rows selected.

SQL> SELECT FIRST_NAME , SALARY , SALARY * 12 ANNAUL_#$SALARY FROM EMPLOYEES;

FIRST_NAME     SALARY ANNAUL_#$SALARY                                                                                                                                                                   
---------- ---------- ---------------                                                                                                                                                                   
Steven          24000          288000                                                                                                                                                                   
Neena           17000          204000                                                                                                                                                                   
Lex             17000          204000                                                                                                                                                                   
Alexander        9000          108000                                                                                                                                                                   
Bruce            6000           72000                                                                                                                                                                   
Diana            4200           50400                                                                                                                                                                   
Kevin            5800           69600                                                                                                                                                                   
Trenna           3500           42000                                                                                                                                                                   
Curtis           3100           37200                                                                                                                                                                   
Randall          2600           31200                                                                                                                                                                   
Peter            2500           30000                                                                                                                                                                   
Eleni           10500          126000                                                                                                                                                                   
Ellen           11000          132000                                                                                                                                                                   
Jonathon         8600          103200                                                                                                                                                                   
Kimerely         7000           84000                                                                                                                                                                   
Jennifer         4400           52800                                                                                                                                                                   
Michael         13000          156000                                                                                                                                                                   
Pat              6000           72000                                                                                                                                                                   
Shelley         12000          144000                                                                                                                                                                   
William          8300           99600                                                                                                                                                                   

20 rows selected.

SQL> SELECT FIRST_NAME , SALARY , SALARY * 12 ANNAUL_#$^SALARY FROM EMPLOYEES;
SELECT FIRST_NAME , SALARY , SALARY * 12 ANNAUL_#$^SALARY FROM EMPLOYEES
                                                  *
ERROR at line 1:
ORA-00923: FROM keyword not found where expected 


SQL> SELECT FIRST_NAME , SALARY , SALARY * 12 "ANNAUL_#$^SALARY" FROM EMPLOYEES;

FIRST_NAME     SALARY ANNAUL_#$^SALARY                                                                                                                                                                  
---------- ---------- ----------------                                                                                                                                                                  
Steven          24000           288000                                                                                                                                                                  
Neena           17000           204000                                                                                                                                                                  
Lex             17000           204000                                                                                                                                                                  
Alexander        9000           108000                                                                                                                                                                  
Bruce            6000            72000                                                                                                                                                                  
Diana            4200            50400                                                                                                                                                                  
Kevin            5800            69600                                                                                                                                                                  
Trenna           3500            42000                                                                                                                                                                  
Curtis           3100            37200                                                                                                                                                                  
Randall          2600            31200                                                                                                                                                                  
Peter            2500            30000                                                                                                                                                                  
Eleni           10500           126000                                                                                                                                                                  
Ellen           11000           132000                                                                                                                                                                  
Jonathon         8600           103200                                                                                                                                                                  
Kimerely         7000            84000                                                                                                                                                                  
Jennifer         4400            52800                                                                                                                                                                  
Michael         13000           156000                                                                                                                                                                  
Pat              6000            72000                                                                                                                                                                  
Shelley         12000           144000                                                                                                                                                                  
William          8300            99600                                                                                                                                                                  

20 rows selected.

SQL> SELECT FIRST_NAME , SALARY , SALARY * 12 AnnualSalaryu FROM EMPLOYEES;

FIRST_NAME     SALARY ANNUALSALARYU                                                                                                                                                                     
---------- ---------- -------------                                                                                                                                                                     
Steven          24000        288000                                                                                                                                                                     
Neena           17000        204000                                                                                                                                                                     
Lex             17000        204000                                                                                                                                                                     
Alexander        9000        108000                                                                                                                                                                     
Bruce            6000         72000                                                                                                                                                                     
Diana            4200         50400                                                                                                                                                                     
Kevin            5800         69600                                                                                                                                                                     
Trenna           3500         42000                                                                                                                                                                     
Curtis           3100         37200                                                                                                                                                                     
Randall          2600         31200                                                                                                                                                                     
Peter            2500         30000                                                                                                                                                                     
Eleni           10500        126000                                                                                                                                                                     
Ellen           11000        132000                                                                                                                                                                     
Jonathon         8600        103200                                                                                                                                                                     
Kimerely         7000         84000                                                                                                                                                                     
Jennifer         4400         52800                                                                                                                                                                     
Michael         13000        156000                                                                                                                                                                     
Pat              6000         72000                                                                                                                                                                     
Shelley         12000        144000                                                                                                                                                                     
William          8300         99600                                                                                                                                                                     

20 rows selected.

SQL> SELECT FIRST_NAME , SALARY , SALARY * 12 AnnualSalary FROM EMPLOYEES;

FIRST_NAME     SALARY ANNUALSALARY                                                                                                                                                                      
---------- ---------- ------------                                                                                                                                                                      
Steven          24000       288000                                                                                                                                                                      
Neena           17000       204000                                                                                                                                                                      
Lex             17000       204000                                                                                                                                                                      
Alexander        9000       108000                                                                                                                                                                      
Bruce            6000        72000                                                                                                                                                                      
Diana            4200        50400                                                                                                                                                                      
Kevin            5800        69600                                                                                                                                                                      
Trenna           3500        42000                                                                                                                                                                      
Curtis           3100        37200                                                                                                                                                                      
Randall          2600        31200                                                                                                                                                                      
Peter            2500        30000                                                                                                                                                                      
Eleni           10500       126000                                                                                                                                                                      
Ellen           11000       132000                                                                                                                                                                      
Jonathon         8600       103200                                                                                                                                                                      
Kimerely         7000        84000                                                                                                                                                                      
Jennifer         4400        52800                                                                                                                                                                      
Michael         13000       156000                                                                                                                                                                      
Pat              6000        72000                                                                                                                                                                      
Shelley         12000       144000                                                                                                                                                                      
William          8300        99600                                                                                                                                                                      

20 rows selected.

SQL> SELECT FIRST_NAME , SALARY , SALARY * 12 "AnnualSalary" FROM EMPLOYEES;

FIRST_NAME     SALARY AnnualSalary                                                                                                                                                                      
---------- ---------- ------------                                                                                                                                                                      
Steven          24000       288000                                                                                                                                                                      
Neena           17000       204000                                                                                                                                                                      
Lex             17000       204000                                                                                                                                                                      
Alexander        9000       108000                                                                                                                                                                      
Bruce            6000        72000                                                                                                                                                                      
Diana            4200        50400                                                                                                                                                                      
Kevin            5800        69600                                                                                                                                                                      
Trenna           3500        42000                                                                                                                                                                      
Curtis           3100        37200                                                                                                                                                                      
Randall          2600        31200                                                                                                                                                                      
Peter            2500        30000                                                                                                                                                                      
Eleni           10500       126000                                                                                                                                                                      
Ellen           11000       132000                                                                                                                                                                      
Jonathon         8600       103200                                                                                                                                                                      
Kimerely         7000        84000                                                                                                                                                                      
Jennifer         4400        52800                                                                                                                                                                      
Michael         13000       156000                                                                                                                                                                      
Pat              6000        72000                                                                                                                                                                      
Shelley         12000       144000                                                                                                                                                                      
William          8300        99600                                                                                                                                                                      

20 rows selected.

SQL> SELECT FIRST_NAME , SALARY , SALARY * 12 select FROM EMPLOYEES;
SELECT FIRST_NAME , SALARY , SALARY * 12 select FROM EMPLOYEES
                                         *
ERROR at line 1:
ORA-00923: FROM keyword not found where expected 


SQL> SELECT FIRST_NAME , SALARY , SALARY * 12 "select" FROM EMPLOYEES;

FIRST_NAME     SALARY     select                                                                                                                                                                        
---------- ---------- ----------                                                                                                                                                                        
Steven          24000     288000                                                                                                                                                                        
Neena           17000     204000                                                                                                                                                                        
Lex             17000     204000                                                                                                                                                                        
Alexander        9000     108000                                                                                                                                                                        
Bruce            6000      72000                                                                                                                                                                        
Diana            4200      50400                                                                                                                                                                        
Kevin            5800      69600                                                                                                                                                                        
Trenna           3500      42000                                                                                                                                                                        
Curtis           3100      37200                                                                                                                                                                        
Randall          2600      31200                                                                                                                                                                        
Peter            2500      30000                                                                                                                                                                        
Eleni           10500     126000                                                                                                                                                                        
Ellen           11000     132000                                                                                                                                                                        
Jonathon         8600     103200                                                                                                                                                                        
Kimerely         7000      84000                                                                                                                                                                        
Jennifer         4400      52800                                                                                                                                                                        
Michael         13000     156000                                                                                                                                                                        
Pat              6000      72000                                                                                                                                                                        
Shelley         12000     144000                                                                                                                                                                        
William          8300      99600                                                                                                                                                                        

20 rows selected.

SQL> SELECT FIRST_NAME , SALARY , SALARY * 12 as "select" FROM EMPLOYEES;

FIRST_NAME     SALARY     select                                                                                                                                                                        
---------- ---------- ----------                                                                                                                                                                        
Steven          24000     288000                                                                                                                                                                        
Neena           17000     204000                                                                                                                                                                        
Lex             17000     204000                                                                                                                                                                        
Alexander        9000     108000                                                                                                                                                                        
Bruce            6000      72000                                                                                                                                                                        
Diana            4200      50400                                                                                                                                                                        
Kevin            5800      69600                                                                                                                                                                        
Trenna           3500      42000                                                                                                                                                                        
Curtis           3100      37200                                                                                                                                                                        
Randall          2600      31200                                                                                                                                                                        
Peter            2500      30000                                                                                                                                                                        
Eleni           10500     126000                                                                                                                                                                        
Ellen           11000     132000                                                                                                                                                                        
Jonathon         8600     103200                                                                                                                                                                        
Kimerely         7000      84000                                                                                                                                                                        
Jennifer         4400      52800                                                                                                                                                                        
Michael         13000     156000                                                                                                                                                                        
Pat              6000      72000                                                                                                                                                                        
Shelley         12000     144000                                                                                                                                                                        
William          8300      99600                                                                                                                                                                        

20 rows selected.

SQL> SELECT FIRST_NAME , SALARY , SALARY + 1200 "new select" FROM EMPLOYEES;

FIRST_NAME     SALARY new select                                                                                                                                                                        
---------- ---------- ----------                                                                                                                                                                        
Steven          24000      25200                                                                                                                                                                        
Neena           17000      18200                                                                                                                                                                        
Lex             17000      18200                                                                                                                                                                        
Alexander        9000      10200                                                                                                                                                                        
Bruce            6000       7200                                                                                                                                                                        
Diana            4200       5400                                                                                                                                                                        
Kevin            5800       7000                                                                                                                                                                        
Trenna           3500       4700                                                                                                                                                                        
Curtis           3100       4300                                                                                                                                                                        
Randall          2600       3800                                                                                                                                                                        
Peter            2500       3700                                                                                                                                                                        
Eleni           10500      11700                                                                                                                                                                        
Ellen           11000      12200                                                                                                                                                                        
Jonathon         8600       9800                                                                                                                                                                        
Kimerely         7000       8200                                                                                                                                                                        
Jennifer         4400       5600                                                                                                                                                                        
Michael         13000      14200                                                                                                                                                                        
Pat              6000       7200                                                                                                                                                                        
Shelley         12000      13200                                                                                                                                                                        
William          8300       9500                                                                                                                                                                        

20 rows selected.

SQL> SELECT FIRST_NAME , SALARY , SALARY - 600 "deducted salary" FROM EMPLOYEES;

FIRST_NAME     SALARY deducted salary                                                                                                                                                                   
---------- ---------- ---------------                                                                                                                                                                   
Steven          24000           23400                                                                                                                                                                   
Neena           17000           16400                                                                                                                                                                   
Lex             17000           16400                                                                                                                                                                   
Alexander        9000            8400                                                                                                                                                                   
Bruce            6000            5400                                                                                                                                                                   
Diana            4200            3600                                                                                                                                                                   
Kevin            5800            5200                                                                                                                                                                   
Trenna           3500            2900                                                                                                                                                                   
Curtis           3100            2500                                                                                                                                                                   
Randall          2600            2000                                                                                                                                                                   
Peter            2500            1900                                                                                                                                                                   
Eleni           10500            9900                                                                                                                                                                   
Ellen           11000           10400                                                                                                                                                                   
Jonathon         8600            8000                                                                                                                                                                   
Kimerely         7000            6400                                                                                                                                                                   
Jennifer         4400            3800                                                                                                                                                                   
Michael         13000           12400                                                                                                                                                                   
Pat              6000            5400                                                                                                                                                                   
Shelley         12000           11400                                                                                                                                                                   
William          8300            7700                                                                                                                                                                   

20 rows selected.

SQL> REM 20% INCREMENT TO ALL
SQL> 
SQL> SELECT FIRST_NAME , SALARY , SALARY * 1.2 NEW_SALARY FROM EMPLOYEES;

FIRST_NAME     SALARY NEW_SALARY                                                                                                                                                                        
---------- ---------- ----------                                                                                                                                                                        
Steven          24000      28800                                                                                                                                                                        
Neena           17000      20400                                                                                                                                                                        
Lex             17000      20400                                                                                                                                                                        
Alexander        9000      10800                                                                                                                                                                        
Bruce            6000       7200                                                                                                                                                                        
Diana            4200       5040                                                                                                                                                                        
Kevin            5800       6960                                                                                                                                                                        
Trenna           3500       4200                                                                                                                                                                        
Curtis           3100       3720                                                                                                                                                                        
Randall          2600       3120                                                                                                                                                                        
Peter            2500       3000                                                                                                                                                                        
Eleni           10500      12600                                                                                                                                                                        
Ellen           11000      13200                                                                                                                                                                        
Jonathon         8600      10320                                                                                                                                                                        
Kimerely         7000       8400                                                                                                                                                                        
Jennifer         4400       5280                                                                                                                                                                        
Michael         13000      15600                                                                                                                                                                        
Pat              6000       7200                                                                                                                                                                        
Shelley         12000      14400                                                                                                                                                                        
William          8300       9960                                                                                                                                                                        

20 rows selected.

SQL> SELECT FIRST_NAME , SALARY , SALARY * 120 / 100 NEW_SALARY FROM EMPLOYEES;

FIRST_NAME     SALARY NEW_SALARY                                                                                                                                                                        
---------- ---------- ----------                                                                                                                                                                        
Steven          24000      28800                                                                                                                                                                        
Neena           17000      20400                                                                                                                                                                        
Lex             17000      20400                                                                                                                                                                        
Alexander        9000      10800                                                                                                                                                                        
Bruce            6000       7200                                                                                                                                                                        
Diana            4200       5040                                                                                                                                                                        
Kevin            5800       6960                                                                                                                                                                        
Trenna           3500       4200                                                                                                                                                                        
Curtis           3100       3720                                                                                                                                                                        
Randall          2600       3120                                                                                                                                                                        
Peter            2500       3000                                                                                                                                                                        
Eleni           10500      12600                                                                                                                                                                        
Ellen           11000      13200                                                                                                                                                                        
Jonathon         8600      10320                                                                                                                                                                        
Kimerely         7000       8400                                                                                                                                                                        
Jennifer         4400       5280                                                                                                                                                                        
Michael         13000      15600                                                                                                                                                                        
Pat              6000       7200                                                                                                                                                                        
Shelley         12000      14400                                                                                                                                                                        
William          8300       9960                                                                                                                                                                        

20 rows selected.

SQL> REM POWER FUNCTIONS
SQL> 
SQL> SELECT POWER(3,2) FROM DUAL;

POWER(3,2)                                                                                                                                                                                              
----------                                                                                                                                                                                              
         9                                                                                                                                                                                              

SQL> SELECT POWER(3,3) FROM DUAL;

POWER(3,3)                                                                                                                                                                                              
----------                                                                                                                                                                                              
        27                                                                                                                                                                                              

SQL> SELECT POWER(3,4) FROM DUAL;

POWER(3,4)                                                                                                                                                                                              
----------                                                                                                                                                                                              
        81                                                                                                                                                                                              

SQL> REM DUAL IS A DUMMY TABLE.
SQL> 
SQL> REM DUAL IS SYSTEM GENERATED TABLE.
SQL> 
SQL> REM DUAL TABLE HAS SINGLE COLUMN AND SINGLE ROW.
SQL> 
SQL> REM DUAL TABLE IS USED TO DISPLAY THOSE VALUES WHICH ARE NOT STORED IN ANY TABLE.
SQL> 
SQL> SELECT 456 * 89 FROM DUAL;

    456*89                                                                                                                                                                                              
----------                                                                                                                                                                                              
     40584                                                                                                                                                                                              

SQL> SELECT 456 * 89;
SELECT 456 * 89
              *
ERROR at line 1:
ORA-00923: FROM keyword not found where expected 


SQL> SELECT 456 * 89 FROM;
SELECT 456 * 89 FROM
                   *
ERROR at line 1:
ORA-00903: invalid table name 


SQL> SELECT 456 * 89 FROM REGIONS;

    456*89                                                                                                                                                                                              
----------                                                                                                                                                                                              
     40584                                                                                                                                                                                              
     40584                                                                                                                                                                                              
     40584                                                                                                                                                                                              
     40584                                                                                                                                                                                              

SQL> SELECT 456 * 89 FROM DEPARTMENTS;

    456*89                                                                                                                                                                                              
----------                                                                                                                                                                                              
     40584                                                                                                                                                                                              
     40584                                                                                                                                                                                              
     40584                                                                                                                                                                                              
     40584                                                                                                                                                                                              
     40584                                                                                                                                                                                              
     40584                                                                                                                                                                                              
     40584                                                                                                                                                                                              
     40584                                                                                                                                                                                              

8 rows selected.

SQL> SELECT 456 * 89 FROM EMPLOYEES;

    456*89                                                                                                                                                                                              
----------                                                                                                                                                                                              
     40584                                                                                                                                                                                              
     40584                                                                                                                                                                                              
     40584                                                                                                                                                                                              
     40584                                                                                                                                                                                              
     40584                                                                                                                                                                                              
     40584                                                                                                                                                                                              
     40584                                                                                                                                                                                              
     40584                                                                                                                                                                                              
     40584                                                                                                                                                                                              
     40584                                                                                                                                                                                              
     40584                                                                                                                                                                                              
     40584                                                                                                                                                                                              
     40584                                                                                                                                                                                              
     40584                                                                                                                                                                                              
     40584                                                                                                                                                                                              
     40584                                                                                                                                                                                              
     40584                                                                                                                                                                                              
     40584                                                                                                                                                                                              
     40584                                                                                                                                                                                              
     40584                                                                                                                                                                                              

20 rows selected.

SQL> SELECT 456 * 89 FROM DUAL;

    456*89                                                                                                                                                                                              
----------                                                                                                                                                                                              
     40584                                                                                                                                                                                              

SQL> SELECT UNIQUE 456 * 89 FROM EMPLOYEES;

    456*89                                                                                                                                                                                              
----------                                                                                                                                                                                              
     40584                                                                                                                                                                                              

SQL> SELECT DISTINCT 456 * 89 FROM EMPLOYEES;

    456*89                                                                                                                                                                                              
----------                                                                                                                                                                                              
     40584                                                                                                                                                                                              

SQL> SELECT JOB_ID FROM EMPLOYEES;

JOB_ID                                                                                                                                                                                                  
----------                                                                                                                                                                                              
AD_PRES                                                                                                                                                                                                 
AD_VP                                                                                                                                                                                                   
AD_VP                                                                                                                                                                                                   
IT_PROG                                                                                                                                                                                                 
IT_PROG                                                                                                                                                                                                 
IT_PROG                                                                                                                                                                                                 
ST_MAN                                                                                                                                                                                                  
ST_CLERK                                                                                                                                                                                                
ST_CLERK                                                                                                                                                                                                
ST_CLERK                                                                                                                                                                                                
ST_CLERK                                                                                                                                                                                                
SA_MAN                                                                                                                                                                                                  
SA_REP                                                                                                                                                                                                  
SA_REP                                                                                                                                                                                                  
SA_REP                                                                                                                                                                                                  
AD_ASST                                                                                                                                                                                                 
MK_MAN                                                                                                                                                                                                  
MK_REP                                                                                                                                                                                                  
AC_MGR                                                                                                                                                                                                  
AC_ACCOUNT                                                                                                                                                                                              

20 rows selected.

SQL> SELECT DISTINCT JOB_ID FROM EMPLOYEES;

JOB_ID                                                                                                                                                                                                  
----------                                                                                                                                                                                              
IT_PROG                                                                                                                                                                                                 
AC_MGR                                                                                                                                                                                                  
AC_ACCOUNT                                                                                                                                                                                              
ST_MAN                                                                                                                                                                                                  
AD_ASST                                                                                                                                                                                                 
AD_VP                                                                                                                                                                                                   
SA_MAN                                                                                                                                                                                                  
MK_MAN                                                                                                                                                                                                  
AD_PRES                                                                                                                                                                                                 
SA_REP                                                                                                                                                                                                  
MK_REP                                                                                                                                                                                                  
ST_CLERK                                                                                                                                                                                                

12 rows selected.

SQL> SELECT UNIQUE JOB_ID FROM EMPLOYEES;

JOB_ID                                                                                                                                                                                                  
----------                                                                                                                                                                                              
IT_PROG                                                                                                                                                                                                 
AC_MGR                                                                                                                                                                                                  
AC_ACCOUNT                                                                                                                                                                                              
ST_MAN                                                                                                                                                                                                  
AD_ASST                                                                                                                                                                                                 
AD_VP                                                                                                                                                                                                   
SA_MAN                                                                                                                                                                                                  
MK_MAN                                                                                                                                                                                                  
AD_PRES                                                                                                                                                                                                 
SA_REP                                                                                                                                                                                                  
MK_REP                                                                                                                                                                                                  
ST_CLERK                                                                                                                                                                                                

12 rows selected.

SQL> SELECT DEPARTMENT_ID FROM EMPLOYEES;

DEPARTMENT_ID                                                                                                                                                                                           
-------------                                                                                                                                                                                           
           90                                                                                                                                                                                           
           90                                                                                                                                                                                           
           90                                                                                                                                                                                           
           60                                                                                                                                                                                           
           60                                                                                                                                                                                           
           60                                                                                                                                                                                           
           50                                                                                                                                                                                           
           50                                                                                                                                                                                           
           50                                                                                                                                                                                           
           50                                                                                                                                                                                           
           50                                                                                                                                                                                           
           80                                                                                                                                                                                           
           80                                                                                                                                                                                           
           80                                                                                                                                                                                           
                                                                                                                                                                                                        
           10                                                                                                                                                                                           
           20                                                                                                                                                                                           
           20                                                                                                                                                                                           
          110                                                                                                                                                                                           
          110                                                                                                                                                                                           

20 rows selected.

SQL> SELECT DISTINCT DEPARTMENT_ID FROM EMPLOYEES;

DEPARTMENT_ID                                                                                                                                                                                           
-------------                                                                                                                                                                                           
                                                                                                                                                                                                        
           90                                                                                                                                                                                           
           20                                                                                                                                                                                           
          110                                                                                                                                                                                           
           50                                                                                                                                                                                           
           80                                                                                                                                                                                           
           60                                                                                                                                                                                           
           10                                                                                                                                                                                           

8 rows selected.

SQL> SELECT MANAGER_ID FROM EMPLOYEES;

MANAGER_ID                                                                                                                                                                                              
----------                                                                                                                                                                                              
                                                                                                                                                                                                        
       100                                                                                                                                                                                              
       100                                                                                                                                                                                              
       102                                                                                                                                                                                              
       103                                                                                                                                                                                              
       103                                                                                                                                                                                              
       100                                                                                                                                                                                              
       124                                                                                                                                                                                              
       124                                                                                                                                                                                              
       124                                                                                                                                                                                              
       124                                                                                                                                                                                              
       100                                                                                                                                                                                              
       149                                                                                                                                                                                              
       149                                                                                                                                                                                              
       149                                                                                                                                                                                              
       101                                                                                                                                                                                              
       100                                                                                                                                                                                              
       201                                                                                                                                                                                              
       101                                                                                                                                                                                              
       205                                                                                                                                                                                              

20 rows selected.

SQL> SELECT UNIQUE MANAGER_ID FROM EMPLOYEES;

MANAGER_ID                                                                                                                                                                                              
----------                                                                                                                                                                                              
                                                                                                                                                                                                        
       100                                                                                                                                                                                              
       149                                                                                                                                                                                              
       205                                                                                                                                                                                              
       102                                                                                                                                                                                              
       201                                                                                                                                                                                              
       101                                                                                                                                                                                              
       124                                                                                                                                                                                              
       103                                                                                                                                                                                              

9 rows selected.

SQL> SELECT DEPARTMENT_ID , JOB_ID FROM EMPLOYEES;

DEPARTMENT_ID JOB_ID                                                                                                                                                                                    
------------- ----------                                                                                                                                                                                
           90 AD_PRES                                                                                                                                                                                   
           90 AD_VP                                                                                                                                                                                     
           90 AD_VP                                                                                                                                                                                     
           60 IT_PROG                                                                                                                                                                                   
           60 IT_PROG                                                                                                                                                                                   
           60 IT_PROG                                                                                                                                                                                   
           50 ST_MAN                                                                                                                                                                                    
           50 ST_CLERK                                                                                                                                                                                  
           50 ST_CLERK                                                                                                                                                                                  
           50 ST_CLERK                                                                                                                                                                                  
           50 ST_CLERK                                                                                                                                                                                  
           80 SA_MAN                                                                                                                                                                                    
           80 SA_REP                                                                                                                                                                                    
           80 SA_REP                                                                                                                                                                                    
              SA_REP                                                                                                                                                                                    
           10 AD_ASST                                                                                                                                                                                   
           20 MK_MAN                                                                                                                                                                                    
           20 MK_REP                                                                                                                                                                                    
          110 AC_MGR                                                                                                                                                                                    
          110 AC_ACCOUNT                                                                                                                                                                                

20 rows selected.

SQL> SELECT DEPARTMENT_ID , JOB_ID FROM EMPLOYEES ORDER BY 1,2;

DEPARTMENT_ID JOB_ID                                                                                                                                                                                    
------------- ----------                                                                                                                                                                                
           10 AD_ASST                                                                                                                                                                                   
           20 MK_MAN                                                                                                                                                                                    
           20 MK_REP                                                                                                                                                                                    
           50 ST_CLERK                                                                                                                                                                                  
           50 ST_CLERK                                                                                                                                                                                  
           50 ST_CLERK                                                                                                                                                                                  
           50 ST_CLERK                                                                                                                                                                                  
           50 ST_MAN                                                                                                                                                                                    
           60 IT_PROG                                                                                                                                                                                   
           60 IT_PROG                                                                                                                                                                                   
           60 IT_PROG                                                                                                                                                                                   
           80 SA_MAN                                                                                                                                                                                    
           80 SA_REP                                                                                                                                                                                    
           80 SA_REP                                                                                                                                                                                    
           90 AD_PRES                                                                                                                                                                                   
           90 AD_VP                                                                                                                                                                                     
           90 AD_VP                                                                                                                                                                                     
          110 AC_ACCOUNT                                                                                                                                                                                
          110 AC_MGR                                                                                                                                                                                    
              SA_REP                                                                                                                                                                                    

20 rows selected.

SQL> SELECT DISTINCT DEPARTMENT_ID , DISTINCT JOB_ID FROM EMPLOYEES ORDER BY 1,2;
SELECT DISTINCT DEPARTMENT_ID , DISTINCT JOB_ID FROM EMPLOYEES ORDER BY 1,2
                                *
ERROR at line 1:
ORA-00936: missing expression 


SQL> SELECT DEPARTMENT_ID , DISTINCT JOB_ID FROM EMPLOYEES ORDER BY 1,2;
SELECT DEPARTMENT_ID , DISTINCT JOB_ID FROM EMPLOYEES ORDER BY 1,2
                       *
ERROR at line 1:
ORA-00936: missing expression 


SQL> SELECT DISTINCT DEPARTMENT_ID , JOB_ID FROM EMPLOYEES ORDER BY 1,2;

DEPARTMENT_ID JOB_ID                                                                                                                                                                                    
------------- ----------                                                                                                                                                                                
           10 AD_ASST                                                                                                                                                                                   
           20 MK_MAN                                                                                                                                                                                    
           20 MK_REP                                                                                                                                                                                    
           50 ST_CLERK                                                                                                                                                                                  
           50 ST_MAN                                                                                                                                                                                    
           60 IT_PROG                                                                                                                                                                                   
           80 SA_MAN                                                                                                                                                                                    
           80 SA_REP                                                                                                                                                                                    
           90 AD_PRES                                                                                                                                                                                   
           90 AD_VP                                                                                                                                                                                     
          110 AC_ACCOUNT                                                                                                                                                                                
          110 AC_MGR                                                                                                                                                                                    
              SA_REP                                                                                                                                                                                    

13 rows selected.

SQL> SELECT MANAGER_ID , JOB_ID , DEPARTMENT_ID FROM EMPLOYEES ORDER BY 1,2,3;

MANAGER_ID JOB_ID     DEPARTMENT_ID                                                                                                                                                                     
---------- ---------- -------------                                                                                                                                                                     
       100 AD_VP                 90                                                                                                                                                                     
       100 AD_VP                 90                                                                                                                                                                     
       100 MK_MAN                20                                                                                                                                                                     
       100 SA_MAN                80                                                                                                                                                                     
       100 ST_MAN                50                                                                                                                                                                     
       101 AC_MGR               110                                                                                                                                                                     
       101 AD_ASST               10                                                                                                                                                                     
       102 IT_PROG               60                                                                                                                                                                     
       103 IT_PROG               60                                                                                                                                                                     
       103 IT_PROG               60                                                                                                                                                                     
       124 ST_CLERK              50                                                                                                                                                                     
       124 ST_CLERK              50                                                                                                                                                                     
       124 ST_CLERK              50                                                                                                                                                                     
       124 ST_CLERK              50                                                                                                                                                                     
       149 SA_REP                80                                                                                                                                                                     
       149 SA_REP                80                                                                                                                                                                     
       149 SA_REP                                                                                                                                                                                       
       201 MK_REP                20                                                                                                                                                                     
       205 AC_ACCOUNT           110                                                                                                                                                                     
           AD_PRES               90                                                                                                                                                                     

20 rows selected.

SQL> SELECT UNIQUE MANAGER_ID , JOB_ID , DEPARTMENT_ID FROM EMPLOYEES ORDER BY 1,2,3;

MANAGER_ID JOB_ID     DEPARTMENT_ID                                                                                                                                                                     
---------- ---------- -------------                                                                                                                                                                     
       100 AD_VP                 90                                                                                                                                                                     
       100 MK_MAN                20                                                                                                                                                                     
       100 SA_MAN                80                                                                                                                                                                     
       100 ST_MAN                50                                                                                                                                                                     
       101 AC_MGR               110                                                                                                                                                                     
       101 AD_ASST               10                                                                                                                                                                     
       102 IT_PROG               60                                                                                                                                                                     
       103 IT_PROG               60                                                                                                                                                                     
       124 ST_CLERK              50                                                                                                                                                                     
       149 SA_REP                80                                                                                                                                                                     
       149 SA_REP                                                                                                                                                                                       
       201 MK_REP                20                                                                                                                                                                     
       205 AC_ACCOUNT           110                                                                                                                                                                     
           AD_PRES               90                                                                                                                                                                     

14 rows selected.

SQL> SELECT POWER(5,2) FROM DUAL;

POWER(5,2)                                                                                                                                                                                              
----------                                                                                                                                                                                              
        25                                                                                                                                                                                              

SQL> SELECT POWER(25,1/2) FROM DUAL;

POWER(25,1/2)                                                                                                                                                                                           
-------------                                                                                                                                                                                           
            5                                                                                                                                                                                           

SQL> SELECT POWER(5,3) FROM DUAL;

POWER(5,3)                                                                                                                                                                                              
----------                                                                                                                                                                                              
       125                                                                                                                                                                                              

SQL> SELECT POWER(125,1/3) FROM DUAL;

POWER(125,1/3)                                                                                                                                                                                          
--------------                                                                                                                                                                                          
             5                                                                                                                                                                                          

SQL> REM CONCATENATION OPERATOR : ||
SQL> 
SQL> REM || TO JOIN/CLUB TWO ITEMS
SQL> 
SQL> SELECT FIRST_NAME , LAST_NAME FROM EMPLOYEES;

FIRST_NAME LAST_NAME                                                                                                                                                                                    
---------- ----------                                                                                                                                                                                   
Steven     King                                                                                                                                                                                         
Neena      Kochhar                                                                                                                                                                                      
Lex        De Haan                                                                                                                                                                                      
Alexander  Hunold                                                                                                                                                                                       
Bruce      Ernst                                                                                                                                                                                        
Diana      Lorentz                                                                                                                                                                                      
Kevin      Mourgos                                                                                                                                                                                      
Trenna     Rajs                                                                                                                                                                                         
Curtis     Davies                                                                                                                                                                                       
Randall    Matos                                                                                                                                                                                        
Peter      Vargas                                                                                                                                                                                       
Eleni      Zlotkey                                                                                                                                                                                      
Ellen      Abel                                                                                                                                                                                         
Jonathon   Taylor                                                                                                                                                                                       
Kimerely   Grant                                                                                                                                                                                        
Jennifer   Whalen                                                                                                                                                                                       
Michael    Hartstein                                                                                                                                                                                    
Pat        Fay                                                                                                                                                                                          
Shelley    Higgins                                                                                                                                                                                      
William    Gietz                                                                                                                                                                                        

20 rows selected.

SQL> SELECT FIRST_NAME || LAST_NAME FROM EMPLOYEES;

FIRST_NAME||LAST_NAM                                                                                                                                                                                    
--------------------                                                                                                                                                                                    
StevenKing                                                                                                                                                                                              
NeenaKochhar                                                                                                                                                                                            
LexDe Haan                                                                                                                                                                                              
AlexanderHunold                                                                                                                                                                                         
BruceErnst                                                                                                                                                                                              
DianaLorentz                                                                                                                                                                                            
KevinMourgos                                                                                                                                                                                            
TrennaRajs                                                                                                                                                                                              
CurtisDavies                                                                                                                                                                                            
RandallMatos                                                                                                                                                                                            
PeterVargas                                                                                                                                                                                             
EleniZlotkey                                                                                                                                                                                            
EllenAbel                                                                                                                                                                                               
JonathonTaylor                                                                                                                                                                                          
KimerelyGrant                                                                                                                                                                                           
JenniferWhalen                                                                                                                                                                                          
MichaelHartstein                                                                                                                                                                                        
PatFay                                                                                                                                                                                                  
ShelleyHiggins                                                                                                                                                                                          
WilliamGietz                                                                                                                                                                                            

20 rows selected.

SQL> SELECT FIRST_NAME || ' ' || LAST_NAME FROM EMPLOYEES;

FIRST_NAME||''||LAST_                                                                                                                                                                                   
---------------------                                                                                                                                                                                   
Steven King                                                                                                                                                                                             
Neena Kochhar                                                                                                                                                                                           
Lex De Haan                                                                                                                                                                                             
Alexander Hunold                                                                                                                                                                                        
Bruce Ernst                                                                                                                                                                                             
Diana Lorentz                                                                                                                                                                                           
Kevin Mourgos                                                                                                                                                                                           
Trenna Rajs                                                                                                                                                                                             
Curtis Davies                                                                                                                                                                                           
Randall Matos                                                                                                                                                                                           
Peter Vargas                                                                                                                                                                                            
Eleni Zlotkey                                                                                                                                                                                           
Ellen Abel                                                                                                                                                                                              
Jonathon Taylor                                                                                                                                                                                         
Kimerely Grant                                                                                                                                                                                          
Jennifer Whalen                                                                                                                                                                                         
Michael Hartstein                                                                                                                                                                                       
Pat Fay                                                                                                                                                                                                 
Shelley Higgins                                                                                                                                                                                         
William Gietz                                                                                                                                                                                           

20 rows selected.

SQL> SELECT || FIRST_NAME || ' ' || LAST_NAME FROM EMPLOYEES;
SELECT || FIRST_NAME || ' ' || LAST_NAME FROM EMPLOYEES
       *
ERROR at line 1:
ORA-00936: missing expression 


SQL> SELECT || FIRST_NAME || ' ' || LAST_NAME || FROM EMPLOYEES;
SELECT || FIRST_NAME || ' ' || LAST_NAME || FROM EMPLOYEES
       *
ERROR at line 1:
ORA-00936: missing expression 


SQL> SELECT FIRST_NAME || ' ' || LAST_NAME FULNAME FROM EMPLOYEES;

FULNAME                                                                                                                                                                                                 
---------------------                                                                                                                                                                                   
Steven King                                                                                                                                                                                             
Neena Kochhar                                                                                                                                                                                           
Lex De Haan                                                                                                                                                                                             
Alexander Hunold                                                                                                                                                                                        
Bruce Ernst                                                                                                                                                                                             
Diana Lorentz                                                                                                                                                                                           
Kevin Mourgos                                                                                                                                                                                           
Trenna Rajs                                                                                                                                                                                             
Curtis Davies                                                                                                                                                                                           
Randall Matos                                                                                                                                                                                           
Peter Vargas                                                                                                                                                                                            
Eleni Zlotkey                                                                                                                                                                                           
Ellen Abel                                                                                                                                                                                              
Jonathon Taylor                                                                                                                                                                                         
Kimerely Grant                                                                                                                                                                                          
Jennifer Whalen                                                                                                                                                                                         
Michael Hartstein                                                                                                                                                                                       
Pat Fay                                                                                                                                                                                                 
Shelley Higgins                                                                                                                                                                                         
William Gietz                                                                                                                                                                                           

20 rows selected.

SQL> SELECT FIRST_NAME || ' ' || LAST_NAME "FULL NAME" FROM EMPLOYEES;

FULL NAME                                                                                                                                                                                               
---------------------                                                                                                                                                                                   
Steven King                                                                                                                                                                                             
Neena Kochhar                                                                                                                                                                                           
Lex De Haan                                                                                                                                                                                             
Alexander Hunold                                                                                                                                                                                        
Bruce Ernst                                                                                                                                                                                             
Diana Lorentz                                                                                                                                                                                           
Kevin Mourgos                                                                                                                                                                                           
Trenna Rajs                                                                                                                                                                                             
Curtis Davies                                                                                                                                                                                           
Randall Matos                                                                                                                                                                                           
Peter Vargas                                                                                                                                                                                            
Eleni Zlotkey                                                                                                                                                                                           
Ellen Abel                                                                                                                                                                                              
Jonathon Taylor                                                                                                                                                                                         
Kimerely Grant                                                                                                                                                                                          
Jennifer Whalen                                                                                                                                                                                         
Michael Hartstein                                                                                                                                                                                       
Pat Fay                                                                                                                                                                                                 
Shelley Higgins                                                                                                                                                                                         
William Gietz                                                                                                                                                                                           

20 rows selected.

SQL> SELECT FIRST_NAME || ' ' || LAST_NAME 'FULL NAME' FROM EMPLOYEES;
SELECT FIRST_NAME || ' ' || LAST_NAME 'FULL NAME' FROM EMPLOYEES
                                      *
ERROR at line 1:
ORA-00923: FROM keyword not found where expected 


SQL> SELECT FIRST_NAME || " " || LAST_NAME "FULL NAME" FROM EMPLOYEES;
SELECT FIRST_NAME || " " || LAST_NAME "FULL NAME" FROM EMPLOYEES
                     *
ERROR at line 1:
ORA-00904: " ": invalid identifier 


SQL> SELECT FIRST_NAME , SALARY , HIRE_DATE FROM EMPLOYEES;

FIRST_NAME     SALARY HIRE_DATE                                                                                                                                                                         
---------- ---------- ---------                                                                                                                                                                         
Steven          24000 17-JUL-87                                                                                                                                                                         
Neena           17000 21-SEP-89                                                                                                                                                                         
Lex             17000 13-JAN-93                                                                                                                                                                         
Alexander        9000 03-JAN-90                                                                                                                                                                         
Bruce            6000 21-MAY-91                                                                                                                                                                         
Diana            4200 07-FEB-99                                                                                                                                                                         
Kevin            5800 16-NOV-99                                                                                                                                                                         
Trenna           3500 17-OCT-95                                                                                                                                                                         
Curtis           3100 29-JAN-97                                                                                                                                                                         
Randall          2600 15-MAR-98                                                                                                                                                                         
Peter            2500 09-JUL-98                                                                                                                                                                         
Eleni           10500 29-JAN-00                                                                                                                                                                         
Ellen           11000 11-MAY-96                                                                                                                                                                         
Jonathon         8600 24-MAR-98                                                                                                                                                                         
Kimerely         7000 24-MAY-99                                                                                                                                                                         
Jennifer         4400 17-SEP-87                                                                                                                                                                         
Michael         13000 17-FEB-96                                                                                                                                                                         
Pat              6000 17-AUG-97                                                                                                                                                                         
Shelley         12000 07-JUN-94                                                                                                                                                                         
William          8300 07-JUN-94                                                                                                                                                                         

20 rows selected.

SQL> SELECT FIRST_NAME || SALARY || HIRE_DATE FROM EMPLOYEES;

FIRST_NAME||SALARY||HIRE_DATE                                                                                                                                                                           
--------------------------------------------------------------------                                                                                                                                    
Steven2400017-JUL-87                                                                                                                                                                                    
Neena1700021-SEP-89                                                                                                                                                                                     
Lex1700013-JAN-93                                                                                                                                                                                       
Alexander900003-JAN-90                                                                                                                                                                                  
Bruce600021-MAY-91                                                                                                                                                                                      
Diana420007-FEB-99                                                                                                                                                                                      
Kevin580016-NOV-99                                                                                                                                                                                      
Trenna350017-OCT-95                                                                                                                                                                                     
Curtis310029-JAN-97                                                                                                                                                                                     
Randall260015-MAR-98                                                                                                                                                                                    
Peter250009-JUL-98                                                                                                                                                                                      
Eleni1050029-JAN-00                                                                                                                                                                                     
Ellen1100011-MAY-96                                                                                                                                                                                     
Jonathon860024-MAR-98                                                                                                                                                                                   
Kimerely700024-MAY-99                                                                                                                                                                                   
Jennifer440017-SEP-87                                                                                                                                                                                   
Michael1300017-FEB-96                                                                                                                                                                                   
Pat600017-AUG-97                                                                                                                                                                                        
Shelley1200007-JUN-94                                                                                                                                                                                   
William830007-JUN-94                                                                                                                                                                                    

20 rows selected.

SQL> SELECT FIRST_NAME || '-' || LAST_NAME 'FULL NAME' FROM EMPLOYEES;
SELECT FIRST_NAME || '-' || LAST_NAME 'FULL NAME' FROM EMPLOYEES
                                      *
ERROR at line 1:
ORA-00923: FROM keyword not found where expected 


SQL> SELECT FIRST_NAME || '-' || LAST_NAME "FULL NAME" FROM EMPLOYEES;

FULL NAME                                                                                                                                                                                               
---------------------                                                                                                                                                                                   
Steven-King                                                                                                                                                                                             
Neena-Kochhar                                                                                                                                                                                           
Lex-De Haan                                                                                                                                                                                             
Alexander-Hunold                                                                                                                                                                                        
Bruce-Ernst                                                                                                                                                                                             
Diana-Lorentz                                                                                                                                                                                           
Kevin-Mourgos                                                                                                                                                                                           
Trenna-Rajs                                                                                                                                                                                             
Curtis-Davies                                                                                                                                                                                           
Randall-Matos                                                                                                                                                                                           
Peter-Vargas                                                                                                                                                                                            
Eleni-Zlotkey                                                                                                                                                                                           
Ellen-Abel                                                                                                                                                                                              
Jonathon-Taylor                                                                                                                                                                                         
Kimerely-Grant                                                                                                                                                                                          
Jennifer-Whalen                                                                                                                                                                                         
Michael-Hartstein                                                                                                                                                                                       
Pat-Fay                                                                                                                                                                                                 
Shelley-Higgins                                                                                                                                                                                         
William-Gietz                                                                                                                                                                                           

20 rows selected.

SQL> SELECT FIRST_NAME || ',' || LAST_NAME "FULL NAME" FROM EMPLOYEES;

FULL NAME                                                                                                                                                                                               
---------------------                                                                                                                                                                                   
Steven,King                                                                                                                                                                                             
Neena,Kochhar                                                                                                                                                                                           
Lex,De Haan                                                                                                                                                                                             
Alexander,Hunold                                                                                                                                                                                        
Bruce,Ernst                                                                                                                                                                                             
Diana,Lorentz                                                                                                                                                                                           
Kevin,Mourgos                                                                                                                                                                                           
Trenna,Rajs                                                                                                                                                                                             
Curtis,Davies                                                                                                                                                                                           
Randall,Matos                                                                                                                                                                                           
Peter,Vargas                                                                                                                                                                                            
Eleni,Zlotkey                                                                                                                                                                                           
Ellen,Abel                                                                                                                                                                                              
Jonathon,Taylor                                                                                                                                                                                         
Kimerely,Grant                                                                                                                                                                                          
Jennifer,Whalen                                                                                                                                                                                         
Michael,Hartstein                                                                                                                                                                                       
Pat,Fay                                                                                                                                                                                                 
Shelley,Higgins                                                                                                                                                                                         
William,Gietz                                                                                                                                                                                           

20 rows selected.

SQL> SELECT FIRST_NAME || '->' || LAST_NAME "FULL NAME" FROM EMPLOYEES;

FULL NAME                                                                                                                                                                                               
----------------------                                                                                                                                                                                  
Steven->King                                                                                                                                                                                            
Neena->Kochhar                                                                                                                                                                                          
Lex->De Haan                                                                                                                                                                                            
Alexander->Hunold                                                                                                                                                                                       
Bruce->Ernst                                                                                                                                                                                            
Diana->Lorentz                                                                                                                                                                                          
Kevin->Mourgos                                                                                                                                                                                          
Trenna->Rajs                                                                                                                                                                                            
Curtis->Davies                                                                                                                                                                                          
Randall->Matos                                                                                                                                                                                          
Peter->Vargas                                                                                                                                                                                           
Eleni->Zlotkey                                                                                                                                                                                          
Ellen->Abel                                                                                                                                                                                             
Jonathon->Taylor                                                                                                                                                                                        
Kimerely->Grant                                                                                                                                                                                         
Jennifer->Whalen                                                                                                                                                                                        
Michael->Hartstein                                                                                                                                                                                      
Pat->Fay                                                                                                                                                                                                
Shelley->Higgins                                                                                                                                                                                        
William->Gietz                                                                                                                                                                                          

20 rows selected.

SQL> SELECT FIRST_NAME , JOB_ID FROM EMPLOYEES;

FIRST_NAME JOB_ID                                                                                                                                                                                       
---------- ----------                                                                                                                                                                                   
Steven     AD_PRES                                                                                                                                                                                      
Neena      AD_VP                                                                                                                                                                                        
Lex        AD_VP                                                                                                                                                                                        
Alexander  IT_PROG                                                                                                                                                                                      
Bruce      IT_PROG                                                                                                                                                                                      
Diana      IT_PROG                                                                                                                                                                                      
Kevin      ST_MAN                                                                                                                                                                                       
Trenna     ST_CLERK                                                                                                                                                                                     
Curtis     ST_CLERK                                                                                                                                                                                     
Randall    ST_CLERK                                                                                                                                                                                     
Peter      ST_CLERK                                                                                                                                                                                     
Eleni      SA_MAN                                                                                                                                                                                       
Ellen      SA_REP                                                                                                                                                                                       
Jonathon   SA_REP                                                                                                                                                                                       
Kimerely   SA_REP                                                                                                                                                                                       
Jennifer   AD_ASST                                                                                                                                                                                      
Michael    MK_MAN                                                                                                                                                                                       
Pat        MK_REP                                                                                                                                                                                       
Shelley    AC_MGR                                                                                                                                                                                       
William    AC_ACCOUNT                                                                                                                                                                                   

20 rows selected.

SQL> REM Steven works as AD_PRES.
SQL> 
SQL> REM Neena works as AD_VP.
SQL> 
SQL> 
SQL> REM William works as AC_ACCOUNT.
SQL> 
SQL> 
SQL> SELECT FIRST_NAME || ' works as ' || JOB_ID || '.' FROM EMPLOYEES;

FIRST_NAME||'WORKSAS'||JOB_ID||                                                                                                                                                                         
-------------------------------                                                                                                                                                                         
Steven works as AD_PRES.                                                                                                                                                                                
Neena works as AD_VP.                                                                                                                                                                                   
Lex works as AD_VP.                                                                                                                                                                                     
Alexander works as IT_PROG.                                                                                                                                                                             
Bruce works as IT_PROG.                                                                                                                                                                                 
Diana works as IT_PROG.                                                                                                                                                                                 
Kevin works as ST_MAN.                                                                                                                                                                                  
Trenna works as ST_CLERK.                                                                                                                                                                               
Curtis works as ST_CLERK.                                                                                                                                                                               
Randall works as ST_CLERK.                                                                                                                                                                              
Peter works as ST_CLERK.                                                                                                                                                                                
Eleni works as SA_MAN.                                                                                                                                                                                  
Ellen works as SA_REP.                                                                                                                                                                                  
Jonathon works as SA_REP.                                                                                                                                                                               
Kimerely works as SA_REP.                                                                                                                                                                               
Jennifer works as AD_ASST.                                                                                                                                                                              
Michael works as MK_MAN.                                                                                                                                                                                
Pat works as MK_REP.                                                                                                                                                                                    
Shelley works as AC_MGR.                                                                                                                                                                                
William works as AC_ACCOUNT.                                                                                                                                                                            

20 rows selected.

SQL> SELECT FIRST_NAME || ' works as ' || JOB_ID || '.' "EMPLOYEES INFO." FROM EMPLOYEES;

EMPLOYEES INFO.                                                                                                                                                                                         
-------------------------------                                                                                                                                                                         
Steven works as AD_PRES.                                                                                                                                                                                
Neena works as AD_VP.                                                                                                                                                                                   
Lex works as AD_VP.                                                                                                                                                                                     
Alexander works as IT_PROG.                                                                                                                                                                             
Bruce works as IT_PROG.                                                                                                                                                                                 
Diana works as IT_PROG.                                                                                                                                                                                 
Kevin works as ST_MAN.                                                                                                                                                                                  
Trenna works as ST_CLERK.                                                                                                                                                                               
Curtis works as ST_CLERK.                                                                                                                                                                               
Randall works as ST_CLERK.                                                                                                                                                                              
Peter works as ST_CLERK.                                                                                                                                                                                
Eleni works as SA_MAN.                                                                                                                                                                                  
Ellen works as SA_REP.                                                                                                                                                                                  
Jonathon works as SA_REP.                                                                                                                                                                               
Kimerely works as SA_REP.                                                                                                                                                                               
Jennifer works as AD_ASST.                                                                                                                                                                              
Michael works as MK_MAN.                                                                                                                                                                                
Pat works as MK_REP.                                                                                                                                                                                    
Shelley works as AC_MGR.                                                                                                                                                                                
William works as AC_ACCOUNT.                                                                                                                                                                            

20 rows selected.

SQL> SELECT * FROM EMPLOYEES;

EMPLOYEE_ID FIRST_NAME LAST_NAME  EMAIL      PHONE_NUMBER         HIRE_DATE JOB_ID         SALARY COMMISSION_PCT MANAGER_ID DEPARTMENT_ID                                                               
----------- ---------- ---------- ---------- -------------------- --------- ---------- ---------- -------------- ---------- -------------                                                               
        100 Steven     King       SKING      515.123.4567         17-JUL-87 AD_PRES         24000                                      90                                                               
        101 Neena      Kochhar    NKOCHHAR   515.123.4568         21-SEP-89 AD_VP           17000                       100            90                                                               
        102 Lex        De Haan    LDEHAAN    515.123.4569         13-JAN-93 AD_VP           17000                       100            90                                                               
        103 Alexander  Hunold     AHUNOLD    590.423.4567         03-JAN-90 IT_PROG          9000                       102            60                                                               
        104 Bruce      Ernst      BERNST     590.423.4568         21-MAY-91 IT_PROG          6000                       103            60                                                               
        107 Diana      Lorentz    DLORENTZ   590.423.5567         07-FEB-99 IT_PROG          4200                       103            60                                                               
        124 Kevin      Mourgos    KMOURGOS   650.123.5234         16-NOV-99 ST_MAN           5800                       100            50                                                               
        141 Trenna     Rajs       TRAJS      650.121.8009         17-OCT-95 ST_CLERK         3500                       124            50                                                               
        142 Curtis     Davies     CDAVIES    650.121.2994         29-JAN-97 ST_CLERK         3100                       124            50                                                               
        143 Randall    Matos      RMATOS     650.121.2874         15-MAR-98 ST_CLERK         2600                       124            50                                                               
        144 Peter      Vargas     PVARGAS    650.121.2004         09-JUL-98 ST_CLERK         2500                       124            50                                                               
        149 Eleni      Zlotkey    EZLOTKEY   011.44.1344.429018   29-JAN-00 SA_MAN          10500             .2        100            80                                                               
        174 Ellen      Abel       EABEL      011.44.1644.429267   11-MAY-96 SA_REP          11000             .3        149            80                                                               
        176 Jonathon   Taylor     JTAYLOR    011.44.1644.429265   24-MAR-98 SA_REP           8600             .3        149            80                                                               
        178 Kimerely   Grant      KGRANT     011.44.1644.429263   24-MAY-99 SA_REP           7000            .15        149                                                                             
        200 Jennifer   Whalen     JWAHLEN    515.123.4444         17-SEP-87 AD_ASST          4400                       101            10                                                               
        201 Michael    Hartstein  MHARTSTE   515.123.5555         17-FEB-96 MK_MAN          13000                       100            20                                                               
        202 Pat        Fay        PFAY       603.123.6666         17-AUG-97 MK_REP           6000                       201            20                                                               
        205 Shelley    Higgins    SHIGGINS   515.123.8080         07-JUN-94 AC_MGR          12000                       101           110                                                               
        206 William    Gietz      WGIETZ     515.123.8181         07-JUN-94 AC_ACCOUNT       8300                       205           110                                                               

20 rows selected.

SQL> REM King gets Rs.24000 as monthly salary.
SQL> 
SQL> SELECT LAST_NAME || ' gets Rs. ' || SALARY || ' as monthly salary. ' from employees;

LAST_NAME||'GETSRS.'||SALARY||'ASMONTHLYSALARY.'                                                                                                                                                        
--------------------------------------------------------------------------------                                                                                                                        
King gets Rs. 24000 as monthly salary.                                                                                                                                                                  
Kochhar gets Rs. 17000 as monthly salary.                                                                                                                                                               
De Haan gets Rs. 17000 as monthly salary.                                                                                                                                                               
Hunold gets Rs. 9000 as monthly salary.                                                                                                                                                                 
Ernst gets Rs. 6000 as monthly salary.                                                                                                                                                                  
Lorentz gets Rs. 4200 as monthly salary.                                                                                                                                                                
Mourgos gets Rs. 5800 as monthly salary.                                                                                                                                                                
Rajs gets Rs. 3500 as monthly salary.                                                                                                                                                                   
Davies gets Rs. 3100 as monthly salary.                                                                                                                                                                 
Matos gets Rs. 2600 as monthly salary.                                                                                                                                                                  
Vargas gets Rs. 2500 as monthly salary.                                                                                                                                                                 
Zlotkey gets Rs. 10500 as monthly salary.                                                                                                                                                               
Abel gets Rs. 11000 as monthly salary.                                                                                                                                                                  
Taylor gets Rs. 8600 as monthly salary.                                                                                                                                                                 
Grant gets Rs. 7000 as monthly salary.                                                                                                                                                                  
Whalen gets Rs. 4400 as monthly salary.                                                                                                                                                                 
Hartstein gets Rs. 13000 as monthly salary.                                                                                                                                                             
Fay gets Rs. 6000 as monthly salary.                                                                                                                                                                    
Higgins gets Rs. 12000 as monthly salary.                                                                                                                                                               
Gietz gets Rs. 8300 as monthly salary.                                                                                                                                                                  

20 rows selected.

SQL> SELECT * FROM EMPLOYEES;

EMPLOYEE_ID FIRST_NAME LAST_NAME  EMAIL      PHONE_NUMBER         HIRE_DATE JOB_ID         SALARY COMMISSION_PCT MANAGER_ID DEPARTMENT_ID                                                               
----------- ---------- ---------- ---------- -------------------- --------- ---------- ---------- -------------- ---------- -------------                                                               
        100 Steven     King       SKING      515.123.4567         17-JUL-87 AD_PRES         24000                                      90                                                               
        101 Neena      Kochhar    NKOCHHAR   515.123.4568         21-SEP-89 AD_VP           17000                       100            90                                                               
        102 Lex        De Haan    LDEHAAN    515.123.4569         13-JAN-93 AD_VP           17000                       100            90                                                               
        103 Alexander  Hunold     AHUNOLD    590.423.4567         03-JAN-90 IT_PROG          9000                       102            60                                                               
        104 Bruce      Ernst      BERNST     590.423.4568         21-MAY-91 IT_PROG          6000                       103            60                                                               
        107 Diana      Lorentz    DLORENTZ   590.423.5567         07-FEB-99 IT_PROG          4200                       103            60                                                               
        124 Kevin      Mourgos    KMOURGOS   650.123.5234         16-NOV-99 ST_MAN           5800                       100            50                                                               
        141 Trenna     Rajs       TRAJS      650.121.8009         17-OCT-95 ST_CLERK         3500                       124            50                                                               
        142 Curtis     Davies     CDAVIES    650.121.2994         29-JAN-97 ST_CLERK         3100                       124            50                                                               
        143 Randall    Matos      RMATOS     650.121.2874         15-MAR-98 ST_CLERK         2600                       124            50                                                               
        144 Peter      Vargas     PVARGAS    650.121.2004         09-JUL-98 ST_CLERK         2500                       124            50                                                               
        149 Eleni      Zlotkey    EZLOTKEY   011.44.1344.429018   29-JAN-00 SA_MAN          10500             .2        100            80                                                               
        174 Ellen      Abel       EABEL      011.44.1644.429267   11-MAY-96 SA_REP          11000             .3        149            80                                                               
        176 Jonathon   Taylor     JTAYLOR    011.44.1644.429265   24-MAR-98 SA_REP           8600             .3        149            80                                                               
        178 Kimerely   Grant      KGRANT     011.44.1644.429263   24-MAY-99 SA_REP           7000            .15        149                                                                             
        200 Jennifer   Whalen     JWAHLEN    515.123.4444         17-SEP-87 AD_ASST          4400                       101            10                                                               
        201 Michael    Hartstein  MHARTSTE   515.123.5555         17-FEB-96 MK_MAN          13000                       100            20                                                               
        202 Pat        Fay        PFAY       603.123.6666         17-AUG-97 MK_REP           6000                       201            20                                                               
        205 Shelley    Higgins    SHIGGINS   515.123.8080         07-JUN-94 AC_MGR          12000                       101           110                                                               
        206 William    Gietz      WGIETZ     515.123.8181         07-JUN-94 AC_ACCOUNT       8300                       205           110                                                               

20 rows selected.

SQL> REM Steven has joined the company on 17-JUL-87.
SQL> 
SQL> 
SQL> SELECT FIRST_NAME || ' has joined the company on ' || HIRE_DATE || '.' FROM EMPLOYEES;

FIRST_NAME||'HASJOINEDTHECOMPANYON'||HIRE_DATE||'.'                                                                                                                                                     
--------------------------------------------------------                                                                                                                                                
Steven has joined the company on 17-JUL-87.                                                                                                                                                             
Neena has joined the company on 21-SEP-89.                                                                                                                                                              
Lex has joined the company on 13-JAN-93.                                                                                                                                                                
Alexander has joined the company on 03-JAN-90.                                                                                                                                                          
Bruce has joined the company on 21-MAY-91.                                                                                                                                                              
Diana has joined the company on 07-FEB-99.                                                                                                                                                              
Kevin has joined the company on 16-NOV-99.                                                                                                                                                              
Trenna has joined the company on 17-OCT-95.                                                                                                                                                             
Curtis has joined the company on 29-JAN-97.                                                                                                                                                             
Randall has joined the company on 15-MAR-98.                                                                                                                                                            
Peter has joined the company on 09-JUL-98.                                                                                                                                                              
Eleni has joined the company on 29-JAN-00.                                                                                                                                                              
Ellen has joined the company on 11-MAY-96.                                                                                                                                                              
Jonathon has joined the company on 24-MAR-98.                                                                                                                                                           
Kimerely has joined the company on 24-MAY-99.                                                                                                                                                           
Jennifer has joined the company on 17-SEP-87.                                                                                                                                                           
Michael has joined the company on 17-FEB-96.                                                                                                                                                            
Pat has joined the company on 17-AUG-97.                                                                                                                                                                
Shelley has joined the company on 07-JUN-94.                                                                                                                                                            
William has joined the company on 07-JUN-94.                                                                                                                                                            

20 rows selected.

SQL> SELECT FIRST_NAME||' has joined the company on '||HIRE_DATE||'.' FROM EMPLOYEES;

FIRST_NAME||'HASJOINEDTHECOMPANYON'||HIRE_DATE||'.'                                                                                                                                                     
--------------------------------------------------------                                                                                                                                                
Steven has joined the company on 17-JUL-87.                                                                                                                                                             
Neena has joined the company on 21-SEP-89.                                                                                                                                                              
Lex has joined the company on 13-JAN-93.                                                                                                                                                                
Alexander has joined the company on 03-JAN-90.                                                                                                                                                          
Bruce has joined the company on 21-MAY-91.                                                                                                                                                              
Diana has joined the company on 07-FEB-99.                                                                                                                                                              
Kevin has joined the company on 16-NOV-99.                                                                                                                                                              
Trenna has joined the company on 17-OCT-95.                                                                                                                                                             
Curtis has joined the company on 29-JAN-97.                                                                                                                                                             
Randall has joined the company on 15-MAR-98.                                                                                                                                                            
Peter has joined the company on 09-JUL-98.                                                                                                                                                              
Eleni has joined the company on 29-JAN-00.                                                                                                                                                              
Ellen has joined the company on 11-MAY-96.                                                                                                                                                              
Jonathon has joined the company on 24-MAR-98.                                                                                                                                                           
Kimerely has joined the company on 24-MAY-99.                                                                                                                                                           
Jennifer has joined the company on 17-SEP-87.                                                                                                                                                           
Michael has joined the company on 17-FEB-96.                                                                                                                                                            
Pat has joined the company on 17-AUG-97.                                                                                                                                                                
Shelley has joined the company on 07-JUN-94.                                                                                                                                                            
William has joined the company on 07-JUN-94.                                                                                                                                                            

20 rows selected.

SQL> SPOOL OFF
