SQL> 
SQL> REM CONDITIONAL FUNCTIONS : 1 DECODE 2 CASE ... WHEN ... THEN ... 3 CASE WHEN ... THEN ...
SQL> 
SQL> REM INCREMENT : +1500
SQL> 
SQL> SELECT LAST_NAME , SALARY , SALRAY + 1500 NEW_SALARY FROM EMPLOYEES;
SELECT LAST_NAME , SALARY , SALRAY + 1500 NEW_SALARY FROM EMPLOYEES
                            *
ERROR at line 1:
ORA-00904: "SALRAY": invalid identifier 


SQL> SET LINES 200 PAGES 24
SQL> 
SQL> SELECT LAST_NAME , SALARY , SALARY + 1500 NEW_SALARY FROM EMPLOYEES;

LAST_NAME      SALARY NEW_SALARY                                                                                                                                                                        
---------- ---------- ----------                                                                                                                                                                        
King            24000      25500                                                                                                                                                                        
Kochhar         17000      18500                                                                                                                                                                        
De Haan         17000      18500                                                                                                                                                                        
Hunold           9000      10500                                                                                                                                                                        
Ernst            6000       7500                                                                                                                                                                        
Lorentz          4200       5700                                                                                                                                                                        
Mourgos          5800       7300                                                                                                                                                                        
Rajs             3500       5000                                                                                                                                                                        
Davies           3100       4600                                                                                                                                                                        
Matos            2600       4100                                                                                                                                                                        
Vargas           2500       4000                                                                                                                                                                        
Zlotkey         10500      12000                                                                                                                                                                        
Abel            11000      12500                                                                                                                                                                        
Taylor           8600      10100                                                                                                                                                                        
Grant            7000       8500                                                                                                                                                                        
Whalen           4400       5900                                                                                                                                                                        
Hartstein       13000      14500                                                                                                                                                                        
Fay              6000       7500                                                                                                                                                                        
Higgins         12000      13500                                                                                                                                                                        
Gietz            8300       9800                                                                                                                                                                        

20 rows selected.

SQL> REM INCREMENT : 20%          // 20% INCREMENT MEANS SALARY + SALARY*0.2 = SALARY(1+0.2) = SALARY * 1.2 !!!!!!!!!!!
SQL> 
SQL> SELECT LAST_NAME , SALARY , SALARY * 1.2 NEW_SALARY FROM EMPLOYEES;

LAST_NAME      SALARY NEW_SALARY                                                                                                                                                                        
---------- ---------- ----------                                                                                                                                                                        
King            24000      28800                                                                                                                                                                        
Kochhar         17000      20400                                                                                                                                                                        
De Haan         17000      20400                                                                                                                                                                        
Hunold           9000      10800                                                                                                                                                                        
Ernst            6000       7200                                                                                                                                                                        
Lorentz          4200       5040                                                                                                                                                                        
Mourgos          5800       6960                                                                                                                                                                        
Rajs             3500       4200                                                                                                                                                                        
Davies           3100       3720                                                                                                                                                                        
Matos            2600       3120                                                                                                                                                                        
Vargas           2500       3000                                                                                                                                                                        
Zlotkey         10500      12600                                                                                                                                                                        
Abel            11000      13200                                                                                                                                                                        
Taylor           8600      10320                                                                                                                                                                        
Grant            7000       8400                                                                                                                                                                        
Whalen           4400       5280                                                                                                                                                                        
Hartstein       13000      15600                                                                                                                                                                        
Fay              6000       7200                                                                                                                                                                        
Higgins         12000      14400                                                                                                                                                                        
Gietz            8300       9960                                                                                                                                                                        

20 rows selected.

SQL> REM INCREMENT BASED ON DEPARTMENT_ID : 20 +1200 , 50 +900 , 60 +600 , 110 +300 , REMAINING +500
SQL> 
SQL> SELECT LAST_NAME , DEPARTMENT_ID , SALARY ,
  2  DECODE( DEPARTMENT_ID , 20 , SALARY + 1200
  3                        , 50 , SALARY + 900
  4                        , 60 , SALARY + 600
  5                        , 110 , SALARY + 300, SALARY + 500) NEW_SALARY
  6  FROM EMPLOYEES;

LAST_NAME  DEPARTMENT_ID     SALARY NEW_SALARY                                                                                                                                                          
---------- ------------- ---------- ----------                                                                                                                                                          
King                  90      24000      24500                                                                                                                                                          
Kochhar               90      17000      17500                                                                                                                                                          
De Haan               90      17000      17500                                                                                                                                                          
Hunold                60       9000       9600                                                                                                                                                          
Ernst                 60       6000       6600                                                                                                                                                          
Lorentz               60       4200       4800                                                                                                                                                          
Mourgos               50       5800       6700                                                                                                                                                          
Rajs                  50       3500       4400                                                                                                                                                          
Davies                50       3100       4000                                                                                                                                                          
Matos                 50       2600       3500                                                                                                                                                          
Vargas                50       2500       3400                                                                                                                                                          
Zlotkey               80      10500      11000                                                                                                                                                          
Abel                  80      11000      11500                                                                                                                                                          
Taylor                80       8600       9100                                                                                                                                                          
Grant                          7000       7500                                                                                                                                                          
Whalen                10       4400       4900                                                                                                                                                          
Hartstein             20      13000      14200                                                                                                                                                          
Fay                   20       6000       7200                                                                                                                                                          
Higgins              110      12000      12300                                                                                                                                                          
Gietz                110       8300       8600                                                                                                                                                          

20 rows selected.

SQL> REM DECODE CAN PERFORM ONLY EQUALITY COMPARISON.
SQL> 
SQL> REM JOB_ID INCREMENT : IT_PROG 40% , SA_REP 30% , ST_CLERK 20% , ST_MAN 10% , REMAINING : NO INCREMENT
SQL> 
SQL> SELECT FIRST_NAME , JOB_ID , SALARY ,
  2  DECODE( JOB_ID , 'IT_PROG' , SALARY * 1.4
  3                 , 'SA_REP'  , SALARY * 1.3
  4                 , 'ST_CLERK', SALARY * 1.2
  5                 , 'ST_MAN'  , SALARY * 1.1) NEW_SALARY
  6  FROM EMPLOYEES;

FIRST_NAME JOB_ID         SALARY NEW_SALARY                                                                                                                                                             
---------- ---------- ---------- ----------                                                                                                                                                             
Steven     AD_PRES         24000                                                                                                                                                                        
Neena      AD_VP           17000                                                                                                                                                                        
Lex        AD_VP           17000                                                                                                                                                                        
Alexander  IT_PROG          9000      12600                                                                                                                                                             
Bruce      IT_PROG          6000       8400                                                                                                                                                             
Diana      IT_PROG          4200       5880                                                                                                                                                             
Kevin      ST_MAN           5800       6380                                                                                                                                                             
Trenna     ST_CLERK         3500       4200                                                                                                                                                             
Curtis     ST_CLERK         3100       3720                                                                                                                                                             
Randall    ST_CLERK         2600       3120                                                                                                                                                             
Peter      ST_CLERK         2500       3000                                                                                                                                                             
Eleni      SA_MAN          10500                                                                                                                                                                        
Ellen      SA_REP          11000      14300                                                                                                                                                             
Jonathon   SA_REP           8600      11180                                                                                                                                                             
Kimerely   SA_REP           7000       9100                                                                                                                                                             
Jennifer   AD_ASST          4400                                                                                                                                                                        
Michael    MK_MAN          13000                                                                                                                                                                        
Pat        MK_REP           6000                                                                                                                                                                        
Shelley    AC_MGR          12000                                                                                                                                                                        
William    AC_ACCOUNT       8300                                                                                                                                                                        

20 rows selected.

SQL> SELECT FIRST_NAME , JOB_ID , SALARY ,           // WRITE IN THIS FORMAT ONLY!!!!!!!!! IT'S BASICALLY HAS GOOD READABILTY AND UNDERSTABILITY !!!!!!!
  2  DECODE( JOB_ID , 'IT_PROG' , SALARY * 1.4
  3                 , 'SA_REP'  , SALARY * 1.3
  4                 , 'ST_CLERK', SALARY * 1.2
  5                 , 'ST_MAN'  , SALARY * 1.1 , SALARY) NEW_SALARY
  6  FROM EMPLOYEES;

FIRST_NAME JOB_ID         SALARY NEW_SALARY                                                                                                                                                             
---------- ---------- ---------- ----------                                                                                                                                                             
Steven     AD_PRES         24000      24000                                                                                                                                                             
Neena      AD_VP           17000      17000                                                                                                                                                             
Lex        AD_VP           17000      17000                                                                                                                                                             
Alexander  IT_PROG          9000      12600                                                                                                                                                             
Bruce      IT_PROG          6000       8400                                                                                                                                                             
Diana      IT_PROG          4200       5880                                                                                                                                                             
Kevin      ST_MAN           5800       6380                                                                                                                                                             
Trenna     ST_CLERK         3500       4200                                                                                                                                                             
Curtis     ST_CLERK         3100       3720                                                                                                                                                             
Randall    ST_CLERK         2600       3120                                                                                                                                                             
Peter      ST_CLERK         2500       3000                                                                                                                                                             
Eleni      SA_MAN          10500      10500                                                                                                                                                             
Ellen      SA_REP          11000      14300                                                                                                                                                             
Jonathon   SA_REP           8600      11180                                                                                                                                                             
Kimerely   SA_REP           7000       9100                                                                                                                                                             
Jennifer   AD_ASST          4400       4400                                                                                                                                                             
Michael    MK_MAN          13000      13000                                                                                                                                                             
Pat        MK_REP           6000       6000                                                                                                                                                             
Shelley    AC_MGR          12000      12000                                                                                                                                                             
William    AC_ACCOUNT       8300       8300                                                                                                                                                             

20 rows selected.

SQL> REM MANAGER_ID : 100 +2000 , 124 : 30% , 149 : +1200 , 102 5% , REMAINING 7.5%
SQL> 
SQL> SELECT FIRST_NAME, MANAGER_ID, SALARY,  DECODE(MANAGER_ID, 100, SALARY+2000, 124, SALARY*1.3, 149, SALARY+1200, 102, SALARY*1.05, SALARY*1.075) NEW_SALARY FROM EMPLOYEES;

FIRST_NAME MANAGER_ID     SALARY NEW_SALARY                                                                                                                                                             
---------- ---------- ---------- ----------                                                                                                                                                             
Steven                     24000      25800                                                                                                                                                             
Neena             100      17000      19000                                                                                                                                                             
Lex               100      17000      19000                                                                                                                                                             
Alexander         102       9000       9450                                                                                                                                                             
Bruce             103       6000       6450                                                                                                                                                             
Diana             103       4200       4515                                                                                                                                                             
Kevin             100       5800       7800                                                                                                                                                             
Trenna            124       3500       4550                                                                                                                                                             
Curtis            124       3100       4030                                                                                                                                                             
Randall           124       2600       3380                                                                                                                                                             
Peter             124       2500       3250                                                                                                                                                             
Eleni             100      10500      12500                                                                                                                                                             
Ellen             149      11000      12200                                                                                                                                                             
Jonathon          149       8600       9800                                                                                                                                                             
Kimerely          149       7000       8200                                                                                                                                                             
Jennifer          101       4400       4730                                                                                                                                                             
Michael           100      13000      15000                                                                                                                                                             
Pat               201       6000       6450                                                                                                                                                             
Shelley           101      12000      12900                                                                                                                                                             
William           205       8300     8922.5                                                                                                                                                             

20 rows selected.


SQL> SELECT FIRST_NAME,MANAGER_ID,SALARY,
  2  DECODE(MANAGER_ID,100,SALARY+2000
  3                   ,124,SALARY*1.3
  4                   ,149,SALARY+1200
  5                   ,102,SALARY*1.05 , SALARY*1.75)NEW_SALARY FROM EMPLOYEES;

FIRST_NAME MANAGER_ID     SALARY NEW_SALARY                                                                                                                                                             
---------- ---------- ---------- ----------                                                                                                                                                             
Steven                     24000      42000                                                                                                                                                             
Neena             100      17000      19000                                                                                                                                                             
Lex               100      17000      19000                                                                                                                                                             
Alexander         102       9000       9450                                                                                                                                                             
Bruce             103       6000      10500                                                                                                                                                             
Diana             103       4200       7350                                                                                                                                                             
Kevin             100       5800       7800                                                                                                                                                             
Trenna            124       3500       4550                                                                                                                                                             
Curtis            124       3100       4030                                                                                                                                                             
Randall           124       2600       3380                                                                                                                                                             
Peter             124       2500       3250                                                                                                                                                             
Eleni             100      10500      12500                                                                                                                                                             
Ellen             149      11000      12200                                                                                                                                                             
Jonathon          149       8600       9800                                                                                                                                                             
Kimerely          149       7000       8200                                                                                                                                                             
Jennifer          101       4400       7700                                                                                                                                                             
Michael           100      13000      15000                                                                                                                                                             
Pat               201       6000      10500                                                                                                                                                             
Shelley           101      12000      21000                                                                                                                                                             
William           205       8300      14525                                                                                                                                                             

20 rows selected.

SQL> SELECT MANAGER_ID,SALARY,
  2  DECODE(MANAGER_ID,100,SALARY+2000,
  3    		124,SALARY*1.3,
  4    		149,SALARY+1200,
  5    		102,SALARY*1.05,SALARY*1.75)
  6  		FROM EMPLOYEES;

MANAGER_ID     SALARY DECODE(MANAGER_ID,100,SALARY+2000,124,SALARY*1.3,149,SALARY+1200,102,SALARY*1.05,SALARY*1.75)                                                                                     
---------- ---------- ---------------------------------------------------------------------------------------------                                                                                     
                24000                                                                                         42000                                                                                     
       100      17000                                                                                         19000                                                                                     
       100      17000                                                                                         19000                                                                                     
       102       9000                                                                                          9450                                                                                     
       103       6000                                                                                         10500                                                                                     
       103       4200                                                                                          7350                                                                                     
       100       5800                                                                                          7800                                                                                     
       124       3500                                                                                          4550                                                                                     
       124       3100                                                                                          4030                                                                                     
       124       2600                                                                                          3380                                                                                     
       124       2500                                                                                          3250                                                                                     
       100      10500                                                                                         12500                                                                                     
       149      11000                                                                                         12200                                                                                     
       149       8600                                                                                          9800                                                                                     
       149       7000                                                                                          8200                                                                                     
       101       4400                                                                                          7700                                                                                     
       100      13000                                                                                         15000                                                                                     
       201       6000                                                                                         10500                                                                                     
       101      12000                                                                                         21000                                                                                     
       205       8300                                                                                         14525                                                                                     

20 rows selected.

SQL> SELECT FIRST_NAME,MANAGER_ID,SALARY,
  2        DECODE(MANAGER_ID,100, SALARY+2000
  3  			    ,124, SALARY+SALARY*(0.3)
  4                         ,149, SALARY+1200
  5  			    ,102, SALARY+SALARY*(0.05), SALARY+SALARY*(0.075)) "NEW SALARY"
  6  FROM EMPLOYEES;

FIRST_NAME MANAGER_ID     SALARY NEW SALARY                                                                                                                                                             
---------- ---------- ---------- ----------                                                                                                                                                             
Steven                     24000      25800                                                                                                                                                             
Neena             100      17000      19000                                                                                                                                                             
Lex               100      17000      19000                                                                                                                                                             
Alexander         102       9000       9450                                                                                                                                                             
Bruce             103       6000       6450                                                                                                                                                             
Diana             103       4200       4515                                                                                                                                                             
Kevin             100       5800       7800                                                                                                                                                             
Trenna            124       3500       4550                                                                                                                                                             
Curtis            124       3100       4030                                                                                                                                                             
Randall           124       2600       3380                                                                                                                                                             
Peter             124       2500       3250                                                                                                                                                             
Eleni             100      10500      12500                                                                                                                                                             
Ellen             149      11000      12200                                                                                                                                                             
Jonathon          149       8600       9800                                                                                                                                                             
Kimerely          149       7000       8200                                                                                                                                                             
Jennifer          101       4400       4730                                                                                                                                                             
Michael           100      13000      15000                                                                                                                                                             
Pat               201       6000       6450                                                                                                                                                             
Shelley           101      12000      12900                                                                                                                                                             
William           205       8300     8922.5                                                                                                                                                             

20 rows selected.

SQL> SELECT FIRST_NAME,MANAGER_ID,SALARY,DECODE(MANAGER_ID, 100,SALARY+2000
  2  ,124,SALARY*1.3
  3  ,149,SALARY+1200
  4  ,102,SALARY*1.05,SALARY*1.075) FROM EMPLOYEES;

FIRST_NAME MANAGER_ID     SALARY DECODE(MANAGER_ID,100,SALARY+2000,124,SALARY*1.3,149,SALARY+1200,102,SALARY*1.05,SALARY*1.075)                                                                         
---------- ---------- ---------- ----------------------------------------------------------------------------------------------                                                                         
Steven                     24000                                                                                          25800                                                                         
Neena             100      17000                                                                                          19000                                                                         
Lex               100      17000                                                                                          19000                                                                         
Alexander         102       9000                                                                                           9450                                                                         
Bruce             103       6000                                                                                           6450                                                                         
Diana             103       4200                                                                                           4515                                                                         
Kevin             100       5800                                                                                           7800                                                                         
Trenna            124       3500                                                                                           4550                                                                         
Curtis            124       3100                                                                                           4030                                                                         
Randall           124       2600                                                                                           3380                                                                         
Peter             124       2500                                                                                           3250                                                                         
Eleni             100      10500                                                                                          12500                                                                         
Ellen             149      11000                                                                                          12200                                                                         
Jonathon          149       8600                                                                                           9800                                                                         
Kimerely          149       7000                                                                                           8200                                                                         
Jennifer          101       4400                                                                                           4730                                                                         
Michael           100      13000                                                                                          15000                                                                         
Pat               201       6000                                                                                           6450                                                                         
Shelley           101      12000                                                                                          12900                                                                         
William           205       8300                                                                                         8922.5                                                                         

20 rows selected.

SQL> SELECT FIRST_NAME , MANAGER_ID ,SALARY,
  2  DECODE( MANAGER_ID , 100 , SALARY + 2000
  3      , 124 , SALARY * 1.3
  4      , 149 , SALARY + 1200
  5      , 102 , SALARY * 1.05 , SALARY * 1.75)
  6   NEW_SALARY FROM MANAGER_ID;
 NEW_SALARY FROM MANAGER_ID
                 *
ERROR at line 6:
ORA-00942: table or view does not exist 


SQL> SELECT FIRST_NAME , MANAGER_ID ,SALARY,
  2  DECODE( MANAGER_ID , 100 , SALARY + 2000
  3      , 124 , SALARY * 1.3
  4      , 149 , SALARY + 1200
  5      , 102 , SALARY * 1.05 , SALARY * 1.75)
  6   NEW_SALARY FROm employees;

FIRST_NAME MANAGER_ID     SALARY NEW_SALARY                                                                                                                                                             
---------- ---------- ---------- ----------                                                                                                                                                             
Steven                     24000      42000                                                                                                                                                             
Neena             100      17000      19000                                                                                                                                                             
Lex               100      17000      19000                                                                                                                                                             
Alexander         102       9000       9450                                                                                                                                                             
Bruce             103       6000      10500                                                                                                                                                             
Diana             103       4200       7350                                                                                                                                                             
Kevin             100       5800       7800                                                                                                                                                             
Trenna            124       3500       4550                                                                                                                                                             
Curtis            124       3100       4030                                                                                                                                                             
Randall           124       2600       3380                                                                                                                                                             
Peter             124       2500       3250                                                                                                                                                             
Eleni             100      10500      12500                                                                                                                                                             
Ellen             149      11000      12200                                                                                                                                                             
Jonathon          149       8600       9800                                                                                                                                                             
Kimerely          149       7000       8200                                                                                                                                                             
Jennifer          101       4400       7700                                                                                                                                                             
Michael           100      13000      15000                                                                                                                                                             
Pat               201       6000      10500                                                                                                                                                             
Shelley           101      12000      21000                                                                                                                                                             
William           205       8300      14525                                                                                                                                                             

20 rows selected.

SQL> SELECT 10000 * 20 / 100 FROM DUAL;

10000*20/100                                                                                                                                                                                            
------------                                                                                                                                                                                            
        2000                                                                                                                                                                                            

SQL> SELECT 20 / 100 FROM DUAL;

    20/100                                                                                                                                                                                              
----------                                                                                                                                                                                              
        .2                                                                                                                                                                                              

SQL> SELECT 10000 * .2 FROM DUAL;

  10000*.2                                                                                                                                                                                              
----------                                                                                                                                                                                              
      2000                                                                                                                                                                                              

SQL> SELECT 10000 * 120 / 100 FROM DUAL;

10000*120/100                                                                                                                                                                                           
-------------                                                                                                                                                                                           
        12000                                                                                                                                                                                           

SQL> SELECT 120 / 100 FROM DUAL;

   120/100                                                                                                                                                                                              
----------                                                                                                                                                                                              
       1.2                                                                                                                                                                                              

SQL> SELECT 10000 * 1.2 FROM DUAL;

 10000*1.2                                                                                                                                                                                              
----------                                                                                                                                                                                              
     12000                                                                                                                                                                                              

SQL> REM CASE ... WHEN ... THEN ... END          // SAME AS OF DECODE TYPE AND IT IS FIRST TYPE OF CASE FUNCTION!
SQL> 
SQL> REM INCREMENT BASED ON DEPARTMENT_ID : 20 +1200 , 50 +900 , 60 +600 , 110 +300 , REMAINING +500
SQL> 
SQL> SELECT LAST_NAME , DEPARTMENT_ID , SALARY ,
  2  DECODE( DEPARTMENT_ID , 20 , SALARY + 1200
  3                        , 50 , SALARY + 900
  4                        , 60 , SALARY + 600
  5                        , 110 , SALARY + 300, SALARY + 500) NEW_SALARY
  6  FROM EMPLOYEES
  7  
SQL> SELECT LAST_NAME , DEPARTMENT_ID , SALARY ,
  2  CASE DEPARTMENT_ID WHEN 20 THEN SALARY + 1200						THIS IS THE FIRST TYPE USE OF CASE FUNCTION
  3                     WHEN 50 THEN SALARY + 900
  4                     WHEN 60 THEN SALARY + 600
  5                     WHEN 110 THEN SALARY + 300 ELSE SALARY + 500 END NEW_SALARY
  6  FROM EMPLOYEES;

LAST_NAME  DEPARTMENT_ID     SALARY NEW_SALARY                                                                                                                                                          
---------- ------------- ---------- ----------                                                                                                                                                          
King                  90      24000      24500                                                                                                                                                          
Kochhar               90      17000      17500                                                                                                                                                          
De Haan               90      17000      17500                                                                                                                                                          
Hunold                60       9000       9600                                                                                                                                                          
Ernst                 60       6000       6600                                                                                                                                                          
Lorentz               60       4200       4800                                                                                                                                                          
Mourgos               50       5800       6700                                                                                                                                                          
Rajs                  50       3500       4400                                                                                                                                                          
Davies                50       3100       4000                                                                                                                                                          
Matos                 50       2600       3500                                                                                                                                                          
Vargas                50       2500       3400                                                                                                                                                          
Zlotkey               80      10500      11000                                                                                                                                                          
Abel                  80      11000      11500                                                                                                                                                          
Taylor                80       8600       9100                                                                                                                                                          
Grant                          7000       7500                                                                                                                                                          
Whalen                10       4400       4900                                                                                                                                                          
Hartstein             20      13000      14200                                                                                                                                                          
Fay                   20       6000       7200                                                                                                                                                          
Higgins              110      12000      12300                                                                                                                                                          
Gietz                110       8300       8600                                                                                                                                                          

20 rows selected.

SQL> REM JOB_ID INCREMENT : IT_PROG 40% , SA_REP 30% , ST_CLERK 20% , ST_MAN 10% , REMAINING : NO INCREMENT
SQL> 

SQL> SELECT FIRST_NAME,JOB_ID,SALARY,
     CASE JOB_ID WHEN 'IT_PROG' THEN SALARY * 1.4
                 WHEN 'SA_REP'  THEN SALARY * 1.3
		 WHEN 'ST_CLERK'THEN SALARY * 1.2
		 WHEN 'ST_MAN'  THEN SALARY * 1.1 ELSE SALARY END "NEW SALARY"

FIRST_NAME JOB_ID         SALARY NEW_SALARY                                                                                                                                                             
---------- ---------- ---------- ----------                                                                                                                                                             
Steven     AD_PRES         24000      24000                                                                                                                                                             
Neena      AD_VP           17000      17000                                                                                                                                                             
Lex        AD_VP           17000      17000                                                                                                                                                             
Alexander  IT_PROG          9000      12600                                                                                                                                                             
Bruce      IT_PROG          6000       8400                                                                                                                                                             
Diana      IT_PROG          4200       5880                                                                                                                                                             
Kevin      ST_MAN           5800       6380                                                                                                                                                             
Trenna     ST_CLERK         3500       4200                                                                                                                                                             
Curtis     ST_CLERK         3100       3720                                                                                                                                                             
Randall    ST_CLERK         2600       3120                                                                                                                                                             
Peter      ST_CLERK         2500       3000                                                                                                                                                             
Eleni      SA_MAN          10500      10500                                                                                                                                                             
Ellen      SA_REP          11000      14300                                                                                                                                                             
Jonathon   SA_REP           8600      11180                                                                                                                                                             
Kimerely   SA_REP           7000       9100                                                                                                                                                             
Jennifer   AD_ASST          4400       4400                                                                                                                                                             
Michael    MK_MAN          13000      13000                                                                                                                                                             
Pat        MK_REP           6000       6000                                                                                                                                                             
Shelley    AC_MGR          12000      12000                                                                                                                                                             
William    AC_ACCOUNT       8300       8300                                                                                                                                                             

20 rows selected.

SQL> SELECT FIRST_NAME , JOB_ID , SALARY ,
  2  CASE JOB_ID WHEN 'IT_PROG'  THEN SALARY + 1.4
  3              WHEN 'SA_REP'   THEN SALARY + 1.3
  4              WHEN 'ST_CLERK' THEN SALARY + 1.2
  5              WHEN 'ST_MAN'   THEN SALARY + 1.1 ELSE SALARY END NEW_SALARY  FROM EMPLOYEES;

FIRST_NAME JOB_ID         SALARY NEW_SALARY                                                                                                                                                             
---------- ---------- ---------- ----------                                                                                                                                                             
Steven     AD_PRES         24000      24000                                                                                                                                                             
Neena      AD_VP           17000      17000                                                                                                                                                             
Lex        AD_VP           17000      17000                                                                                                                                                             
Alexander  IT_PROG          9000     9001.4                                                                                                                                                             
Bruce      IT_PROG          6000     6001.4                                                                                                                                                             
Diana      IT_PROG          4200     4201.4                                                                                                                                                             
Kevin      ST_MAN           5800     5801.1                                                                                                                                                             
Trenna     ST_CLERK         3500     3501.2                                                                                                                                                             
Curtis     ST_CLERK         3100     3101.2                                                                                                                                                             
Randall    ST_CLERK         2600     2601.2                                                                                                                                                             
Peter      ST_CLERK         2500     2501.2                                                                                                                                                             
Eleni      SA_MAN          10500      10500                                                                                                                                                             
Ellen      SA_REP          11000    11001.3                                                                                                                                                             
Jonathon   SA_REP           8600     8601.3                                                                                                                                                             
Kimerely   SA_REP           7000     7001.3                                                                                                                                                             
Jennifer   AD_ASST          4400       4400                                                                                                                                                             
Michael    MK_MAN          13000      13000                                                                                                                                                             
Pat        MK_REP           6000       6000                                                                                                                                                             
Shelley    AC_MGR          12000      12000                                                                                                                                                             
William    AC_ACCOUNT       8300       8300                                                                                                                                                             

20 rows selected.

SQL> REM MANAGER_ID : 100 +2000 , 124 : 30% , 149 : +1200 , 102 5% , REMAINING 7.5%     // PRACTICE IS ALREADY DONE SO NO TENSION BOLTE!!!!!!!
SQL> 
SQL> SELECT FIRST_NAME , MANAGER_ID ,SALARY,
  2  CASE MANAGER_ID WHEN 100 THEN SALARY + 2000
  3                  WHEN 124 THEN SALARY * 1.3
  4                  WHEN 149 THEN SALARY + 1200
  5  		     WHEN 102 THEN SALARY * 1.05 ELSE SALARY * 1.075 END NEW_SALARY FROM EMPLOYEES;

FIRST_NAME MANAGER_ID     SALARY NEW_SALARY                                                                                                                                                             
---------- ---------- ---------- ----------                                                                                                                                                             
Steven                     24000      25800                                                                                                                                                             
Neena             100      17000      19000                                                                                                                                                             
Lex               100      17000      19000                                                                                                                                                             
Alexander         102       9000       9450                                                                                                                                                             
Bruce             103       6000       6450                                                                                                                                                             
Diana             103       4200       4515                                                                                                                                                             
Kevin             100       5800       7800                                                                                                                                                             
Trenna            124       3500       4550                                                                                                                                                             
Curtis            124       3100       4030                                                                                                                                                             
Randall           124       2600       3380                                                                                                                                                             
Peter             124       2500       3250                                                                                                                                                             
Eleni             100      10500      12500                                                                                                                                                             
Ellen             149      11000      12200                                                                                                                                                             
Jonathon          149       8600       9800                                                                                                                                                             
Kimerely          149       7000       8200                                                                                                                                                             
Jennifer          101       4400       4730                                                                                                                                                             
Michael           100      13000      15000                                                                                                                                                             
Pat               201       6000       6450                                                                                                                                                             
Shelley           101      12000      12900                                                                                                                                                             
William           205       8300     8922.5                                                                                                                                                             

20 rows selected.

SQL> SELECT LAST_NAME , DEPARTMENT_ID , SALARY ,
  2  CASE DEPARTMENT_ID WHEN 20 THEN SALARY + 1200
  3                     WHEN 50 THEN SALARY + 900
  4                     WHEN 20 THEN SALARY + 600
  5                     WHEN 110 THEN SALARY + 300 ELSE SALARY + 500 END NEW_SALARY
  6  FROM EMPLOYEES;

LAST_NAME  DEPARTMENT_ID     SALARY NEW_SALARY                                                                                                                                                          
---------- ------------- ---------- ----------                                                                                                                                                          
King                  90      24000      24500                                                                                                                                                          
Kochhar               90      17000      17500                                                                                                                                                          
De Haan               90      17000      17500                                                                                                                                                          
Hunold                60       9000       9500                                                                                                                                                          
Ernst                 60       6000       6500                                                                                                                                                          
Lorentz               60       4200       4700                                                                                                                                                          
Mourgos               50       5800       6700                                                                                                                                                          
Rajs                  50       3500       4400                                                                                                                                                          
Davies                50       3100       4000                                                                                                                                                          
Matos                 50       2600       3500                                                                                                                                                          
Vargas                50       2500       3400                                                                                                                                                          
Zlotkey               80      10500      11000                                                                                                                                                          
Abel                  80      11000      11500                                                                                                                                                          
Taylor                80       8600       9100                                                                                                                                                          
Grant                          7000       7500                                                                                                                                                          
Whalen                10       4400       4900                                                                                                                                                          
Hartstein             20      13000      14200                                                                                                                                                          
Fay                   20       6000       7200                                                                                                                                                          
Higgins              110      12000      12300                                                                                                                                                          
Gietz                110       8300       8600                                                                                                                                                          

20 rows selected.

SQL> SELECT LAST_NAME , DEPARTMENT_ID , SALARY ,
  2  DECODE( DEPARTMENT_ID , 20 , SALARY + 1200
  3                        , 50 , SALARY + 900
  4                        , 60 , SALARY + 600
  5                        , '110' , SALARY + 300, SALARY + 500) NEW_SALARY          // DECODE MAI WHEN '110' IS USED IMPLICIT CONVERSION IS DONE!!!!!!!!
  6  FROM EMPLOYEES;

LAST_NAME  DEPARTMENT_ID     SALARY NEW_SALARY                                                                                                                                                          
---------- ------------- ---------- ----------                                                                                                                                                          
King                  90      24000      24500                                                                                                                                                          
Kochhar               90      17000      17500                                                                                                                                                          
De Haan               90      17000      17500                                                                                                                                                          
Hunold                60       9000       9600                                                                                                                                                          
Ernst                 60       6000       6600                                                                                                                                                          
Lorentz               60       4200       4800                                                                                                                                                          
Mourgos               50       5800       6700                                                                                                                                                          
Rajs                  50       3500       4400                                                                                                                                                          
Davies                50       3100       4000                                                                                                                                                          
Matos                 50       2600       3500                                                                                                                                                          
Vargas                50       2500       3400                                                                                                                                                          
Zlotkey               80      10500      11000                                                                                                                                                          
Abel                  80      11000      11500                                                                                                                                                          
Taylor                80       8600       9100                                                                                                                                                          
Grant                          7000       7500                                                                                                                                                          
Whalen                10       4400       4900                                                                                                                                                          
Hartstein             20      13000      14200                                                                                                                                                          
Fay                   20       6000       7200                                                                                                                                                          
Higgins              110      12000      12300                                                                                                                                                          
Gietz                110       8300       8600                                                                                                                                                          

20 rows selected.

SQL> SELECT FIRST_NAME , JOB_ID , SALARY ,
  2  DECODE( JOB_ID , 'IT_PROG' , SALARY * 1.4
  3                 , 'SA_REP'  , SALARY * 1.3
  4                 , 'ST_CLERK', SALARY * 1.2
  5                 , 'ST_MAn'  , SALARY * 1.1 , SALARY) NEW_SALARY
  6  FROM EMPLOYEES;

FIRST_NAME JOB_ID         SALARY NEW_SALARY                                                                                                                                                             
---------- ---------- ---------- ----------                                                                                                                                                             
Steven     AD_PRES         24000      24000                                                                                                                                                             
Neena      AD_VP           17000      17000                                                                                                                                                             
Lex        AD_VP           17000      17000                                                                                                                                                             
Alexander  IT_PROG          9000      12600                                                                                                                                                             
Bruce      IT_PROG          6000       8400                                                                                                                                                             
Diana      IT_PROG          4200       5880                                                                                                                                                             
Kevin      ST_MAN           5800       5800                                                                                                                                                             
Trenna     ST_CLERK         3500       4200                                                                                                                                                             
Curtis     ST_CLERK         3100       3720                                                                                                                                                             
Randall    ST_CLERK         2600       3120                                                                                                                                                             
Peter      ST_CLERK         2500       3000                                                                                                                                                             
Eleni      SA_MAN          10500      10500                                                                                                                                                             
Ellen      SA_REP          11000      14300                                                                                                                                                             
Jonathon   SA_REP           8600      11180                                                                                                                                                             
Kimerely   SA_REP           7000       9100                                                                                                                                                             
Jennifer   AD_ASST          4400       4400                                                                                                                                                             
Michael    MK_MAN          13000      13000                                                                                                                                                             
Pat        MK_REP           6000       6000                                                                                                                                                             
Shelley    AC_MGR          12000      12000                                                                                                                                                             
William    AC_ACCOUNT       8300       8300                                                                                                                                                             

20 rows selected.

SQL> SELECT FIRST_NAME , JOB_ID , SALARY ,
  2  DECODE( JOB_ID , 'IT_PROG' , SALARY * 1.4
  3                 , 'SA_REP'  , SALARY * 1.3
  4                 , 'ST_CLERK', SALARY * 1.2
  5                 , 'ST_MAN  '  , SALARY * 1.1 , SALARY) NEW_SALARY
  6  FROM EMPLOYEES;

FIRST_NAME JOB_ID         SALARY NEW_SALARY                                                                                                                                                             
---------- ---------- ---------- ----------                                                                                                                                                             
Steven     AD_PRES         24000      24000                                                                                                                                                             
Neena      AD_VP           17000      17000                                                                                                                                                             
Lex        AD_VP           17000      17000                                                                                                                                                             
Alexander  IT_PROG          9000      12600                                                                                                                                                             
Bruce      IT_PROG          6000       8400                                                                                                                                                             
Diana      IT_PROG          4200       5880                                                                                                                                                             
Kevin      ST_MAN           5800       5800                                                                                                                                                             
Trenna     ST_CLERK         3500       4200                                                                                                                                                             
Curtis     ST_CLERK         3100       3720                                                                                                                                                             
Randall    ST_CLERK         2600       3120                                                                                                                                                             
Peter      ST_CLERK         2500       3000                                                                                                                                                             
Eleni      SA_MAN          10500      10500                                                                                                                                                             
Ellen      SA_REP          11000      14300                                                                                                                                                             
Jonathon   SA_REP           8600      11180                                                                                                                                                             
Kimerely   SA_REP           7000       9100                                                                                                                                                             
Jennifer   AD_ASST          4400       4400                                                                                                                                                             
Michael    MK_MAN          13000      13000                                                                                                                                                             
Pat        MK_REP           6000       6000                                                                                                                                                             
Shelley    AC_MGR          12000      12000                                                                                                                                                             
William    AC_ACCOUNT       8300       8300                                                                                                                                                             

20 rows selected.

SQL> REM INCREMENT BASED SALARY : 0-6000 40% , 6001-9000 30% , 9001-13000 20% , REMAINING 10%                       //MOST IMPORTANT USE OF CASE FUNCTION.THIS MAKES CASE FUNCTION THE MOST POWERFUL FUNCTION OF SQL
SQL> 
SQL> SELECT FIRST_NAME , SALARY ,
  2  CASE WHEN SALARY BETWEEN       0 AND  6000 THEN SALARY * 1.4
  3       WHEN SALARY BETWEEN    6001 AND  9000 THEN SALARY * 1.3
  4       WHEN SALARY BETWEEN    9001 AND 13000 THEN SALARY * 1.2 ELSE SALARY * 1.1 END NEW_SALARY
  5  FROM EMPLOYEES
  6  ORDER BY 2;

FIRST_NAME     SALARY NEW_SALARY                                                                                                                                                                        
---------- ---------- ----------                                                                                                                                                                        
Peter            2500       3500                                                                                                                                                                        
Randall          2600       3640                                                                                                                                                                        
Curtis           3100       4340                                                                                                                                                                        
Trenna           3500       4900                                                                                                                                                                        
Diana            4200       5880                                                                                                                                                                        
Jennifer         4400       6160                                                                                                                                                                        
Kevin            5800       8120                                                                                                                                                                        
Bruce            6000       8400                                                                                                                                                                        
Pat              6000       8400                                                                                                                                                                        
Kimerely         7000       9100                                                                                                                                                                        
William          8300      10790                                                                                                                                                                        
Jonathon         8600      11180                                                                                                                                                                        
Alexander        9000      11700                                                                                                                                                                        
Eleni           10500      12600                                                                                                                                                                        
Ellen           11000      13200                                                                                                                                                                        
Shelley         12000      14400                                                                                                                                                                        
Michael         13000      15600                                                                                                                                                                        
Neena           17000      18700                                                                                                                                                                        
Lex             17000      18700                                                                                                                                                                        
Steven          24000      26400                                                                                                                                                                        

20 rows selected.

SQL> REM BASED ON DEPARTMENT_ID : 20/60 +1500 , 10/110 : +1000 , 80/90/50 : +500 , REMAINING NO INCREMENT
SQL> 
SQL> SELECT FIRST_NAME , DEPARTMENT_ID , SALARY ,
  2  CASE WHEN DEPARTMENT_ID=20 THEN SALARY + 1500
  3       WHEN DEPARTMENT_ID=60 THEN SALARY + 1500
  4       WHEN DEPARTMENT_ID=10 THEN SALARY + 1000
  5       WHEN DEPARTMENT_ID=110 THEN SALARY + 1000
  6       WHEN DEPARTMENT_ID=80 THEN SALARY + 500
  7       WHEN DEPARTMENT_ID=90 THEN SALARY + 500
  8       WHEN DEPARTMENT_ID=50 THEN SALARY + 500 ELSE
  9  SALARY END NEW_SALARY FROM EMPLOYEES ORDER BY 2;

FIRST_NAME DEPARTMENT_ID     SALARY NEW_SALARY                                                                                                                                                          
---------- ------------- ---------- ----------                                                                                                                                                          
Jennifer              10       4400       5400                                                                                                                                                          
Michael               20      13000      14500                                                                                                                                                          
Pat                   20       6000       7500                                                                                                                                                          
Kevin                 50       5800       6300                                                                                                                                                          
Peter                 50       2500       3000                                                                                                                                                          
Randall               50       2600       3100                                                                                                                                                          
Curtis                50       3100       3600                                                                                                                                                          
Trenna                50       3500       4000                                                                                                                                                          
Diana                 60       4200       5700                                                                                                                                                          
Bruce                 60       6000       7500                                                                                                                                                          
Alexander             60       9000      10500                                                                                                                                                          
Ellen                 80      11000      11500                                                                                                                                                          
Eleni                 80      10500      11000                                                                                                                                                          
Jonathon              80       8600       9100                                                                                                                                                          
Lex                   90      17000      17500                                                                                                                                                          
Steven                90      24000      24500                                                                                                                                                          
Neena                 90      17000      17500                                                                                                                                                          
William              110       8300       9300                                                                                                                                                          
Shelley              110      12000      13000                                                                                                                                                          
Kimerely                       7000       7000                                                                                                                                                          

20 rows selected.

SQL> SELECT FIRST_NAME,DEPARTMENT_ID,SALARY,                              // VIRU OP!!!!!!!!
  2        CASE WHEN DEPARTMENT_ID IN (20,60)       THEN SALARY+1500
  3             WHEN DEPARTMENT_ID =ANY (10,110)    THEN SALARY+1000
  4             WHEN DEPARTMENT_ID =SOME (80,90,50) THEN SALARY+500 ELSE SALARY END "NEW_SALARYYY" FROM EMPLOYEES;

FIRST_NAME DEPARTMENT_ID     SALARY NEW_SALARYYY                                                                                                                                                        
---------- ------------- ---------- ------------                                                                                                                                                        
Steven                90      24000        24500                                                                                                                                                        
Neena                 90      17000        17500                                                                                                                                                        
Lex                   90      17000        17500                                                                                                                                                        
Alexander             60       9000        10500                                                                                                                                                        
Bruce                 60       6000         7500                                                                                                                                                        
Diana                 60       4200         5700                                                                                                                                                        
Kevin                 50       5800         6300                                                                                                                                                        
Trenna                50       3500         4000                                                                                                                                                        
Curtis                50       3100         3600                                                                                                                                                        
Randall               50       2600         3100                                                                                                                                                        
Peter                 50       2500         3000                                                                                                                                                        
Eleni                 80      10500        11000                                                                                                                                                        
Ellen                 80      11000        11500                                                                                                                                                        
Jonathon              80       8600         9100                                                                                                                                                        
Kimerely                       7000         7000                                                                                                                                                        
Jennifer              10       4400         5400                                                                                                                                                        
Michael               20      13000        14500                                                                                                                                                        
Pat                   20       6000         7500                                                                                                                                                        
Shelley              110      12000        13000                                                                                                                                                        
William              110       8300         9300                                                                                                                                                        

20 rows selected.

SQL> SELECT FIRST_NAME,DEPARTMENT_ID,SALARY,
  2        CASE WHEN DEPARTMENT_ID = 20 OR DEPARTMENTID = 60 THEN SALARY+1500
  3        CASE WHEN DEPARTMENT_ID = 10 OR DEPARTMENT_ID = 110 THEN SALARY+1000
  4        CASE WHEN DEPARTMENT_ID = 80 OR DEPARTMENT_ID = 90 OR DEPARTMENT_ID = 50 THEN SALARY+500 ELSE SALARY END NEW_SALARY
  5  FROM EMPLOYEES
  6  

SQL> SELECT FIRST_NAME,DEPARTMENT_ID,SALARY,
  2        CASE WHEN DEPARTMENT_ID = 20 OR DEPARTMENT_ID = 60 THEN SALARY+1500
  3  WHEN DEPARTMENT_ID = 10 OR DEPARTMENT_ID = 110 THEN SALARY+1000
  4  WHEN DEPARTMENT_ID = 80 OR DEPARTMENT_ID = 90 OR DEPARTMENT_ID = 50 THEN SALARY+500 ELSE SALARY END NEW_SALARY
  5  FROM EMPLOYEES;

FIRST_NAME DEPARTMENT_ID     SALARY NEW_SALARY                                                                                                                                                          
---------- ------------- ---------- ----------                                                                                                                                                          
Steven                90      24000      24500                                                                                                                                                          
Neena                 90      17000      17500                                                                                                                                                          
Lex                   90      17000      17500                                                                                                                                                          
Alexander             60       9000      10500                                                                                                                                                          
Bruce                 60       6000       7500                                                                                                                                                          
Diana                 60       4200       5700                                                                                                                                                          
Kevin                 50       5800       6300                                                                                                                                                          
Trenna                50       3500       4000                                                                                                                                                          
Curtis                50       3100       3600                                                                                                                                                          
Randall               50       2600       3100                                                                                                                                                          
Peter                 50       2500       3000                                                                                                                                                          
Eleni                 80      10500      11000                                                                                                                                                          
Ellen                 80      11000      11500                                                                                                                                                          
Jonathon              80       8600       9100                                                                                                                                                          
Kimerely                       7000       7000                                                                                                                                                          
Jennifer              10       4400       5400                                                                                                                                                          
Michael               20      13000      14500                                                                                                                                                          
Pat                   20       6000       7500                                                                                                                                                          
Shelley              110      12000      13000                                                                                                                                                          
William              110       8300       9300                                                                                                                                                          

20 rows selected.

SQL> REM HIRE_YEAR : UPTO 90 : +1500 , 91-94 : +1200 , 95-98 : +900 , REMAINING : +600
SQL> 
SQL> SELECT FIRST_NAME,HIRE_DATE,SALARY,
  2  CASE WHEN HIRE_DATE<='31-DEC-90' THEN SALARY+1500
  3  WHEN HIRE_DATE BETWEEN '1-JAN-91' AND '31-DEC-94' THEN SALARY+1200
  4  WHEN HIRE_DATE>='1-JAN-95' AND HIRE_DATE<='31-DEC-98' THEN SALARY+900 ELSE SALARY+600 END "NEW SALARY"
  5  FROM EMPLOYEES;

FIRST_NAME HIRE_DATE     SALARY NEW SALARY                                                                                                                                                              
---------- --------- ---------- ----------                                                                                                                                                              
Steven     17-JUL-87      24000      25500                                                                                                                                                              
Neena      21-SEP-89      17000      18500                                                                                                                                                              
Lex        13-JAN-93      17000      18200                                                                                                                                                              
Alexander  03-JAN-90       9000      10500                                                                                                                                                              
Bruce      21-MAY-91       6000       7200                                                                                                                                                              
Diana      07-FEB-99       4200       4800                                                                                                                                                              
Kevin      16-NOV-99       5800       6400                                                                                                                                                              
Trenna     17-OCT-95       3500       4400                                                                                                                                                              
Curtis     29-JAN-97       3100       4000                                                                                                                                                              
Randall    15-MAR-98       2600       3500                                                                                                                                                              
Peter      09-JUL-98       2500       3400                                                                                                                                                              
Eleni      29-JAN-00      10500      11100                                                                                                                                                              
Ellen      11-MAY-96      11000      11900                                                                                                                                                              
Jonathon   24-MAR-98       8600       9500                                                                                                                                                              
Kimerely   24-MAY-99       7000       7600                                                                                                                                                              
Jennifer   17-SEP-87       4400       5900                                                                                                                                                              
Michael    17-FEB-96      13000      13900                                                                                                                                                              
Pat        17-AUG-97       6000       6900                                                                                                                                                              
Shelley    07-JUN-94      12000      13200                                                                                                                                                              
William    07-JUN-94       8300       9500                                                                                                                                                              

20 rows selected.
 
SQL>SELECT FIRST_NAME,HIRE_DATE,TO_CHAR(HIRE_DATE,'RR'),SALARY,                            // WAY OF VIRAL MODI DOING IT!!!!!!
       CASE WHEN TO_CHAR(HIRE_DATE,'RR') <= 90             THEN SALARY+1500
            WHEN TO_CHAR(HIRE_DATE,'RR') BETWEEN 91 AND 94 THEN SALARY + 1200
            WHEN TO_CHAR(HIRE_DATE,'RR') BETWEEN 95 AND 98 THEN SALARY + 900 ELSE SALARY +600 END "NEW SALARY" FROM EMPLOYEES;

FIRST_NAME HIRE_DATE     SALARY NEW_SALARY                                                                                                                                                              
---------- --------- ---------- ----------                                                                                                                                                              
Steven     17-JUL-87      24000      25500                                                                                                                                                              
Neena      21-SEP-89      17000      18500                                                                                                                                                              
Lex        13-JAN-93      17000      18200                                                                                                                                                              
Alexander  03-JAN-90       9000      10500                                                                                                                                                              
Bruce      21-MAY-91       6000       7200                                                                                                                                                              
Diana      07-FEB-99       4200       4800                                                                                                                                                              
Kevin      16-NOV-99       5800       6400                                                                                                                                                              
Trenna     17-OCT-95       3500       4400                                                                                                                                                              
Curtis     29-JAN-97       3100       4000                                                                                                                                                              
Randall    15-MAR-98       2600       3500                                                                                                                                                              
Peter      09-JUL-98       2500       3400                                                                                                                                                              
Eleni      29-JAN-00      10500      11100                                                                                                                                                              
Ellen      11-MAY-96      11000      11900                                                                                                                                                              
Jonathon   24-MAR-98       8600       9500                                                                                                                                                              
Kimerely   24-MAY-99       7000       7600                                                                                                                                                              
Jennifer   17-SEP-87       4400       5900                                                                                                                                                              
Michael    17-FEB-96      13000      13900                                                                                                                                                              
Pat        17-AUG-97       6000       6900                                                                                                                                                              
Shelley    07-JUN-94      12000      13200                                                                                                                                                              
William    07-JUN-94       8300       9500                                                                                                                                                              

20 rows selected.


SQL> SELECT FIRST_NAME,HIRE_DATE,SALARY,
  2        CASE WHEN HIRE_DATE <= '31-DEC-90' THEN SALARY+1500
  3  WHEN HIRE_DATE BETWEEN '01-JAN-91' AND '31-DEC-94' THEN SALARY+1200
  4  WHEN HIRE_DATE BETWEEN '01-JAN-95' AND '31-DEC-98' THEN SALARY+900 ELSE SALARY+600 END "NEW_SALARY"
  5  FROM EMPLOYEES;

FIRST_NAME HIRE_DATE     SALARY NEW_SALARY                                                                                                                                                              
---------- --------- ---------- ----------                                                                                                                                                              
Steven     17-JUL-87      24000      25500                                                                                                                                                              
Neena      21-SEP-89      17000      18500                                                                                                                                                              
Lex        13-JAN-93      17000      18200                                                                                                                                                              
Alexander  03-JAN-90       9000      10500                                                                                                                                                              
Bruce      21-MAY-91       6000       7200                                                                                                                                                              
Diana      07-FEB-99       4200       4800                                                                                                                                                              
Kevin      16-NOV-99       5800       6400                                                                                                                                                              
Trenna     17-OCT-95       3500       4400                                                                                                                                                              
Curtis     29-JAN-97       3100       4000                                                                                                                                                              
Randall    15-MAR-98       2600       3500                                                                                                                                                              
Peter      09-JUL-98       2500       3400                                                                                                                                                              
Eleni      29-JAN-00      10500      11100                                                                                                                                                              
Ellen      11-MAY-96      11000      11900                                                                                                                                                              
Jonathon   24-MAR-98       8600       9500                                                                                                                                                              
Kimerely   24-MAY-99       7000       7600                                                                                                                                                              
Jennifer   17-SEP-87       4400       5900                                                                                                                                                              
Michael    17-FEB-96      13000      13900                                                                                                                                                              
Pat        17-AUG-97       6000       6900                                                                                                                                                              
Shelley    07-JUN-94      12000      13200                                                                                                                                                              
William    07-JUN-94       8300       9500                                                                                                                                                              

20 rows selected.

REM WE CAN USE ANY SEPARATORS IN DATE FORMAT ALREADY STUDIED IN CHAPTER 2 BOLTE!!!!!!! EXCEPT " ' , $ "

SQL> SELECT FIRST_NAME,HIRE_DATE,SALARY,CASE WHEN HIRE_DATE  BETWEEN '01/JAN/0001' AND '31/DEC/1990' THEN SALARY+1500 WHEN HIRE_DATE  BETWEEN '01/JAN/1991' AND '31/DEC/1994' THEN SALARY+1200 WHEN HIRE_DATE  BETWEEN '01/JAN/1995' AND '31/DEC/1998' THEN SALARY+900 ELSE SALARY+600  END NEW_SALARY FROM EMPLOYEES;

FIRST_NAME HIRE_DATE     SALARY NEW_SALARY                                                                                                                                                              
---------- --------- ---------- ----------                                                                                                                                                              
Steven     17-JUL-87      24000      25500                                                                                                                                                              
Neena      21-SEP-89      17000      18500                                                                                                                                                              
Lex        13-JAN-93      17000      18200                                                                                                                                                              
Alexander  03-JAN-90       9000      10500                                                                                                                                                              
Bruce      21-MAY-91       6000       7200                                                                                                                                                              
Diana      07-FEB-99       4200       4800                                                                                                                                                              
Kevin      16-NOV-99       5800       6400                                                                                                                                                              
Trenna     17-OCT-95       3500       4400                                                                                                                                                              
Curtis     29-JAN-97       3100       4000                                                                                                                                                              
Randall    15-MAR-98       2600       3500                                                                                                                                                              
Peter      09-JUL-98       2500       3400                                                                                                                                                              
Eleni      29-JAN-00      10500      11100                                                                                                                                                              
Ellen      11-MAY-96      11000      11900                                                                                                                                                              
Jonathon   24-MAR-98       8600       9500                                                                                                                                                              
Kimerely   24-MAY-99       7000       7600                                                                                                                                                              
Jennifer   17-SEP-87       4400       5900                                                                                                                                                              
Michael    17-FEB-96      13000      13900                                                                                                                                                              
Pat        17-AUG-97       6000       6900                                                                                                                                                              
Shelley    07-JUN-94      12000      13200                                                                                                                                                              
William    07-JUN-94       8300       9500                                                                                                                                                              

20 rows selected.

SQL> SELECT * FROM EMPLOYEES;

EMPLOYEE_ID FIRST_NAME LAST_NAME  EMAIL      PHONE_NUMBER         HIRE_DATE JOB_ID         SALARY COMMISSION_PCT MANAGER_ID DEPARTMENT_ID                                                               
----------- ---------- ---------- ---------- -------------------- --------- ---------- ---------- -------------- ---------- -------------                                                               
        100 Steven     King       SKING      515.123.4567         17-JUL-87 AD_PRES         24000                                      90                                                               
        101 Neena      Kochhar    NKOCHHAR   515.123.4568         21-SEP-89 AD_VP           17000                       100            90                                                               
        102 Lex        De Haan    LDEHAAN    515.123.4569         13-JAN-93 AD_VP           17000                       100            90                                                               
        103 Alexander  Hunold     AHUNOLD    590.423.4567         03-JAN-90 IT_PROG          9000                       102            60                                                               
        104 Bruce      Ernst      BERNST     590.423.4568         21-MAY-91 IT_PROG          6000                       103            60                                                               
        107 Diana      Lorentz    DLORENTZ   590.423.5567         07-FEB-99 IT_PROG          4200                       103            60                                                               
        124 Kevin      Mourgos    KMOURGOS   650.123.5234         16-NOV-99 ST_MAN           5800                       100            50                                                               
        141 Trenna     Rajs       TRAJS      650.121.8009         17-OCT-95 ST_CLERK         3500                       124            50                                                               
        142 Curtis     Davies     CDAVIES    650.121.2994         29-JAN-97 ST_CLERK         3100                       124            50                                                               
        143 Randall    Matos      RMATOS     650.121.2874         15-MAR-98 ST_CLERK         2600                       124            50                                                               
        144 Peter      Vargas     PVARGAS    650.121.2004         09-JUL-98 ST_CLERK         2500                       124            50                                                               
        149 Eleni      Zlotkey    EZLOTKEY   011.44.1344.429018   29-JAN-00 SA_MAN          10500             .2        100            80                                                               
        174 Ellen      Abel       EABEL      011.44.1644.429267   11-MAY-96 SA_REP          11000             .3        149            80                                                               
        176 Jonathon   Taylor     JTAYLOR    011.44.1644.429265   24-MAR-98 SA_REP           8600             .3        149            80                                                               
        178 Kimerely   Grant      KGRANT     011.44.1644.429263   24-MAY-99 SA_REP           7000            .15        149                                                                             
        200 Jennifer   Whalen     JWAHLEN    515.123.4444         17-SEP-87 AD_ASST          4400                       101            10                                                               
        201 Michael    Hartstein  MHARTSTE   515.123.5555         17-FEB-96 MK_MAN          13000                       100            20                                                               
        202 Pat        Fay        PFAY       603.123.6666         17-AUG-97 MK_REP           6000                       201            20                                                               
        205 Shelley    Higgins    SHIGGINS   515.123.8080         07-JUN-94 AC_MGR          12000                       101           110                                                               
        206 William    Gietz      WGIETZ     515.123.8181         07-JUN-94 AC_ACCOUNT       8300                       205           110                                                               

20 rows selected.

SQL> REM CONVERSION FUNCTIONS : 1 TO_NUMBER 2 TO_DATE 3 TO_CHAR         // GENERAL FUCNTIONS WERE OF TWO TYPES 1)NULL VALUE 2)CONDITIONAL
SQL> 
SQL> REM TO_NUMBER : TO CONVERT CHARACTER VALUE INTO NUMBER TYPE
SQL> 
SQL> REM TO_DATE : TO CONVERT CHARACTER VALUE INTO DATE TYPE
SQL> 
SQL> REM TO_CHAR : TO CONVERT NUMBER/DATE VALUE INTO CHARACTER TYPE
SQL> 
SQL> 
SQL> REM PURPOSE OF TO_NUMBER : 1 FOR CALCULATION 2 FOR COMPARSION
SQL> 
SQL> REM PURPOSE OF TO_DATE : 1 FOR CALCULATION 2 FOR COMPARSION
SQL> 
SQL> REM PURPOSE OF TO_CHAR : FOR DISPLAYING NUMBER/DATE VALUES IN NON-DEFAULT/USER DEFINED FORMAT
SQL> 
SQL> 
SQL> 
SQL> REM PURPOSE OF TO_NUMBER : 1 FOR CALCULATION
SQL> 
SQL> SELECT 456 + 123 FROM DUAL;

   456+123                                                                                                                                                                                              
----------                                                                                                                                                                                              
       579                                                                                                                                                                                              

SQL> SELECT 456 + '123' FROM DUAL;

 456+'123'                                                                                                                                                                                              
----------                                                                                                                                                                                              
       579                                                                                                                                                                                              

SQL> SELECT 456 + '123.34' FROM DUAL;

456+'123.34'                                                                                                                                                                                            
------------                                                                                                                                                                                            
      579.34                                                                                                                                                                                            

SQL> SELECT 456 + '12,345.34' FROM DUAL;
SELECT 456 + '12,345.34' FROM DUAL
             *
ERROR at line 1:
ORA-01722: invalid number 


SQL> SELECT 456 + '$12345.34' FROM DUAL;
SELECT 456 + '$12345.34' FROM DUAL
             *
ERROR at line 1:
ORA-01722: invalid number 


SQL> SELECT 456 + '$12,345.34' FROM DUAL;
SELECT 456 + '$12,345.34' FROM DUAL
             *
ERROR at line 1:
ORA-01722: invalid number 


SQL> REM TYPES OF CONVERSION : 1 IMPLICIT/AUTOMATIC 2 EXPLICIT/MANUAL/USING CONVERSION FUNCTION
SQL> 
SQL> SELECT 456 + TO_NUMBER('12,345.34') FROM DUAL;
SELECT 456 + TO_NUMBER('12,345.34') FROM DUAL
                       *
ERROR at line 1:
ORA-01722: invalid number 


SQL> SELECT 456 + TO_NUMBER('12,345.34','99,999.99') FROM DUAL;     // TO_NUMBER('92,654.89','99,099.90')

456+TO_NUMBER('12,345.34','99,999.99')                                                                                                                                                                  
--------------------------------------                                                                                                                                                                  
                              12801.34                                                                                                                                                                  

SQL> SELECT 456 + TO_NUMBER('12,345.34','00,000.00') FROM DUAL;

456+TO_NUMBER('12,345.34','00,000.00')                                                                                                                                                                  
--------------------------------------                                                                                                                                                                  
                              12801.34                                                                                                                                                                  

SQL> SELECT 456 + TO_NUMBER('12,345.34','00,999.90') FROM DUAL;

456+TO_NUMBER('12,345.34','00,999.90')                                                                                                                                                                  
--------------------------------------                                                                                                                                                                  
                              12801.34                                                                                                                                                                  

SQL> SELECT 456 + TO_NUMBER('12,345.34','00,999.96') FROM DUAL;           // WE CAN ONLY USE 0 AND 9 IN THE FORMAT 
SELECT 456 + TO_NUMBER('12,345.34','00,999.96') FROM DUAL
                                   *
ERROR at line 1:
ORA-01481: invalid number format model 


SQL> SELECT 456 + TO_NUMBER('$12345.34','$00999.90') FROM DUAL;

456+TO_NUMBER('$12345.34','$00999.90')                                                                                                                                                                  
--------------------------------------                                                                                                                                                                  
                              12801.34                                                                                                                                                                  

SQL> SELECT 456 + TO_NUMBER('$12,345.34','$00,999.90') FROM DUAL;

456+TO_NUMBER('$12,345.34','$00,999.90')                                                                                                                                                                
----------------------------------------                                                                                                                                                                
                                12801.34                                                                                                                                                                

SQL> SELECT 456 + '-123.34' FROM DUAL;

456+'-123.34'                                                                                                                                                                                           
-------------                                                                                                                                                                                           
       332.66                                                                                                                                                                                           

SQL> REM PURPOSE OF TO_NUMBER : 2 FOR COMPARISON
SQL> 
SQL> SELECT FIRST_NAME , SALARY FROM EMPLOYEES WHERE SALARY > 10000;

FIRST_NAME     SALARY                                                                                                                                                                                   
---------- ----------                                                                                                                                                                                   
Steven          24000                                                                                                                                                                                   
Neena           17000                                                                                                                                                                                   
Lex             17000                                                                                                                                                                                   
Eleni           10500                                                                                                                                                                                   
Ellen           11000                                                                                                                                                                                   
Michael         13000                                                                                                                                                                                   
Shelley         12000                                                                                                                                                                                   

7 rows selected.

SQL> SELECT FIRST_NAME , SALARY FROM EMPLOYEES WHERE SALARY > '10000';

FIRST_NAME     SALARY                                                                                                                                                                                   
---------- ----------                                                                                                                                                                                   
Steven          24000                                                                                                                                                                                   
Neena           17000                                                                                                                                                                                   
Lex             17000                                                                                                                                                                                   
Eleni           10500                                                                                                                                                                                   
Ellen           11000                                                                                                                                                                                   
Michael         13000                                                                                                                                                                                   
Shelley         12000                                                                                                                                                                                   

7 rows selected.

SQL> SELECT FIRST_NAME , SALARY FROM EMPLOYEES WHERE SALARY > '10000.00';

FIRST_NAME     SALARY                                                                                                                                                                                   
---------- ----------                                                                                                                                                                                   
Steven          24000                                                                                                                                                                                   
Neena           17000                                                                                                                                                                                   
Lex             17000                                                                                                                                                                                   
Eleni           10500                                                                                                                                                                                   
Ellen           11000                                                                                                                                                                                   
Michael         13000                                                                                                                                                                                   
Shelley         12000                                                                                                                                                                                   

7 rows selected.

SQL> SELECT FIRST_NAME , SALARY FROM EMPLOYEES WHERE SALARY > '10,000.00';
SELECT FIRST_NAME , SALARY FROM EMPLOYEES WHERE SALARY > '10,000.00'
                                                         *
ERROR at line 1:
ORA-01722: invalid number 


SQL> SELECT FIRST_NAME , SALARY FROM EMPLOYEES WHERE SALARY > '$10000.00';
SELECT FIRST_NAME , SALARY FROM EMPLOYEES WHERE SALARY > '$10000.00'
                                                         *
ERROR at line 1:
ORA-01722: invalid number 


SQL> SELECT FIRST_NAME , SALARY FROM EMPLOYEES WHERE SALARY > '$10,000.00';
SELECT FIRST_NAME , SALARY FROM EMPLOYEES WHERE SALARY > '$10,000.00'
                                                         *
ERROR at line 1:
ORA-01722: invalid number 


SQL> SELECT FIRST_NAME , SALARY FROM EMPLOYEES WHERE SALARY > TO_NUMBER('10,000.00');
SELECT FIRST_NAME , SALARY FROM EMPLOYEES WHERE SALARY > TO_NUMBER('10,000.00')
                                                                   *
ERROR at line 1:
ORA-01722: invalid number 


SQL> SELECT FIRST_NAME , SALARY FROM EMPLOYEES WHERE SALARY > TO_NUMBER('10,000.00','00,000.00');

FIRST_NAME     SALARY                                                                                                                                                                                   
---------- ----------                                                                                                                                                                                   
Steven          24000                                                                                                                                                                                   
Neena           17000                                                                                                                                                                                   
Lex             17000                                                                                                                                                                                   
Eleni           10500                                                                                                                                                                                   
Ellen           11000                                                                                                                                                                                   
Michael         13000                                                                                                                                                                                   
Shelley         12000                                                                                                                                                                                   

7 rows selected.

SQL> SELECT FIRST_NAME , SALARY FROM EMPLOYEES WHERE SALARY > TO_NUMBER('10,000.00','$00,000.00');
SELECT FIRST_NAME , SALARY FROM EMPLOYEES WHERE SALARY > TO_NUMBER('10,000.00','$00,000.00')
                                                                   *
ERROR at line 1:
ORA-01722: invalid number 


SQL> SELECT FIRST_NAME , SALARY FROM EMPLOYEES WHERE SALARY > TO_NUMBER('$10,000.00','$00,000.00');

FIRST_NAME     SALARY                                                                                                                                                                                   
---------- ----------                                                                                                                                                                                   
Steven          24000                                                                                                                                                                                   
Neena           17000                                                                                                                                                                                   
Lex             17000                                                                                                                                                                                   
Eleni           10500                                                                                                                                                                                   
Ellen           11000                                                                                                                                                                                   
Michael         13000                                                                                                                                                                                   
Shelley         12000                                                                                                                                                                                   

7 rows selected.

SQL> SELECT FIRST_NAME , SALARY FROM EMPLOYEES WHERE SALARY > TO_NUMBER('$10,000.00','00,000.00');
SELECT FIRST_NAME , SALARY FROM EMPLOYEES WHERE SALARY > TO_NUMBER('$10,000.00','00,000.00')
                                                                   *
ERROR at line 1:
ORA-01722: invalid number 


SQL> SELECT FIRST_NAME , SALARY FROM EMPLOYEES WHERE SALARY > TO_NUMBER('$10000.00','$00000.00');  // ONLY FORMAT OF COMMA,DOLLAR,. SHOULD MATCH COMPLETELY WITH COMBINATION OF 0 AND 9																							  

FIRST_NAME     SALARY                                                                                                                                                                                   
---------- ----------                                                                                                                                                                                   
Steven          24000                                                                                                                                                                                   
Neena           17000                                                                                                                                                                                   
Lex             17000                                                                                                                                                                                   
Eleni           10500                                                                                                                                                                                   
Ellen           11000                                                                                                                                                                                   
Michael         13000                                                                                                                                                                                   
Shelley         12000                                                                                                                                                                                   

7 rows selected.

SQL> REM TO_DATE : 1 FOR CALCULATION
SQL> 
SQL> SELECT FIRST_NAME , SYSDATE , HIRE_DATE , SYSDATE - HIRE_DATE DAYS FROM EMPLOYEES;

FIRST_NAME SYSDATE   HIRE_DATE       DAYS                                                                                                                                                               
---------- --------- --------- ----------                                                                                                                                                               
Steven     05-JAN-22 17-JUL-87 12591.7778                                                                                                                                                               
Neena      05-JAN-22 21-SEP-89 11794.7778                                                                                                                                                               
Lex        05-JAN-22 13-JAN-93 10584.7778                                                                                                                                                               
Alexander  05-JAN-22 03-JAN-90 11690.7778                                                                                                                                                               
Bruce      05-JAN-22 21-MAY-91 11187.7778                                                                                                                                                               
Diana      05-JAN-22 07-FEB-99 8368.77779                                                                                                                                                               
Kevin      05-JAN-22 16-NOV-99 8086.77779                                                                                                                                                               
Trenna     05-JAN-22 17-OCT-95 9577.77779                                                                                                                                                               
Curtis     05-JAN-22 29-JAN-97 9107.77779                                                                                                                                                               
Randall    05-JAN-22 15-MAR-98 8697.77779                                                                                                                                                               
Peter      05-JAN-22 09-JUL-98 8581.77779                                                                                                                                                               
Eleni      05-JAN-22 29-JAN-00 8012.77779                                                                                                                                                               
Ellen      05-JAN-22 11-MAY-96 9370.77779                                                                                                                                                               
Jonathon   05-JAN-22 24-MAR-98 8688.77779                                                                                                                                                               
Kimerely   05-JAN-22 24-MAY-99 8262.77779                                                                                                                                                               
Jennifer   05-JAN-22 17-SEP-87 12529.7778                                                                                                                                                               
Michael    05-JAN-22 17-FEB-96 9454.77779                                                                                                                                                               
Pat        05-JAN-22 17-AUG-97 8907.77779                                                                                                                                                               
Shelley    05-JAN-22 07-JUN-94 10074.7778                                                                                                                                                               
William    05-JAN-22 07-JUN-94 10074.7778                                                                                                                                                               

20 rows selected.

SQL> SELECT '13-MAR-73' - '15-JAN-71' FROM DUAL;     // CHAPTER 3 BOLTE!!!!!!!!
SELECT '13-MAR-73' - '15-JAN-71' FROM DUAL
       *
ERROR at line 1:
ORA-01722: invalid number 


SQL> SELECT TO_DATE('13-MAR-73') - TO_DATE('15-JAN-71') FROM DUAL;

TO_DATE('13-MAR-73')-TO_DATE('15-JAN-71')                                                                                                                                                               
-----------------------------------------                                                                                                                                                               
                                      788                                                                                                                                                               

SQL> SELECT TO_DATE('13-MAR-73') - TO_DATE('15-JAN-71') DAYS FROM DUAL;

      DAYS                                                                                                                                                                                              
----------                                                                                                                                                                                              
       788                                                                                                                                                                                              

SQL> SELECT HIRE_DATE FROM EMPLOYEES ORDER BY 1;

HIRE_DATE                                                                                                                                                                                               
---------                                                                                                                                                                                               
17-JUL-87                                                                                                                                                                                               
17-SEP-87                                                                                                                                                                                               
21-SEP-89                                                                                                                                                                                               
03-JAN-90                                                                                                                                                                                               
21-MAY-91                                                                                                                                                                                               
13-JAN-93                                                                                                                                                                                               
07-JUN-94                                                                                                                                                                                               
07-JUN-94                                                                                                                                                                                               
17-OCT-95                                                                                                                                                                                               
17-FEB-96                                                                                                                                                                                               
11-MAY-96                                                                                                                                                                                               
29-JAN-97                                                                                                                                                                                               
17-AUG-97                                                                                                                                                                                               
15-MAR-98                                                                                                                                                                                               
24-MAR-98                                                                                                                                                                                               
09-JUL-98                                                                                                                                                                                               
07-FEB-99                                                                                                                                                                                               
24-MAY-99                                                                                                                                                                                               
16-NOV-99                                                                                                                                                                                               
29-JAN-00                                                                                                                                                                                               

20 rows selected.

SQL> SELECT TO_DATE('13-MARCH-73') - TO_DATE('15-JAN-1971') DAYS FROM DUAL;

      DAYS                                                                                                                                                                                              
----------                                                                                                                                                                                              
       788                                                                                                                                                                                              

SQL> SELECT TO_DATE('13-MARCH-73') - TO_DATE('15-january-1971') DAYS FROM DUAL;

      DAYS                                                                                                                                                                                              
----------                                                                                                                                                                                              
       788                                                                                                                                                                                              

SQL> SELECT TO_DATE('13MARCH73') - TO_DATE('15\january/1971') DAYS FROM DUAL;

      DAYS                                                                                                                                                                                              
----------                                                                                                                                                                                              
       788                                                                                                                                                                                              

SQL> SELECT TO_DATE('13-03-73') - TO_DATE('15\january/1971') DAYS FROM DUAL;
SELECT TO_DATE('13-03-73') - TO_DATE('15\january/1971') DAYS FROM DUAL
               *
ERROR at line 1:
ORA-01843: not a valid month 


SQL> SELECT TO_DATE('13-03-73','dd-mm-rr') - TO_DATE('15\january/1971') DAYS FROM DUAL;

      DAYS                                                                                                                                                                                              
----------                                                                                                                                                                                              
       788                                                                                                                                                                                              

SQL> SELECT TO_DATE('13-03-73','dd-mm-yy') - TO_DATE('15\january/1971') DAYS FROM DUAL;    // HERE YY HAS TAKEN 2000 AS CENTURY VALUE

      DAYS                                                                                                                                                                                              
----------                                                                                                                                                                                              
     37313                                                                                                                                                                                              
  
SQL> REM YY : IT ALWAYS PICKS CURRENT CENTURY VALUE            // IMPORTANT DIFFERENCE!!!!!!!!!!!
SQL> 
SQL> REM YY : IT ALWAYS PICKS CURRENT CENTURY VALUE : 2000 TO 2099 : CENTURY VALUES IS 20
SQL> 
SQL> REM RR : CURRENT 50 YEARS : 2000 - 2049 , PREVIOUS 50 YEARS : 1950 - 1999 : RR CENTURY : 1950 - 2049
SQL> 
SQL> REM TO_DATE FOR COMPARISON
SQL> 
SQL> SELECT FIRST_NAME ,HIRE_DATE FROM EMPLOYEES WHERE HIRE_DATE > '31-DEC-95';

FIRST_NAME HIRE_DATE                                                                                                                                                                                    
---------- ---------                                                                                                                                                                                    
Diana      07-FEB-99                                                                                                                                                                                    
Kevin      16-NOV-99                                                                                                                                                                                    
Curtis     29-JAN-97                                                                                                                                                                                    
Randall    15-MAR-98                                                                                                                                                                                    
Peter      09-JUL-98                                                                                                                                                                                    
Eleni      29-JAN-00                                                                                                                                                                                    
Ellen      11-MAY-96                                                                                                                                                                                    
Jonathon   24-MAR-98                                                                                                                                                                                    
Kimerely   24-MAY-99                                                                                                                                                                                    
Michael    17-FEB-96                                                                                                                                                                                    
Pat        17-AUG-97                                                                                                                                                                                    

11 rows selected.

SQL> SELECT FIRST_NAME ,HIRE_DATE FROM EMPLOYEES WHERE HIRE_DATE > '31-DEC-95' ORDER BY 2;

FIRST_NAME HIRE_DATE                                                                                                                                                                                    
---------- ---------                                                                                                                                                                                    
Michael    17-FEB-96                                                                                                                                                                                    
Ellen      11-MAY-96                                                                                                                                                                                    
Curtis     29-JAN-97                                                                                                                                                                                    
Pat        17-AUG-97                                                                                                                                                                                    
Randall    15-MAR-98                                                                                                                                                                                    
Jonathon   24-MAR-98                                                                                                                                                                                    
Peter      09-JUL-98                                                                                                                                                                                    
Diana      07-FEB-99                                                                                                                                                                                    
Kimerely   24-MAY-99                                                                                                                                                                                    
Kevin      16-NOV-99                                                                                                                                                                                    
Eleni      29-JAN-00                                                                                                                                                                                    

11 rows selected.

SQL> SELECT FIRST_NAME ,HIRE_DATE FROM EMPLOYEES WHERE HIRE_DATE > '31-DECember-95' ORDER BY 2;

FIRST_NAME HIRE_DATE                                                                                                                                                                                    
---------- ---------                                                                                                                                                                                    
Michael    17-FEB-96                                                                                                                                                                                    
Ellen      11-MAY-96                                                                                                                                                                                    
Curtis     29-JAN-97                                                                                                                                                                                    
Pat        17-AUG-97                                                                                                                                                                                    
Randall    15-MAR-98                                                                                                                                                                                    
Jonathon   24-MAR-98                                                                                                                                                                                    
Peter      09-JUL-98                                                                                                                                                                                    
Diana      07-FEB-99                                                                                                                                                                                    
Kimerely   24-MAY-99                                                                                                                                                                                    
Kevin      16-NOV-99                                                                                                                                                                                    
Eleni      29-JAN-00                                                                                                                                                                                    

11 rows selected.

SQL> SELECT FIRST_NAME ,HIRE_DATE FROM EMPLOYEES WHERE HIRE_DATE > '31-DECember-1995' ORDER BY 2;

FIRST_NAME HIRE_DATE                                                                                                                                                                                    
---------- ---------                                                                                                                                                                                    
Michael    17-FEB-96                                                                                                                                                                                    
Ellen      11-MAY-96                                                                                                                                                                                    
Curtis     29-JAN-97                                                                                                                                                                                    
Pat        17-AUG-97                                                                                                                                                                                    
Randall    15-MAR-98                                                                                                                                                                                    
Jonathon   24-MAR-98                                                                                                                                                                                    
Peter      09-JUL-98                                                                                                                                                                                    
Diana      07-FEB-99                                                                                                                                                                                    
Kimerely   24-MAY-99                                                                                                                                                                                    
Kevin      16-NOV-99                                                                                                                                                                                    
Eleni      29-JAN-00                                                                                                                                                                                    

11 rows selected.

SQL> SELECT FIRST_NAME ,HIRE_DATE FROM EMPLOYEES WHERE HIRE_DATE > '31-12-1995' ORDER BY 2; // YE NAI CHALEGA!! // FOR THIS WE NEED TO DO TO_DATE('31-12-1995','DD-MM-RRR')
SELECT FIRST_NAME ,HIRE_DATE FROM EMPLOYEES WHERE HIRE_DATE > '31-12-1995' ORDER BY 2
                                                              *					                // MM->MONTH NUMBER , MON->ABBREVIATED MONTH NAME , MONTH->FULL MONTH NAME
ERROR at line 1:
ORA-01843: not a valid month 


SQL> SELECT FIRST_NAME ,HIRE_DATE FROM EMPLOYEES WHERE HIRE_DATE > TO_DATE('31-12-1995','DD-MM-RRRR') ORDER BY 2;

FIRST_NAME HIRE_DATE                                                                                                                                                                                    
---------- ---------                                                                                                                                                                                    
Michael    17-FEB-96                                                                                                                                                                                    
Ellen      11-MAY-96                                                                                                                                                                                    
Curtis     29-JAN-97                                                                                                                                                                                    
Pat        17-AUG-97                                                                                                                                                                                    
Randall    15-MAR-98                                                                                                                                                                                    
Jonathon   24-MAR-98                                                                                                                                                                                    
Peter      09-JUL-98                                                                                                                                                                                    
Diana      07-FEB-99                                                                                                                                                                                    
Kimerely   24-MAY-99                                                                                                                                                                                    
Kevin      16-NOV-99                                                                                                                                                                                    
Eleni      29-JAN-00                                                                                                                                                                                    

11 rows selected.

SQL> SELECT FIRST_NAME ,HIRE_DATE FROM EMPLOYEES WHERE HIRE_DATE > TO_DATE('31-12-1995','DD-MM-YYYY') ORDER BY 2;

FIRST_NAME HIRE_DATE                                                                                                                                                                                    
---------- ---------                                                                                                                                                                                    
Michael    17-FEB-96                                                                                                                                                                                    
Ellen      11-MAY-96                                                                                                                                                                                    
Curtis     29-JAN-97                                                                                                                                                                                    
Pat        17-AUG-97                                                                                                                                                                                    
Randall    15-MAR-98                                                                                                                                                                                    
Jonathon   24-MAR-98                                                                                                                                                                                    
Peter      09-JUL-98                                                                                                                                                                                    
Diana      07-FEB-99                                                                                                                                                                                    
Kimerely   24-MAY-99                                                                                                                                                                                    
Kevin      16-NOV-99                                                                                                                                                                                    
Eleni      29-JAN-00                                                                                                                                                                                    

11 rows selected.

SQL> SELECT FIRST_NAME ,HIRE_DATE FROM EMPLOYEES WHERE HIRE_DATE > TO_DATE('31-XII-1995','DD-RM-YYYY') ORDER BY 2;

FIRST_NAME HIRE_DATE                                                                                                                                                                                    
---------- ---------                                                                                                                                                                                    
Michael    17-FEB-96                                                                                                                                                                                    
Ellen      11-MAY-96                                                                                                                                                                                    
Curtis     29-JAN-97                                                                                                                                                                                    
Pat        17-AUG-97                                                                                                                                                                                    
Randall    15-MAR-98                                                                                                                                                                                    
Jonathon   24-MAR-98                                                                                                                                                                                    
Peter      09-JUL-98                                                                                                                                                                                    
Diana      07-FEB-99                                                                                                                                                                                    
Kimerely   24-MAY-99                                                                                                                                                                                    
Kevin      16-NOV-99                                                                                                                                                                                    
Eleni      29-JAN-00                                                                                                                                                                                    

11 rows selected.

SQL> SELECT FIRST_NAME ,HIRE_DATE FROM EMPLOYEES WHERE HIRE_DATE > TO_DATE('12-31-1995','MM-DD-YYYY') ORDER BY 2; // OP!!!!!!!!!

FIRST_NAME HIRE_DATE                                                                                                                                                                                    
---------- ---------                                                                                                                                                                                    
Michael    17-FEB-96                                                                                                                                                                                    
Ellen      11-MAY-96                                                                                                                                                                                    
Curtis     29-JAN-97                                                                                                                                                                                    
Pat        17-AUG-97                                                                                                                                                                                    
Randall    15-MAR-98                                                                                                                                                                                    
Jonathon   24-MAR-98                                                                                                                                                                                    
Peter      09-JUL-98                                                                                                                                                                                    
Diana      07-FEB-99                                                                                                                                                                                    
Kimerely   24-MAY-99                                                                                                                                                                                    
Kevin      16-NOV-99                                                                                                                                                                                    
Eleni      29-JAN-00                                                                                                                                                                                    

11 rows selected.

SQL> SELECT FIRST_NAME ,HIRE_DATE FROM EMPLOYEES WHERE HIRE_DATE > TO_DATE('31-DEC-1995','DD-MON-RRRR') ORDER BY 2;

FIRST_NAME HIRE_DATE                                                                                                                                                                                    
---------- ---------                                                                                                                                                                                    
Michael    17-FEB-96                                                                                                                                                                                    
Ellen      11-MAY-96                                                                                                                                                                                    
Curtis     29-JAN-97                                                                                                                                                                                    
Pat        17-AUG-97                                                                                                                                                                                    
Randall    15-MAR-98                                                                                                                                                                                    
Jonathon   24-MAR-98                                                                                                                                                                                    
Peter      09-JUL-98                                                                                                                                                                                    
Diana      07-FEB-99                                                                                                                                                                                    
Kimerely   24-MAY-99                                                                                                                                                                                    
Kevin      16-NOV-99                                                                                                                                                                                    
Eleni      29-JAN-00                                                                                                                                                                                    

11 rows selected.

SQL> SELECT FIRST_NAME ,HIRE_DATE FROM EMPLOYEES WHERE HIRE_DATE > TO_DATE('31-DECEMBER-1995','DD-MON-RRRR') ORDER BY 2;

FIRST_NAME HIRE_DATE                                                                                                                                                                                    
---------- ---------                                                                                                                                                                                    
Michael    17-FEB-96                                                                                                                                                                                    
Ellen      11-MAY-96                                                                                                                                                                                    
Curtis     29-JAN-97                                                                                                                                                                                    
Pat        17-AUG-97                                                                                                                                                                                    
Randall    15-MAR-98                                                                                                                                                                                    
Jonathon   24-MAR-98                                                                                                                                                                                    
Peter      09-JUL-98                                                                                                                                                                                    
Diana      07-FEB-99                                                                                                                                                                                    
Kimerely   24-MAY-99                                                                                                                                                                                    
Kevin      16-NOV-99                                                                                                                                                                                    
Eleni      29-JAN-00                                                                                                                                                                                    

11 rows selected.

SQL> SELECT FIRST_NAME ,HIRE_DATE FROM EMPLOYEES WHERE HIRE_DATE > TO_DATE('31-DECEMBER-1995','FXDD-MON-RRRR') ORDER BY 2;
SELECT FIRST_NAME ,HIRE_DATE FROM EMPLOYEES WHERE HIRE_DATE > TO_DATE('31-DECEMBER-1995','FXDD-MON-RRRR') ORDER BY   //MONTH SHOULD BE WRITTEN(FX IS USED)                                                                    *
ERROR at line 1:
ORA-01861: literal does not match format string 


SQL> SELECT FIRST_NAME ,HIRE_DATE FROM EMPLOYEES WHERE HIRE_DATE > TO_DATE('31-DEC-1995','FXDD-MON-RRRR') ORDER BY 2;

FIRST_NAME HIRE_DATE                                                                                                                                                                                    
---------- ---------                                                                                                                                                                                    
Michael    17-FEB-96                                                                                                                                                                                    
Ellen      11-MAY-96                                                                                                                                                                                    
Curtis     29-JAN-97                                                                                                                                                                                    
Pat        17-AUG-97                                                                                                                                                                                    
Randall    15-MAR-98                                                                                                                                                                                    
Jonathon   24-MAR-98                                                                                                                                                                                    
Peter      09-JUL-98                                                                                                                                                                                    
Diana      07-FEB-99                                                                                                                                                                                    
Kimerely   24-MAY-99                                                                                                                                                                                    
Kevin      16-NOV-99                                                                                                                                                                                    
Eleni      29-JAN-00                                                                                                                                                                                    

11 rows selected.

SQL> SELECT FIRST_NAME ,HIRE_DATE FROM EMPLOYEES WHERE HIRE_DATE > TO_DATE('31-dec-1995','FXDD-MON-RRRR') ORDER BY 2;

FIRST_NAME HIRE_DATE                                                                                                                                                                                    
---------- ---------                                                                                                                                                                                    
Michael    17-FEB-96                                                                                                                                                                                    
Ellen      11-MAY-96                                                                                                                                                                                    
Curtis     29-JAN-97                                                                                                                                                                                    
Pat        17-AUG-97                                                                                                                                                                                    
Randall    15-MAR-98                                                                                                                                                                                    
Jonathon   24-MAR-98                                                                                                                                                                                    
Peter      09-JUL-98                                                                                                                                                                                    
Diana      07-FEB-99                                                                                                                                                                                    
Kimerely   24-MAY-99                                                                                                                                                                                    
Kevin      16-NOV-99                                                                                                                                                                                    
Eleni      29-JAN-00                                                                                                                                                                                    

11 rows selected.

SQL> REM FX : FIXED FORMAT/EXACT FORMAT
SQL> 
SQL> SPOOL OFF
