SQL> 
SQL> REM SUB QUERY                   // MOST OPIEST CHAPTER BOLTE AFTER JOIN.
SQL> 
SQL> REM SUB QUERY : IS NOTHING BUT SELECT STATEMENT WITHIN ANOTHER STATEMENT
SQL> 
SQL> REM PARENT/CHILD
SQL> 
SQL> REM OUTER/INNER
SQL> 
SQL> REM MAIN/SUB
SQL> 
SQL> REM OUTER STATEMENT MAY BY SELECT  , INSERT , UPDATE , DELETE , CREATE ...
SQL> 
SQL> REM INNER STATEMENT IS GENERALLY SELECT ONLY.         // OP!!!!!!!!!
SQL> 
SQL> 
SQL> 
SQL> REM WHEN WE USE SUB QUERY, IT GETS EXECUTED FIRST.          // MOST IMPORTANT FEATURE OF SUB QUERY IS ITS EXECUTION.. IT ALWAYS GETS EXECUTED FIRST!!
SQL> 
SQL> REM IT'S RESULT IS REPLACED IN PLACE OF SUB QUERY.
SQL> 
SQL> REM THE RESULT IS THEN USED BY MAIN QUERY.
SQL> 
SQL> 
SQL> REM SUB QUERY CAN BE USED TO SOLVE 4 TYPES OF QUESTIONS :
SQL> 
SQL> REM 1 WHEN WE NEED TO COMPARE SUMMARY ITEM/FUNCTION (MIN,MAX,COUNT,SUM,AVG) IN 'WHERE' CLAUSE.
SQL> 
SQL> REM 2 WHEN OUR MAIN REQUIREMENT HAS SOME HIDDEN REQUIREMENT.
SQL> 
SQL> REM 3 WHEN WE NEED TO COMPARE NESTED SUMMARY ITEM/FUNCTION (MIN(AVG(...),MAX(COUNT(*))...) IN 'HAVING' CLAUSE.
SQL> 
SQL> REM 4 WHEN WE WANT TO USE RESULT OF SUB QUERY AS TABLE FOR MAIN QUERY.          // INLINE VIEW
SQL> 
SQL> 
SQL> 
SQL> 
SQL> REM 1 WHEN WE NEED TO COMPARE SUMMARY ITEM/FUNCTION (MIN,MAX,COUNT,SUM,AVG) IN 'WHERE' CLAUSE.
SQL> 
SQL> REM SELECT SYNTAX : SELECT ... FROM ... WHERE ... GROUP BY / HAVING ... ORDER BY ... OFFSET ... FETCH ...;
SQL> 
SQL> REM EXECUTION PRECEDENCE : FROM -> WHERE -> GROUP BY -> HAVING -> COLUMN ALIAS -> ORDER BY -> OFFSET -> FETCH -> SELECT ...;
SQL> 
SQL> REM FROM : WILL READ ALL ROWS OF THE TABLE AND PUT IT INTO RAM/MEMORY
SQL> 
SQL> REM WHERE : WILL FILTER OUT THE UNWANTED TABLE'S ORIGINAL ROWS
SQL> 
SQL> REM GROUP BY : 1 WILL GROUP ROWS 2 WILL GENERATE SUMMARY ROW FOR EACH GROUP
SQL> 
SQL> REM HAVING : WILL FILTER OUT THE UNWANTED SUMMARY ROWS GENERATED BY GROUP BY
SQL> 
SQL> REM COLUMN ALIAS : WILL ATTACH COLUMN ALIAS
SQL> 
SQL> REM ORDER BY : SORTS THE RESULT ON SINGLE/MULTIPLE COLUMNS IN ASCENDING/DESCENDING ORDER BY KEEPING NULLS EITHER FIRST/LAST
SQL> 
SQL> REM OFFSET : WILL FIX/DECIDE FIRST ROW TO BE DISPLAYED IN RESULT
SQL> 
SQL> REM FETCH : WILL FIX/DECIDE NO./COUNT OF ROWS TO BE DISPLAYED IN RESULT
SQL> 
SQL> REM SELECT : WILL DISPLAY/RETURN ACTUAL RESULT ON SCREEN/MAIN STATEMENT
SQL> 
SQL> 
SQL> REM DISPLAY THE EMPLOYEE INFO. WHO GETS HIGHEST SALARY IN COMPANY.
SQL> 
SQL> REM SALARY = MAX(SALARY)
SQL> 
SQL> REM NON-SUMMARY = SUMMARY ITEM
SQL> 
SQL> SELECT FIRST_NAME , SALARY
  2  FROM EMPLOYEES
  3  WHERE SALARY = MAX(SALARY);          // NOT POSSIBLE
WHERE SALARY = MAX(SALARY)
               *
ERROR at line 3:
ORA-00934: group function is not allowed here 


SQL> SELECT FIRST_NAME , SALARY
  2  FROM EMPLOYEES
  3  WHERE SALARY = (SELECT MAX(SALARY) FROM EMPLOYEES);

FIRST_NAME     SALARY                                                           
---------- ----------                                                           
Steven          24000                                                           

SQL> REM DISPLAY INFO. ABOUT EMPLOYEE WHO GETS LOWEST COMMISSION_PCT.
SQL> SELECT FIRST_NAME,COMMISSION_PCT  FROM EMPLOYEES WHERE COMMISSION_PCT=(SELECT MIN(COMMISSION_PCT) FROM EMPLOYEES);

FIRST_NAME COMMISSION_PCT                                                       
---------- --------------                                                       
Kimerely              .15                                                       

SQL> 
SQL> REM DISPLAY INFO. ABOUT EMPLOYEE WHO WAS HIRED LAST IN COMPANY.
SQL> 
SQL> SELECT FIRST_NAME,HIRE_DATE FROM EMPLOYEES WHERE HIRE_DATE=(SELECT MAX(HIRE_DATE) FROM EMPLOYEES);

FIRST_NAME HIRE_DATE                                                            
---------- ---------                                                            
Eleni      29-JAN-00                                                            

SQL> REM DISPLAY INFO. ABOUT EMPLOYEE WHO GETS HIGHER SALARY THAN AVERAGE SALARY PAID BY COMPANY.SELECT * FROM EMPLOYEES WHERE SALARY>(SELECT AVG(SALARY) FROM EMPLOYEES);
SQL> 
SQL> 
SQL> SELECT * FROM EMPLOYEES WHERE SALARY>(SELECT AVG(SALARY) FROM EMPLOYEES);

EMPLOYEE_ID FIRST_NAME LAST_NAME  EMAIL      PHONE_NUMBER         HIRE_DATE     
----------- ---------- ---------- ---------- -------------------- ---------     
JOB_ID         SALARY COMMISSION_PCT MANAGER_ID DEPARTMENT_ID                   
---------- ---------- -------------- ---------- -------------                   
        100 Steven     King       SKING      515.123.4567         17-JUL-87     
AD_PRES         24000                                      90                   
                                                                                
        101 Neena      Kochhar    NKOCHHAR   515.123.4568         21-SEP-89     
AD_VP           17000                       100            90                   
                                                                                
        102 Lex        De Haan    LDEHAAN    515.123.4569         13-JAN-93     
AD_VP           17000                       100            90                   
                                                                                

EMPLOYEE_ID FIRST_NAME LAST_NAME  EMAIL      PHONE_NUMBER         HIRE_DATE     
----------- ---------- ---------- ---------- -------------------- ---------     
JOB_ID         SALARY COMMISSION_PCT MANAGER_ID DEPARTMENT_ID                   
---------- ---------- -------------- ---------- -------------                   
        103 Alexander  Hunold     AHUNOLD    590.423.4567         03-JAN-90     
IT_PROG          9000                       102            60                   
                                                                                
        149 Eleni      Zlotkey    EZLOTKEY   011.44.1344.429018   29-JAN-00     
SA_MAN          10500             .2        100            80                   
                                                                                
        174 Ellen      Abel       EABEL      011.44.1644.429267   11-MAY-96     
SA_REP          11000             .3        149            80                   
                                                                                

EMPLOYEE_ID FIRST_NAME LAST_NAME  EMAIL      PHONE_NUMBER         HIRE_DATE     
----------- ---------- ---------- ---------- -------------------- ---------     
JOB_ID         SALARY COMMISSION_PCT MANAGER_ID DEPARTMENT_ID                   
---------- ---------- -------------- ---------- -------------                   
        201 Michael    Hartstein  MHARTSTE   515.123.5555         17-FEB-96     
MK_MAN          13000                       100            20                   
                                                                                
        205 Shelley    Higgins    SHIGGINS   515.123.8080         07-JUN-94     
AC_MGR          12000                       101           110                   
                                                                                

8 rows selected.

SQL> SET LINES 200 PAGES 24
SQL> 
SQL> SELECT FIRST_NAME,SALARY FROM EMPLOYEES WHERE SALARY>(SELECT AVG(SALARY) FROM EMPLOYEES);

FIRST_NAME     SALARY                                                                                                                                                                                   
---------- ----------                                                                                                                                                                                   
Steven          24000                                                                                                                                                                                   
Neena           17000                                                                                                                                                                                   
Lex             17000                                                                                                                                                                                   
Alexander        9000                                                                                                                                                                                   
Eleni           10500                                                                                                                                                                                   
Ellen           11000                                                                                                                                                                                   
Michael         13000                                                                                                                                                                                   
Shelley         12000                                                                                                                                                                                   

8 rows selected.

SQL> REM DISPLAY INFO. ABOUT EMPLOYEES WHO GETS HIGHEST COMMISSION AMOUNT.
SQL> 

SQL> SELECT FIRST_NAME,COMMISSION_PCT*SALARY "COMMISSION AMOUNT"  FROM EMPLOYEES WHERE (COMMISSION_PCT*SALARY)=(SELECT MAX(COMMISSION_PCT*SALARY) FROM EMPLOYEES);

FIRST_NAME COMMISSION AMOUNT                                                                                                                                                                            
---------- -----------------                                                                                                                                                                            
Ellen                   3300                                                                                                                                                                            

SQL> REM DISPLAY INFO. ABOUT EMPLOYEE WHO GETS LOWER SALARY THAN AVERAGE SALARY PAID BY COMPANY.
SQL> 
SQL> SELECT FIRST_NAME,SALARY FROM EMPLOYEES WHERE SALARY < (SELECT AVG(SALARY) FROM EMPLOYEES);

FIRST_NAME     SALARY                                                                                                                                                                                   
---------- ----------                                                                                                                                                                                   
Bruce            6000                                                                                                                                                                                   
Diana            4200                                                                                                                                                                                   
Kevin            5800                                                                                                                                                                                   
Trenna           3500                                                                                                                                                                                   
Curtis           3100                                                                                                                                                                                   
Randall          2600                                                                                                                                                                                   
Peter            2500                                                                                                                                                                                   
Jonathon         8600                                                                                                                                                                                   
Kimerely         7000                                                                                                                                                                                   
Jennifer         4400                                                                                                                                                                                   
Pat              6000                                                                                                                                                                                   
William          8300                                                                                                                                                                                   

12 rows selected.

SQL> REM DISPLAY INFO. ABOUT ALL EMPLOYEE WHO GETS HIGHER SALARY THAN AVERAGE SALARY PAID TO IT_PROG.         // NOW IT_PROG IS GIVEN SO THINK ACCORDINGLY
SQL> 
SQL> SELECT FIRST_NAME,JOB_ID,SALARY FROM EMPLOYEES WHERE SALARY>(SELECT AVG(SALARY) FROM EMPLOYEES WHERE  JOB_ID ='IT_PROG');

FIRST_NAME JOB_ID         SALARY                                                                                                                                                                        
---------- ---------- ----------                                                                                                                                                                        
Steven     AD_PRES         24000                                                                                                                                                                        
Neena      AD_VP           17000                                                                                                                                                                        
Lex        AD_VP           17000                                                                                                                                                                        
Alexander  IT_PROG          9000                                                                                                                                                                        
Eleni      SA_MAN          10500                                                                                                                                                                        
Ellen      SA_REP          11000                                                                                                                                                                        
Jonathon   SA_REP           8600                                                                                                                                                                        
Kimerely   SA_REP           7000                                                                                                                                                                        
Michael    MK_MAN          13000                                                                                                                                                                        
Shelley    AC_MGR          12000                                                                                                                                                                        
William    AC_ACCOUNT       8300                                                                                                                                                                        

11 rows selected.

SQL> REM DISPLAY INFO. ABOUT THOSE WHO GETS LOWER SALARY THAN AVERAGE SALARY PAID TO DEPARTMENT 80.
SQL> 
SQL> SELECT FIRST_NAME, SALARY, DEPARTMENT_ID FROM EMPLOYEES WHERE SALARY < (SELECT AVG(SALARY) FROM EMPLOYEES WHERE DEAPARTMENT_ID=80);
SELECT FIRST_NAME, SALARY, DEPARTMENT_ID FROM EMPLOYEES WHERE SALARY < (SELECT AVG(SALARY) FROM EMPLOYEES WHERE DEAPARTMENT_ID=80)
                                                                                                                *
ERROR at line 1:
ORA-00904: "DEAPARTMENT_ID": invalid identifier 


SQL> SELECT FIRST_NAME, SALARY, DEPARTMENT_ID FROM EMPLOYEES WHERE SALARY < (SELECT AVG(SALARY) FROM EMPLOYEES WHERE DEPARTMENT_ID=80);

FIRST_NAME     SALARY DEPARTMENT_ID                                                                                                                                                                     
---------- ---------- -------------                                                                                                                                                                     
Alexander        9000            60                                                                                                                                                                     
Bruce            6000            60                                                                                                                                                                     
Diana            4200            60                                                                                                                                                                     
Kevin            5800            50                                                                                                                                                                     
Trenna           3500            50                                                                                                                                                                     
Curtis           3100            50                                                                                                                                                                     
Randall          2600            50                                                                                                                                                                     
Peter            2500            50                                                                                                                                                                     
Jonathon         8600            80                                                                                                                                                                     
Kimerely         7000                                                                                                                                                                                   
Jennifer         4400            10                                                                                                                                                                     
Pat              6000            20                                                                                                                                                                     
William          8300           110                                                                                                                                                                     

13 rows selected.

SQL> REM DISPLAY INFO. ABOUT IT_PROG WHO GETS HIGHER SALARY THEN AVERAGE SALARY PAID BY COMPANY.      // READ THE QUESTION CAREFULLY!!!!!!!!!
SQL> 
SQL> SELECT FIRST_NAME,SALARY,JOB_ID FROM EMPLOYEES WHERE SALARY>(SELECT AVG(SALARY) FROM EMPLOYEES ) AND JOB_ID='IT_PROG';

FIRST_NAME     SALARY JOB_ID                                                                                                                                                                            
---------- ---------- ----------                                                                                                                                                                        
Alexander        9000 IT_PROG                                                                                                                                                                           

SQL> REM DISPLAY INFO. ABOUT EMPLOYEES WHO WORKS IN DEPARTMENT 80 AND GETS HIGHER SALARY THAN AVERAGE SALARY PAID TO COMPANY.
SQL> 
SQL> REM DISPLAY INFO. ABOUT EMPLOYEES WHO WORKS IN DEPARTMENT 80 AND GETS HIGHER SALARY THAN AVERAGE SALARY PAID BY COMPANY.
SQL> SELECT FIRST_NAME,SALARY,DEPARTMENT_ID FROM EMPLOYEES WHERE SALARY>(SELECT AVG(SALARY) FROM EMPLOYEES) AND DEPARTMENT_ID=80;

FIRST_NAME     SALARY DEPARTMENT_ID                                                                                                                                                                     
---------- ---------- -------------                                                                                                                                                                     
Eleni           10500            80                                                                                                                                                                     
Ellen           11000            80                                                                                                                                                                     

SQL> REM DISPLAY INFO. ABOUT EMPLOYEE WHO WORKS IN DEPARTMENT 60 AND GETS LOWER SALARY PAID TO IT_PROG.
SQL> 
SQL> SELECT * FROM EMPLOYEES;

EMPLOYEE_ID FIRST_NAME LAST_NAME  EMAIL      PHONE_NUMBER         HIRE_DATE JOB_ID         SALARY COMMISSION_PCT MANAGER_ID DEPARTMENT_ID                                                               
----------- ---------- ---------- ---------- -------------------- --------- ---------- ---------- -------------- ---------- -------------                                                               
        100 Steven     King       SKING      515.123.4567         17-JUL-87 AD_PRES         24000                                      90                                                               
        101 Neena      Kochhar    NKOCHHAR   515.123.4568         21-SEP-89 AD_VP           17000                       100            90                                                               
        102 Lex        De Haan    LDEHAAN    515.123.4569         13-JAN-93 AD_VP           17000                       100            90                                                               
        103 Alexander  Hunold     AHUNOLD    590.423.4567         03-JAN-90 IT_PROG          9000                       102            60                                                               
        104 Bruce      Ernst      BERNST     590.423.4568         21-MAY-91 IT_PROG          6000                       103            60                                                               
        107 Diana      Lorentz    DLORENTZ   590.423.5567         07-FEB-99 IT_PROG          4200                       103            60                                                               
        124 Kevin      Mourgos    KMOURGOS   650.123.5234         16-NOV-99 ST_MAN           5800                       100            50                                                               
        141 Trenna     Rajs       TRAJS      650.121.8009         17-OCT-95 ST_CLERK         3500                       124            50                                                               
        142 Curtis     Davies     CDAVIES    650.121.2994         29-JAN-97 ST_CLERK         3100                       124            50                                                               
        143 Randall    Matos      RMATOS     650.121.2874         15-MAR-98 ST_CLERK         2600                       124            50                                                               
        144 Peter      Vargas     PVARGAS    650.121.2004         09-JUL-98 ST_CLERK         2500                       124            50                                                               
        149 Eleni      Zlotkey    EZLOTKEY   011.44.1344.429018   29-JAN-00 SA_MAN          10500             .2        100            80                                                               
        174 Ellen      Abel       EABEL      011.44.1644.429267   11-MAY-96 SA_REP          11000             .3        149            80                                                               
        176 Jonathon   Taylor     JTAYLOR    011.44.1644.429265   24-MAR-98 SA_REP           8600             .3        149            80                                                               
        178 Kimerely   Grant      KGRANT     011.44.1644.429263   24-MAY-99 SA_REP           7000            .15        149                                                                             
        200 Jennifer   Whalen     JWAHLEN    515.123.4444         17-SEP-87 AD_ASST          4400                       101            10                                                               
        201 Michael    Hartstein  MHARTSTE   515.123.5555         17-FEB-96 MK_MAN          13000                       100            20                                                               
        202 Pat        Fay        PFAY       603.123.6666         17-AUG-97 MK_REP           6000                       201            20                                                               
        205 Shelley    Higgins    SHIGGINS   515.123.8080         07-JUN-94 AC_MGR          12000                       101           110                                                               
        206 William    Gietz      WGIETZ     515.123.8181         07-JUN-94 AC_ACCOUNT       8300                       205           110                                                               

20 rows selected.

SQL> REM DISPLAY INFO. ABOUT EMPLOYEE WHO WORKS IN DEPARTMENT 80 AND GETS HIGHER SALARY PAID TO IT_PROG.
SQL> 
SQL> REM DISPLAY INFO. ABOUT EMPLOYEE WHO WORKS IN DEPARTMENT 80 AND GETS HIGHER SALARY THAN AVERAGE SALARY PAID TO IT_PROG.
SQL> 
SQL> SELECT FIRST_NAME,SALARY,DEPARTMENT_ID FROM EMPLOYEES WHERE SALARY > (SELECT AVG(SALARY) FROM EMPLOYEES WHERE JOB_ID='IT_PROG') AND DEPARTMENT_ID=80;

FIRST_NAME     SALARY DEPARTMENT_ID                                                                                                                                                                     
---------- ---------- -------------                                                                                                                                                                     
Eleni           10500            80                                                                                                                                                                     
Ellen           11000            80                                                                                                                                                                     
Jonathon         8600            80                                                                                                                                                                     

SQL> REM DISPLAY INFO. ABOUT EMPLOYEE WHO WORKS IN DEPARTMENT 20 AND GETS HIGHER SALARY THAN AVERAGE SALARY PAID TO IT_PROG.
SQL> 
SQL> SELECT FIRST_NAME,SALARY,DEPARTMENT_ID FROM EMPLOYEES WHERE SALARY > (SELECT AVG(SALARY) FROM EMPLOYEES WHERE JOB_ID='IT_PROG') AND DEPARTMENT_ID=20;

FIRST_NAME     SALARY DEPARTMENT_ID                                                                                                                                                                     
---------- ---------- -------------                                                                                                                                                                     
Michael         13000            20                                                                                                                                                                     

SQL> REM DISPLAY INFO. ABOUT EMPLOYEES WHO GETS HIGHER SALARY THAN ALL EMPLOYEES OF DEPARTMENT 60.
SQL> 
SQL> SELECT FIRST_NAME,SALARY,DEPARTMENT_ID FROM EMPLOYEES WHERE SALARY>(SELECT MAX(SALARY) FROM EMPLOYEES WHERE DEPARTMENT_ID=60);

FIRST_NAME     SALARY DEPARTMENT_ID                                                                                                                                                                     
---------- ---------- -------------                                                                                                                                                                     
Steven          24000            90                                                                                                                                                                     
Neena           17000            90                                                                                                                                                                     
Lex             17000            90                                                                                                                                                                     
Eleni           10500            80                                                                                                                                                                     
Ellen           11000            80                                                                                                                                                                     
Michael         13000            20                                                                                                                                                                     
Shelley         12000           110                                                                                                                                                                     

7 rows selected.

SQL> REM MULTI ROW COMPARISON OPERATORS : ANY/SOME , ALL
SQL> 
SQL> SELECT FIRST_NAME,SALARY,DEPARTMENT_ID FROM EMPLOYEES WHERE SALARY> ALL(SELECT SALARY FROM EMPLOYEES WHERE DEPARTMENT_ID=60);

// LOGICALLY IT SOUNDS LIKE KI JO KOI BHI SALARY AAYEGI USSE BADI HONI CHAHIYE THAT MEANS MAX(SALARY) SE BADI HI HONGI!!!!!!!!! OP!!!!!!!!!!

FIRST_NAME     SALARY DEPARTMENT_ID                                                                                                                                                                     
---------- ---------- -------------                                                                                                                                                                     
Eleni           10500            80                                                                                                                                                                     
Ellen           11000            80                                                                                                                                                                     
Shelley         12000           110                                                                                                                                                                     
Michael         13000            20                                                                                                                                                                     
Neena           17000            90                                                                                                                                                                     
Lex             17000            90                                                                                                                                                                     
Steven          24000            90                                                                                                                                                                     

7 rows selected.

SQL> SELECT FIRST_NAME,SALARY,DEPARTMENT_ID FROM EMPLOYEES WHERE SALARY> ALL(SELECT SALARY FROM EMPLOYEES WHERE DEPARTMENT_ID=60);

FIRST_NAME     SALARY DEPARTMENT_ID                                                                                                                                                                     
---------- ---------- -------------                                                                                                                                                                     
Eleni           10500            80                                                                                                                                                                     
Ellen           11000            80                                                                                                                                                                     
Shelley         12000           110                                                                                                                                                                     
Michael         13000            20                                                                                                                                                                     
Neena           17000            90                                                                                                                                                                     
Lex             17000            90                                                                                                                                                                     
Steven          24000            90                                                                                                                                                                     

7 rows selected.

SQL> REM DISPLAY INFO. ABOUT EMPLOYEES WHO GETS LOWER SALARY THAN ANY IT_PROG.   // QUESTION SUGGESTS THAT ANY IT_PROG MEANS KOI EK IT_PROG SE BHI KAM CHALEGA!!!
SQL> 
SQL> SELECT FIRST_NAME,SALARY FROM EMPLOYEES
  2  WHERE SALARY<(SELECT MIN(SALARY) FROM EMPLOYEES WHERE JOB_ID='IT_PROG');

FIRST_NAME     SALARY                                                                                                                                                                                   
---------- ----------                                                                                                                                                                                   
Trenna           3500                                                                                                                                                                                   
Curtis           3100                                                                                                                                                                                   
Randall          2600                                                                                                                                                                                   
Peter            2500                                                                                                                                                                                   

SQL> SELECT FIRST_NAME,SALARY,JOB_ID FROM EMPLOYEES WHERE SALARY<ANY(SELECT SALARY FROM EMPLOYEES WHERE JOB_ID='IT_PROG');

FIRST_NAME     SALARY JOB_ID                                                                                                                                                                            
---------- ---------- ----------                                                                                                                                                                        
Peter            2500 ST_CLERK                                                                                                                                                                          
Randall          2600 ST_CLERK                                                                                                                                                                          
Curtis           3100 ST_CLERK                                                                                                                                                                          
Trenna           3500 ST_CLERK                                                                                                                                                                          
Diana            4200 IT_PROG                                                                                                                                                                           
Jennifer         4400 AD_ASST                                                                                                                                                                           
Kevin            5800 ST_MAN                                                                                                                                                                            
Bruce            6000 IT_PROG                                                                                                                                                                           
Pat              6000 MK_REP                                                                                                                                                                            
Kimerely         7000 SA_REP                                                                                                                                                                            
William          8300 AC_ACCOUNT                                                                                                                                                                        
Jonathon         8600 SA_REP                                                                                                                                                                            

12 rows selected.

SQL> SELECT FIRST_NAME,SALARY FROM EMPLOYEES
  2  WHERE SALARY<(SELECT MAX(SALARY) FROM EMPLOYEES WHERE JOB_ID='IT_PROG');

FIRST_NAME     SALARY                                                                                                                                                                                   
---------- ----------                                                                                                                                                                                   
Bruce            6000                                                                                                                                                                                   
Diana            4200                                                                                                                                                                                   
Kevin            5800                                                                                                                                                                                   
Trenna           3500                                                                                                                                                                                   
Curtis           3100                                                                                                                                                                                   
Randall          2600                                                                                                                                                                                   
Peter            2500                                                                                                                                                                                   
Jonathon         8600                                                                                                                                                                                   
Kimerely         7000                                                                                                                                                                                   
Jennifer         4400                                                                                                                                                                                   
Pat              6000                                                                                                                                                                                   
William          8300                                                                                                                                                                                   

12 rows selected.

SQL> SELECT FIRST_NAME,SALARY FROM EMPLOYEES
  2  WHERE SALARY<SOME(SELECT SALARY FROM EMPLOYEES WHERE JOB_ID='IT_PROG');

FIRST_NAME     SALARY                                                                                                                                                                                   
---------- ----------                                                                                                                                                                                   
Peter            2500                                                                                                                                                                                   
Randall          2600                                                                                                                                                                                   
Curtis           3100                                                                                                                                                                                   
Trenna           3500                                                                                                                                                                                   
Diana            4200                                                                                                                                                                                   
Jennifer         4400                                                                                                                                                                                   
Kevin            5800                                                                                                                                                                                   
Bruce            6000                                                                                                                                                                                   
Pat              6000                                                                                                                                                                                   
Kimerely         7000                                                                                                                                                                                   
William          8300                                                                                                                                                                                   
Jonathon         8600                                                                                                                                                                                   

12 rows selected.

SQL> REM DISPLAY INFO. ABOUT EMPLOYEES WHO GET LOWEST SALARY FOR THEIR DEPARTMENT.
SQL> 
SQL> SELECT FIRST_NAME , DEPARTMENT_ID , SALARY
  2  FROM EMPLOYEES
  3  WHERE SALARY = (SELECT MIN(SALARY) FROM EMPLOYEES GROUP BY DEPARTMENT_ID);  //GROUP BY DEPARTMENT_ID WILL GIVE MORE THAN ONE ROWS..    OP!!!!! LOGICAL HAI!!!!!!
WHERE SALARY = (SELECT MIN(SALARY) FROM EMPLOYEES GROUP BY DEPARTMENT_ID)        //SO WE NEED TO USE THE MULTI-ROW COMPARISION OPERATORS
                *
ERROR at line 3:
ORA-01427: single-row subquery returns more than one row 


SQL> SELECT FIRST_NAME , DEPARTMENT_ID , SALARY
  2  FROM EMPLOYEES
  3  WHERE SALARY = ANY (SELECT MIN(SALARY) FROM EMPLOYEES GROUP BY DEPARTMENT_ID);

FIRST_NAME DEPARTMENT_ID     SALARY                                                                                                                                                                     
---------- ------------- ----------                                                                                                                                                                     
Neena                 90      17000                                                                                                                                                                     
Lex                   90      17000                 // OP PROBLEM!!!!!!!                                                                                                                                                    
Bruce                 60       6000             // FOR DEPARTMENT_ID 60 TWO SALARIES ARE COMING WHICH IS BASICALLY WRONG LOGICALLY!!!                                                                                                                                                                   
Diana                 60       4200             // SO WE NEED TO USE PAIR WISE COMPARISION                                                                                                                                                        
Peter                 50       2500 "SELECT DEPARTMENT_ID,SALARY FROM EMPLOYEES WHERE (DEPARTMENT_ID,SALARY) = ANY (SELECT DEPARTMENT_ID,MIN(SALARY) FROM EMPLOYEES GROUP BY DEPARTMENT_ID);"                                                                                                                                                     
Jonathon              80       8600                                                                                                                                                                     
Kimerely                       7000                                                                                                                                                                     
Jennifer              10       4400                                                                                                                                                                     
Pat                   20       6000                                                                                                                                                                     
William              110       8300                                                                                                                                                                     

10 rows selected.

SQL> SELECT FIRST_NAME , DEPARTMENT_ID , SALARY
  2  FROM EMPLOYEES
  3  WHERE (DEPARTMENT_ID,SALARY) = ANY (SELECT DEPARTMENT_ID,MIN(SALARY) FROM EMPLOYEES GROUP BY DEPARTMENT_ID);

FIRST_NAME DEPARTMENT_ID     SALARY                                                                                                                                                                     
---------- ------------- ----------                                                                                                                                                                     
Neena                 90      17000                                                                                                                                                                     
Lex                   90      17000                                                                                                                                                                     
Pat                   20       6000                                                                                                                                                                     
William              110       8300                                                                                                                                                                     
Peter                 50       2500                                                                                                                                                                     
Jonathon              80       8600                                                                                                                                                                     
Diana                 60       4200                                                                                                                                                                     
Jennifer              10       4400                                                                                                                                                                     

8 rows selected.

SQL> SELECT FIRST_NAME , DEPARTMENT_ID , SALARY
  2  FROM EMPLOYEES
  3  WHERE (NVL(DEPARTMENT_ID,0),SALARY) = ANY (SELECT NVL(DEPARTMENT_ID,0),MIN(SALARY) FROM EMPLOYEES GROUP BY DEPARTMENT_ID);

FIRST_NAME DEPARTMENT_ID     SALARY                                                                                                                                                                     
---------- ------------- ----------                                                                                                                                                                     
Kimerely                       7000                                                                                                                                                                     
Neena                 90      17000                                                                                                                                                                     
Lex                   90      17000                                                                                                                                                                     
Pat                   20       6000                                                                                                                                                                     
William              110       8300                                                                                                                                                                     
Peter                 50       2500                                                                                                                                                                     
Jonathon              80       8600                                                                                                                                                                     
Diana                 60       4200                                                                                                                                                                     
Jennifer              10       4400                                                                                                                                                                     

9 rows selected.

SQL> REM DISPLAY INFO. ABOUT EMPLOYEE WHO GETS HIGHEST SALARY FOR THEIR JOB.
SQL> 
SQL> SELECT FIRST_NAME,SALARY,JOB_ID FROM EMPLOYEES WHERE (JOB_ID,SALARY)=SOME(SELECT JOB_ID,MAX(SALARY) FROM EMPLOYEES GROUP BY JOB_ID);

FIRST_NAME     SALARY JOB_ID                                                                                                                                                                            
---------- ---------- ----------                                                                                                                                                                        
Alexander        9000 IT_PROG                                                                                                                                                                           
Shelley         12000 AC_MGR                                                                                                                                                                            
William          8300 AC_ACCOUNT                                                                                                                                                                        
Kevin            5800 ST_MAN                                                                                                                                                                            
Jennifer         4400 AD_ASST                                                                                                                                                                           
Neena           17000 AD_VP                                                                                                                                                                             
Lex             17000 AD_VP                                                                                                                                                                             
Eleni           10500 SA_MAN                                                                                                                                                                            
Michael         13000 MK_MAN                                                                                                                                                                            
Steven          24000 AD_PRES                                                                                                                                                                           
Ellen           11000 SA_REP                                                                                                                                                                            
Pat              6000 MK_REP                                                                                                                                                                            
Trenna           3500 ST_CLERK                                                                                                                                                                          

13 rows selected.

SQL> REM DISPLAY THOSE WHO GETS LOWEST SALARY FOR THEIR HIRE YEAR.
SQL> 
SQL> SELECT FIRST_NAME,SALARY,SUBSTR(HIRE_DATE,-2,2) "HIRE YEAR" FROM EMPLOYEES WHERE (SUBSTR(HIRE_DATE,-2,2),SALARY)=ANY(SELECT SUBSTR(HIRE_DATE,-2,2),MIN(SALARY) FROM EMPLOYEES GROUP BY SUBSTR(HIRE_DATE,-2,2));

ANOTHER WAY IS MORE OPIER! 

SELECT FIRST_NAME,TO_CHAR(HIRE_DATE,'RR'),SALARY FROM EMPLOYEES 
WHERE (TO_CHAR(HIRE_DATE,'RR'),SALARY) IN (SELECT TO_CHAR(HIRE_DATE,'RR'),MIN(SALARY) FROM EMPLOYEES GROUP BY TO_CHAR(HIRE_DATE,'RR'));

SIMILARLY FOR MAX

SELECT FIRST_NAME,TO_CHAR(HIRE_DATE,'RR'),SALARY FROM EMPLOYEES 
WHERE (TO_CHAR(HIRE_DATE,'RR'),SALARY) IN (SELECT TO_CHAR(HIRE_DATE,'RR'),MAX(SALARY) FROM EMPLOYEES GROUP BY TO_CHAR(HIRE_DATE,'RR'));

FIRST_NAME     SALARY HIRE YEA                                                                                                                                                                          
---------- ---------- --------                                                                                                                                                                          
Alexander        9000 90                                                                                                                                                                                
Peter            2500 98                                                                                                                                                                                
Eleni           10500 00                                                                                                                                                                                
Ellen           11000 96                                                                                                                                                                                
Bruce            6000 91                                                                                                                                                                                
Trenna           3500 95                                                                                                                                                                                
William          8300 94                                                                                                                                                                                
Lex             17000 93                                                                                                                                                                                
Diana            4200 99                                                                                                                                                                                
Curtis           3100 97                                                                                                                                                                                
Jennifer         4400 87                                                                                                                                                                                
Neena           17000 89                                                                                                                                                                                

12 rows selected.

SQL> SELECT FIRST_NAME,SALARY,HIRE_DATE FROM EMPLOYEES WHERE (TO_CHAR(HIRE_DATE,'RRRR'),SALARY)=SOME(SELECT TO_CHAR(HIRE_DATE,'RRRR'),MIN(SALARY) FROM EMPLOYEES GROUP BY TO_CHAR(HIRE_DATE,'RRRR'));

FIRST_NAME     SALARY HIRE_DATE                                                                                                                                                                         
---------- ---------- ---------                                                                                                                                                                         
Trenna           3500 17-OCT-95                                                                                                                                                                         
Peter            2500 09-JUL-98                                                                                                                                                                         
Bruce            6000 21-MAY-91                                                                                                                                                                         
Alexander        9000 03-JAN-90                                                                                                                                                                         
Diana            4200 07-FEB-99                                                                                                                                                                         
Jennifer         4400 17-SEP-87                                                                                                                                                                         
William          8300 07-JUN-94                                                                                                                                                                         
Lex             17000 13-JAN-93                                                                                                                                                                         
Eleni           10500 29-JAN-00                                                                                                                                                                         
Curtis           3100 29-JAN-97                                                                                                                                                                         
Ellen           11000 11-MAY-96                                                                                                                                                                         
Neena           17000 21-SEP-89                                                                                                                                                                         

12 rows selected.

SQL> SELECT FIRST_NAME,SALARY,TO_CHAR(HIRE_DATE,'RRRR') FROM EMPLOYEES WHERE (TO_CHAR(HIRE_DATE,'RRRR'),SALARY)=SOME(SELECT TO_CHAR(HIRE_DATE,'RRRR'),MIN(SALARY) FROM EMPLOYEES GROUP BY TO_CHAR(HIRE_DATE,'RRRR'));

FIRST_NAME     SALARY TO_C                                                                                                                                                                              
---------- ---------- ----                                                                                                                                                                              
Trenna           3500 1995                                                                                                                                                                              
Peter            2500 1998                                                                                                                                                                              
Bruce            6000 1991                                                                                                                                                                              
Alexander        9000 1990                                                                                                                                                                              
Diana            4200 1999                                                                                                                                                                              
Jennifer         4400 1987                                                                                                                                                                              
William          8300 1994                                                                                                                                                                              
Lex             17000 1993                                                                                                                                                                              
Eleni           10500 2000                                                                                                                                                                              
Curtis           3100 1997                                                                                                                                                                              
Ellen           11000 1996                                                                                                                                                                              
Neena           17000 1989                                                                                                                                                                              

12 rows selected.

SQL> REM DISPLAY THOSE WHO GETS EITHER LOWEST OR HIGHEST SALARY IN COMPANY.
SQL> 
SQL> SELECT FIRST_NAME,SALARY FROM EMPLOYEES WHERE SALARY = ANY(SELECT MIN(SALARY) FROM EMPLOYEEES ) OR SALARY=ANY(SELECT MAX(SALARY) FROM EMPLOYEES);
SELECT FIRST_NAME,SALARY FROM EMPLOYEES WHERE SALARY = ANY(SELECT MIN(SALARY) FROM EMPLOYEEES ) OR SALARY=ANY(SELECT MAX(SALARY) FROM EMPLOYEES)
                                                                                   *
ERROR at line 1:
ORA-00942: table or view does not exist 


SQL> SELECT FIRST_NAME,SALARY FROM EMPLOYEES WHERE SALARY = ANY(SELECT MIN(SALARY) FROM EMPLOYEES ) OR SALARY=ANY(SELECT MAX(SALARY) FROM EMPLOYEES);

FIRST_NAME     SALARY                                                                                                                                                                                   
---------- ----------                                                                                                                                                                                   
Steven          24000                                                                                                                                                                                   
Peter            2500                                                                                                                                                                                   

SQL> SELECT FIRST_NAME,SALARY FROM EMPLOYEES WHERE SALARY = (SELECT MIN(SALARY) FROM EMPLOYEES ) OR SALARY=(SELECT MAX(SALARY) FROM EMPLOYEES);

FIRST_NAME     SALARY                                                                                                                                                                                   
---------- ----------                                                                                                                                                                                   
Steven          24000                                                                                                                                                                                   
Peter            2500                                                                                                                                                                                   

SQL> SELECT FIRST_NAME,SALARY FROM EMPLOYEES WHERE SALARY IN (SELECT MIN(SALARY) FROM EMPLOYEES ) OR SALARY IN (SELECT MAX(SALARY) FROM EMPLOYEES);

FIRST_NAME     SALARY                                                                                                                                                                                   
---------- ----------                                                                                                                                                                                   
Steven          24000                                                                                                                                                                                   
Peter            2500                                                                                                                                                                                   

SQL> SELECT FIRST_NAME,SALARY FROM EMPLOYEES WHERE SALARY IN ((SELECT MIN(SALARY) FROM EMPLOYEES ),(SELECT MAX(SALARY) FROM EMPLOYEES));

FIRST_NAME     SALARY                       // BEST WAY (USING IN)  OP!!!!!!!!!!!!!!!!!!!                                                                                                                                                           
---------- ----------                                                                                                                                                                                   
Steven          24000                                                                                                                                                                                   
Peter            2500                                                                                                                                                                                   

SQL> SELECT FIRST_NAME,SALARY FROM EMPLOYEES WHERE SALARY = ANY ((SELECT MIN(SALARY) FROM EMPLOYEES ),(SELECT MAX(SALARY) FROM EMPLOYEES));

FIRST_NAME     SALARY                                                                                                                                                                                   
---------- ----------                                                                                                                                                                                   
Steven          24000                                                                                                                                                                                   
Peter            2500                                                                                                                                                                                   

SQL> SELECT FIRST_NAME,SALARY FROM EMPLOYEES WHERE SALARY = SOME ((SELECT MIN(SALARY) FROM EMPLOYEES ),(SELECT MAX(SALARY) FROM EMPLOYEES));

FIRST_NAME     SALARY                                                                                                                                                                                   
---------- ----------                                                                                                                                                                                   
Steven          24000                                                                                                                                                                                   
Peter            2500                                                                                                                                                                                   

SQL> REM DISPLAY ALL EXCEPT THOSE WHO GETS EITHER LOWEST OR HIGHEST SALARY IN COMPANY.
SQL> 
SQL> SELECT FIRST_NAME,SALARY FROM EMPLOYEES WHERE SALARY !=ALL (SELECT MAX(SALARY) FROM EMPLOYEES) OR SALARY!=ALL(SELECT MIN(SALARY) FROM EMPLOYEES) ;

FIRST_NAME     SALARY                                                                                                                                                                                   
---------- ----------                                                                                                                                                                                   
Steven          24000                                                                                                                                                                                   
Neena           17000                                                                                                                                                                                   
Lex             17000                                                                                                                                                                                   
Alexander        9000                                                                                                                                                                                   
Bruce            6000                                                                                                                                                                                   
Diana            4200                                                                                                                                                                                   
Kevin            5800                                                                                                                                                                                   
Trenna           3500                                                                                                                                                                                   
Curtis           3100                                                                                                                                                                                   
Randall          2600                                                                                                                                                                                   
Peter            2500                                                                                                                                                                                   
Eleni           10500                                                                                                                                                                                   
Ellen           11000                                                                                                                                                                                   
Jonathon         8600                                                                                                                                                                                   
Kimerely         7000                                                                                                                                                                                   
Jennifer         4400                                                                                                                                                                                   
Michael         13000                                                                                                                                                                                   
Pat              6000                                                                                                                                                                                   
Shelley         12000                                                                                                                                                                                   
William          8300                                                                                                                                                                                   

20 rows selected.

SQL> SELECT FIRST_NAME,SALARY FROM EMPLOYEES WHERE SALARY = (SELECT MAX(SALARY) FROM EMPLOYEES) OR SALARY = (SELECT MIN(SALARY) FROM EMPLOYEES) ;

FIRST_NAME     SALARY                                                                                                                                                                                   
---------- ----------                                                                                                                                                                                   
Steven          24000                                                                                                                                                                                   
Peter            2500                                                                                                                                                                                   

SQL> SELECT FIRST_NAME,SALARY FROM EMPLOYEES WHERE NOT (SALARY = (SELECT MAX(SALARY) FROM EMPLOYEES) OR SALARY = (SELECT MIN(SALARY) FROM EMPLOYEES)) ;

FIRST_NAME     SALARY                                                                                                                                                                                   
---------- ----------                                                                                                                                                                                   
Neena           17000                                                                                                                                                                                   
Lex             17000                                                                                                                                                                                   
Alexander        9000                                                                                                                                                                                   
Bruce            6000                                                                                                                                                                                   
Diana            4200                                                                                                                                                                                   
Kevin            5800                                                                                                                                                                                   
Trenna           3500                                                                                                                                                                                   
Curtis           3100                                                                                                                                                                                   
Randall          2600                                                                                                                                                                                   
Eleni           10500                                                                                                                                                                                   
Ellen           11000                                                                                                                                                                                   
Jonathon         8600                                                                                                                                                                                   
Kimerely         7000                                                                                                                                                                                   
Jennifer         4400                                                                                                                                                                                   
Michael         13000                                                                                                                                                                                   
Pat              6000                                                                                                                                                                                   
Shelley         12000                                                                                                                                                                                   
William          8300                                                                                                                                                                                   

18 rows selected.

SQL> SELECT FIRST_NAME,SALARY FROM EMPLOYEES WHERE SALARY <> (SELECT MAX(SALARY) FROM EMPLOYEES) AND SALARY <> (SELECT MIN(SALARY) FROM EMPLOYEES) ;

FIRST_NAME     SALARY                                                                                                                                                                                   
---------- ----------                                                                                                                                                                                   
Neena           17000                                                                                                                                                                                   
Lex             17000                                                                                                                                                                                   
Alexander        9000                                                                                                                                                                                   
Bruce            6000                                                                                                                                                                                   
Diana            4200                                                                                                                                                                                   
Kevin            5800                                                                                                                                                                                   
Trenna           3500                                                                                                                                                                                   
Curtis           3100                                                                                                                                                                                   
Randall          2600                                                                                                                                                                                   
Eleni           10500                                                                                                                                                                                   
Ellen           11000                                                                                                                                                                                   
Jonathon         8600                                                                                                                                                                                   
Kimerely         7000                                                                                                                                                                                   
Jennifer         4400                                                                                                                                                                                   
Michael         13000                                                                                                                                                                                   
Pat              6000                                                                                                                                                                                   
Shelley         12000                                                                                                                                                                                   
William          8300                                                                                                                                                                                   

18 rows selected.

SQL> SELECT FIRST_NAME,SALARY FROM EMPLOYEES WHERE SALARY NOT IN ((SELECT MAX(SALARY) FROM EMPLOYEES),(SELECT MIN(SALARY) FROM EMPLOYEES)) ;  // OP WAY BOLTE!!!!!!!

SELECT FIRST_NAME,SALARY FROM EMPLOYEES WHERE SALARY != ALL ((SELECT MAX(SALARY) FROM EMPLOYEES),(SELECT MIN(SALARY) FROM EMPLOYEES));  //(NOT IN ==== !=ALL) OP!!!!!!!!!!!!

FIRST_NAME     SALARY                                                                                                                                                                                   
---------- ----------                                                                                                                                                                                   
Neena           17000                                                                                                                                                                                   
Lex             17000                                                                                                                                                                                   
Alexander        9000                                                                                                                                                                                   
Bruce            6000                                                                                                                                                                                   
Diana            4200                                                                                                                                                                                   
Kevin            5800                                                                                                                                                                                   
Trenna           3500                                                                                                                                                                                   
Curtis           3100                                                                                                                                                                                   
Randall          2600                                                                                                                                                                                   
Eleni           10500                                                                                                                                                                                   
Ellen           11000                                                                                                                                                                                   
Jonathon         8600                                                                                                                                                                                   
Kimerely         7000                                                                                                                                                                                   
Jennifer         4400                                                                                                                                                                                   
Michael         13000                                                                                                                                                                                   
Pat              6000                                                                                                                                                                                   
Shelley         12000                                                                                                                                                                                   
William          8300                                                                                                                                                                                   

18 rows selected.

SQL> SELECT FIRST_NAME,SALARY FROM EMPLOYEES WHERE SALARY <> ALL ((SELECT MAX(SALARY) FROM EMPLOYEES),(SELECT MIN(SALARY) FROM EMPLOYEES)) ;

FIRST_NAME     SALARY                                                                                                                                                                                   
---------- ----------                                                                                                                                                                                   
Neena           17000                                                                                                                                                                                   
Lex             17000                                                                                                                                                                                   
Alexander        9000                                                                                                                                                                                   
Bruce            6000                                                                                                                                                                                   
Diana            4200                                                                                                                                                                                   
Kevin            5800                                                                                                                                                                                   
Trenna           3500                                                                                                                                                                                   
Curtis           3100                                                                                                                                                                                   
Randall          2600                                                                                                                                                                                   
Eleni           10500                                                                                                                                                                                   
Ellen           11000                                                                                                                                                                                   
Jonathon         8600                                                                                                                                                                                   
Kimerely         7000                                                                                                                                                                                   
Jennifer         4400                                                                                                                                                                                   
Michael         13000                                                                                                                                                                                   
Pat              6000                                                                                                                                                                                   
Shelley         12000                                                                                                                                                                                   
William          8300                                                                                                                                                                                   

18 rows selected.

SQL> SELECT FIRST_NAME,SALARY FROM EMPLOYEES WHERE SALARY != ALL ((SELECT MAX(SALARY) FROM EMPLOYEES),(SELECT MIN(SALARY) FROM EMPLOYEES)) ;  // JODDD BEY!!!!!

FIRST_NAME     SALARY                                        // !=ALL || <>ALL || ^=ALL ARE ALL SIMILAR TO NOT IN !!!!!!!!!!!                                                                                                                                           
---------- ----------                                                                                                                                                                                   
Neena           17000                                                                                                                                                                                   
Lex             17000                                                                                                                                                                                   
Alexander        9000                                                                                                                                                                                   
Bruce            6000                                                                                                                                                                                   
Diana            4200                                                                                                                                                                                   
Kevin            5800                                                                                                                                                                                   
Trenna           3500                                                                                                                                                                                   
Curtis           3100                                                                                                                                                                                   
Randall          2600                                                                                                                                                                                   
Eleni           10500                                                                                                                                                                                   
Ellen           11000                                                                                                                                                                                   
Jonathon         8600                                                                                                                                                                                   
Kimerely         7000                                                                                                                                                                                   
Jennifer         4400                                                                                                                                                                                   
Michael         13000                                                                                                                                                                                   
Pat              6000                                                                                                                                                                                   
Shelley         12000                                                                                                                                                                                   
William          8300                                                                                                                                                                                   

18 rows selected.

SQL> SELECT FIRST_NAME,SALARY FROM EMPLOYEES WHERE SALARY ^= ALL ((SELECT MAX(SALARY) FROM EMPLOYEES),(SELECT MIN(SALARY) FROM EMPLOYEES)) ;

FIRST_NAME     SALARY                                                                                                                                                                                   
---------- ----------                                                                                                                                                                                   
Neena           17000                                                                                                                                                                                   
Lex             17000                                                                                                                                                                                   
Alexander        9000                                                                                                                                                                                   
Bruce            6000                                                                                                                                                                                   
Diana            4200                                                                                                                                                                                   
Kevin            5800                                                                                                                                                                                   
Trenna           3500                                                                                                                                                                                   
Curtis           3100                                                                                                                                                                                   
Randall          2600                                                                                                                                                                                   
Eleni           10500                                                                                                                                                                                   
Ellen           11000                                                                                                                                                                                   
Jonathon         8600                                                                                                                                                                                   
Kimerely         7000                                                                                                                                                                                   
Jennifer         4400                                                                                                                                                                                   
Michael         13000                                                                                                                                                                                   
Pat              6000                                                                                                                                                                                   
Shelley         12000                                                                                                                                                                                   
William          8300                                                                                                                                                                                   

18 rows selected.

SQL> SPOOL OFF
