SQL> 
SQL> CL SCR

SQL> REM SET OPERATORS :
SQL> 
SQL> REM SET OPERATORS : IS USED TO CLUB TWO RESULT SETS VERTICALLY              // TWO RESULT SETS KO VERTICALLY CLUB KARNE MAI KAAM AATA HAI YE!!!
SQL> 
SQL> REM RESULT SET : RESULT OF SELECT STATEMENT
SQL> 
SQL> REM WHEN WE USE SET OPERATOR, THE STATEMENT IS CALLED COMPOUND STATEMENT.
SQL> 
SQL> REM COMPOUND STATEMENT SYNTAX : SELECT ... FROM ... WHERE ... GROUP BY / HAVING SET OPERATOR SELECT ... FROM ... WHERE ... GROUP BY /HAVING     ORDER BY ...;
SQL> 
SQL> REM SELECT ... SET OPERATOR SELECT ...
SQL> 
SQL> REM SELECT ... SET OPERATOR SELECT ... SET OPERATOR SELECT ...   ORDER BY
SQL> 
SQL> 
SQL> 
SQL> REM ORACLE SUPPORTS 4 SET OPERATORS : 1 UNION ALL 2 UNION 3 INTERSECT 4 MINUS
SQL> 
SQL> 
SQL> 
SQL> REM RESULT SET 1 : B A B C D A
SQL> 
SQL> REM RESULT SET 2 : E D C C F
SQL> 
SQL> 
SQL> 
SQL> REM UNION ALL : IT WILL SIMPLY CLUB BOTH THE RESULT SETS. THE TOP TO BOTTOM SEQUENCE/ORDER WILL BE SAME.
SQL> 
SQL> REM RS1 UNION ALL RS2 : B A B C D A E D C C F
SQL> 
SQL> 
SQL> 
SQL> 
SQL> REM REMAINING 3 SET OPERATORS PERFORM TWO COMMON TASKS : 1 REMOVES DUPLICATE ROWS 2 SORTS ROW IN ASCENDING ORDER
SQL> 
SQL> REM UNION : IT WILL PERFORM ONLY TWO ABOVE COMMON TASTS.
SQL> 
SQL> 
SQL> 
SQL> REM RS1 UNION RS2 : B A C D E F -> A B C D E F
SQL> 
SQL> 
SQL> 
SQL> REM INTERSECT : IT WILL PICK ONLY COMMON ROWS OF BOTH RESULT SETS + TWO COMMON TASKS
SQL> 
SQL> REM INTERSECT : C C C D D : C D : C D
SQL> 
SQL> 
SQL> 
SQL> REM MINUS : IT WILL REMOVE COMMON ROWS OF BOTH RESLT SETS FROM FIRST RESULT SET. + TWO COMMON TASKS
SQL> 
SQL> REM MINUS : B A B A : B A : A B
SQL> 
SQL> 
SQL> SET LINES 200 PAGES 24
SQL> 
SQL> SELECT * FROM MPSEMP;

     EMPNO ENAME      JOB               MGR HIREDATE         SAL       COMM     DEPTNO                                                                                                                  
---------- ---------- ---------- ---------- --------- ---------- ---------- ----------                                                                                                                  
      7839 KING       PRESIDENT             17-NOV-81       5000                    10                                                                                                                  
      7782 CLARK      MANAGER          7839 09-JUN-81       2450                    10                                                                                                                  
      7566 JONES      MANAGER          7839 02-APR-81       2975                    20                                                                                                                  
      7902 FORD       ANALYST          7566 04-DEC-81                  3000         20                                                                                                                  
      7698 BLAKE      MANAGER          7839 01-MAY-91       2850                    30                                                                                                                  
      7369 SMITH      CLERK            7902 17-DEC-80        800                    20                                                                                                                  
      7499 ALLEN      SALESMAN         7698 20-FEB-81       1600        300         30                                                                                                                  
      7521 WARD       SALESMAN         7698 22-FEB-81       1250        500         30                                                                                                                  
      7654 MARTIN     SALESMAN         7698 28-SEP-81       1250       1400         30                                                                                                                  
      7788 SCOTT      ANALYST          7566 09-DEC-82       3000                    20                                                                                                                  
      7844 TURNER     SALESMAN         7698 08-SEP-81       1500          0         30                                                                                                                  
      7876 ADAMS      CLERK            7788 12-JAN-89                  1100         20                                                                                                                  
      7900 JAMES      CLERK            7698 03-DEC-81                   950         30                                                                                                                  
      7934 MILLER     CLERK            7782 23-JAN-82       1300                    10                                                                                                                  

14 rows selected.

SQL> SELECT JOB FROM MPSEMP;

JOB                                                                                                                                                                                                     
----------                                                                                                                                                                                              
PRESIDENT                                                                                                                                                                                               
MANAGER                                                                                                                                                                                                 
MANAGER                                                                                                                                                                                                 
ANALYST                                                                                                                                                                                                 
MANAGER                                                                                                                                                                                                 
CLERK                                                                                                                                                                                                   
SALESMAN                                                                                                                                                                                                
SALESMAN                                                                                                                                                                                                
SALESMAN                                                                                                                                                                                                
ANALYST                                                                                                                                                                                                 
SALESMAN                                                                                                                                                                                                
CLERK                                                                                                                                                                                                   
CLERK                                                                                                                                                                                                   
CLERK                                                                                                                                                                                                   

14 rows selected.

SQL> SELECT JOB FROM MPSEMP WHERE DEPTNO = 10;

JOB                                                                                                                                                                                                     
----------                                                                                                                                                                                              
PRESIDENT                                                                                                                                                                                               
MANAGER                                                                                                                                                                                                 
CLERK                                                                                                                                                                                                   

SQL> SELECT JOB FROM MPSEMP WHERE DEPTNO = 20;

JOB                                                                                                                                                                                                     
----------                                                                                                                                                                                              
MANAGER                                                                                                                                                                                                 
ANALYST                                                                                                                                                                                                 
CLERK                                                                                                                                                                                                   
ANALYST                                                                                                                                                                                                 
CLERK                                                                                                                                                                                                   

SQL> SELECT JOB FROM MPSEMP WHERE DEPTNO = 30;

JOB                                                                                                                                                                                                     
----------                                                                                                                                                                                              
MANAGER                                                                                                                                                                                                 
SALESMAN                                                                                                                                                                                                
SALESMAN                                                                                                                                                                                                
SALESMAN                                                                                                                                                                                                
SALESMAN                                                                                                                                                                                                
CLERK                                                                                                                                                                                                   

6 rows selected.

SQL> REM UNION ALL : IT WILL SIMPLY CLUB BOTH THE RESULT SETS. THE TOP TO BOTTOM SEQUENCE/ORDER WILL BE SAME.
SQL> 
SQL> SELECT JOB FROM MPSEMP WHERE DEPTNO = 10
  2  UNION ALL
  3  SELECT JOB FROM MPSEMP WHERE DEPTNO = 20;

JOB                                                                                                                                                                                                     
----------                                                                                                                                                                                              
PRESIDENT                                                                                                                                                                                               
MANAGER                                                                                                                                                                                                 
CLERK                                                                                                                                                                                                   
MANAGER                                                                                                                                                                                                 
ANALYST                                                                                                                                                                                                 
CLERK                                                                                                                                                                                                   
ANALYST                                                                                                                                                                                                 
CLERK                                                                                                                                                                                                   

8 rows selected.

SQL> SELECT JOB FROM MPSEMP WHERE DEPTNO = 20;

JOB                                                                                                                                                                                                     
----------                                                                                                                                                                                              
MANAGER                                                                                                                                                                                                 
ANALYST                                                                                                                                                                                                 
CLERK                                                                                                                                                                                                   
ANALYST                                                                                                                                                                                                 
CLERK                                                                                                                                                                                                   

SQL> SELECT JOB FROM MPSEMP WHERE DEPTNO = 30;

JOB                                                                                                                                                                                                     
----------                                                                                                                                                                                              
MANAGER                                                                                                                                                                                                 
SALESMAN                                                                                                                                                                                                
SALESMAN                                                                                                                                                                                                
SALESMAN                                                                                                                                                                                                
SALESMAN                                                                                                                                                                                                
CLERK                                                                                                                                                                                                   

6 rows selected.

SQL> SELECT JOB FROM MPSEMP WHERE DEPTNO = 20
  2  UNION ALL
  3  SELECT JOB FROM MPSEMP WHERE DEPTNO = 30;

JOB                                                                                                                                                                                                     
----------                                                                                                                                                                                              
MANAGER                                                                                                                                                                                                 
ANALYST                                                                                                                                                                                                 
CLERK                                                                                                                                                                                                   
ANALYST                                                                                                                                                                                                 
CLERK                                                                                                                                                                                                   
MANAGER                                                                                                                                                                                                 
SALESMAN                                                                                                                                                                                                
SALESMAN                                                                                                                                                                                                
SALESMAN                                                                                                                                                                                                
SALESMAN                                                                                                                                                                                                
CLERK                                                                                                                                                                                                   

11 rows selected.

SQL> REM UNION : IT WILL PERFORM ONLY TWO ABOVE COMMON TASTS.
SQL> 
SQL> REM REMAINING 3 SET OPERATORS PERFORM TWO COMMON TASKS : 1 REMOVES DUPLICATE ROWS 2 SORTS ROW IN ASCENDING ORDER
SQL> 
SQL> SELECT JOB FROM MPSEMP WHERE DEPTNO = 10;

JOB                                                                                                                                                                                                     
----------                                                                                                                                                                                              
PRESIDENT                                                                                                                                                                                               
MANAGER                                                                                                                                                                                                 
CLERK                                                                                                                                                                                                   

SQL> SELECT JOB FROM MPSEMP WHERE DEPTNO = 20;

JOB                                                                                                                                                                                                     
----------                                                                                                                                                                                              
MANAGER                                                                                                                                                                                                 
ANALYST                                                                                                                                                                                                 
CLERK                                                                                                                                                                                                   
ANALYST                                                                                                                                                                                                 
CLERK                                                                                                                                                                                                   

SQL> SELECT JOB FROM MPSEMP WHERE DEPTNO = 30;

JOB                                                                                                                                                                                                     
----------                                                                                                                                                                                              
MANAGER                                                                                                                                                                                                 
SALESMAN                                                                                                                                                                                                
SALESMAN                                                                                                                                                                                                
SALESMAN                                                                                                                                                                                                
SALESMAN                                                                                                                                                                                                
CLERK                                                                                                                                                                                                   

6 rows selected.

SQL> SELECT JOB FROM MPSEMP WHERE DEPTNO = 10
  2  UNION
  3  SELECT JOB FROM MPSEMP WHERE DEPTNO = 20;

JOB                                                                                                                                                                                                     
----------                                                                                                                                                                                              
ANALYST                                                                                                                                                                                                 
CLERK                                                                                                                                                                                                   
MANAGER                                                                                                                                                                                                 
PRESIDENT                                                                                                                                                                                               

SQL> SELECT JOB FROM MPSEMP WHERE DEPTNO = 20;

JOB                                                                                                                                                                                                     
----------                                                                                                                                                                                              
MANAGER                                                                                                                                                                                                 
ANALYST                                                                                                                                                                                                 
CLERK                                                                                                                                                                                                   
ANALYST                                                                                                                                                                                                 
CLERK                                                                                                                                                                                                   

SQL> SELECT JOB FROM MPSEMP WHERE DEPTNO = 30;

JOB                                                                                                                                                                                                     
----------                                                                                                                                                                                              
MANAGER                                                                                                                                                                                                 
SALESMAN                                                                                                                                                                                                
SALESMAN                                                                                                                                                                                                
SALESMAN                                                                                                                                                                                                
SALESMAN                                                                                                                                                                                                
CLERK                                                                                                                                                                                                   

6 rows selected.

SQL> SELECT JOB FROM MPSEMP WHERE DEPTNO = 20
  2  UNION
  3  SELECT JOB FROM MPSEMP WHERE DEPTNO = 30;

JOB                                                                                                                                                                                                     
----------                                                                                                                                                                                              
ANALYST                                                                                                                                                                                                 
CLERK                                                                                                                                                                                                   
MANAGER                                                                                                                                                                                                 
SALESMAN                                                                                                                                                                                                

SQL> SELECT DISTINCT * FROM
  2  SELECT JOB FROM MPSEMP WHERE DEPTNO = 20
  3  UNION
  4  
SQL> 
SQL> SELECT DISTINCT * FROM
  2  (SELECT JOB FROM MPSEMP WHERE DEPTNO = 20
  3  UNION ALL
  4  SELECT JOB FROM MPSEMP WHERE DEPTNO = 30);

JOB                                                                                                                                                                                                     
----------                                                                                                                                                                                              
CLERK                                                                                                                                                                                                   
SALESMAN                                                                                                                                                                                                
ANALYST                                                                                                                                                                                                 
MANAGER                                                                                                                                                                                                 

SQL> REM INTERSECT : IT WILL PICK ONLY COMMON ROWS OF BOTH RESULT SETS + TWO COMMON TASKS
SQL> 
SQL> SELECT JOB FROM MPSEMP WHERE DEPTNO = 10;

JOB                                                                                                                                                                                                     
----------                                                                                                                                                                                              
PRESIDENT                                                                                                                                                                                               
MANAGER                                                                                                                                                                                                 
CLERK                                                                                                                                                                                                   

SQL> SELECT JOB FROM MPSEMP WHERE DEPTNO = 20;

JOB                                                                                                                                                                                                     
----------                                                                                                                                                                                              
MANAGER                                                                                                                                                                                                 
ANALYST                                                                                                                                                                                                 
CLERK                                                                                                                                                                                                   
ANALYST                                                                                                                                                                                                 
CLERK                                                                                                                                                                                                   

SQL> SELECT JOB FROM MPSEMP WHERE DEPTNO = 30;

JOB                                                                                                                                                                                                     
----------                                                                                                                                                                                              
MANAGER                                                                                                                                                                                                 
SALESMAN                                                                                                                                                                                                
SALESMAN                                                                                                                                                                                                
SALESMAN                                                                                                                                                                                                
SALESMAN                                                                                                                                                                                                
CLERK                                                                                                                                                                                                   

6 rows selected.

SQL> SELECT JOB FROM MPSEMP WHERE DEPTNO = 10
  2  INTERSECT
  3  SELECT JOB FROM MPSEMP WHERE DEPTNO = 20;

JOB                                                                                                                                                                                                     
----------                                                                                                                                                                                              
CLERK                                                                                                                                                                                                   
MANAGER                                                                                                                                                                                                 

SQL> SELECT JOB FROM MPSEMP WHERE DEPTNO = 20
  2  INTERSECT
  3  SELECT JOB FROM MPSEMP WHERE DEPTNO = 30;

JOB                                                                                                                                                                                                     
----------                                                                                                                                                                                              
CLERK                                                                                                                                                                                                   
MANAGER                                                                                                                                                                                                 

SQL> REM MINUS : IT WILL REMOVE COMMON ROWS OF BOTH RESLT SETS FROM FIRST RESULT SET. + TWO COMMON TASKS
SQL> 
SQL> SELECT JOB FROM MPSEMP WHERE DEPTNO = 10;

JOB                                                                                                                                                                                                     
----------                                                                                                                                                                                              
PRESIDENT                                                                                                                                                                                               
MANAGER                                                                                                                                                                                                 
CLERK                                                                                                                                                                                                   

SQL> SELECT JOB FROM MPSEMP WHERE DEPTNO = 20;

JOB                                                                                                                                                                                                     
----------                                                                                                                                                                                              
MANAGER                                                                                                                                                                                                 
ANALYST                                                                                                                                                                                                 
CLERK                                                                                                                                                                                                   
ANALYST                                                                                                                                                                                                 
CLERK                                                                                                                                                                                                   

SQL> SELECT JOB FROM MPSEMP WHERE DEPTNO = 30;

JOB                                                                                                                                                                                                     
----------                                                                                                                                                                                              
MANAGER                                                                                                                                                                                                 
SALESMAN                                                                                                                                                                                                
SALESMAN                                                                                                                                                                                                
SALESMAN                                                                                                                                                                                                
SALESMAN                                                                                                                                                                                                
CLERK                                                                                                                                                                                                   

6 rows selected.

SQL> SELECT JOB FROM MPSEMP WHERE DEPTNO = 10
  2  MINUS
  3  SELECT JOB FROM MPSEMP WHERE DEPTNO = 20;

JOB                                                                                                                                                                                                     
----------                                                                                                                                                                                              
PRESIDENT                                                                                                                                                                                               

SQL> SELECT JOB FROM MPSEMP WHERE DEPTNO = 20
  2  MINUS
  3  SELECT JOB FROM MPSEMP WHERE DEPTNO = 10;

JOB                                                                                                                                                                                                     
----------                                                                                                                                                                                              
ANALYST                                                                                                                                                                                                 

SQL> SELECT JOB FROM MPSEMP WHERE DEPTNO = 10;

JOB                                                                                                                                                                                                     
----------                                                                                                                                                                                              
PRESIDENT                                                                                                                                                                                               
MANAGER                                                                                                                                                                                                 
CLERK                                                                                                                                                                                                   

SQL> SELECT JOB FROM MPSEMP WHERE DEPTNO = 20;

JOB                                                                                                                                                                                                     
----------                                                                                                                                                                                              
MANAGER                                                                                                                                                                                                 
ANALYST                                                                                                                                                                                                 
CLERK                                                                                                                                                                                                   
ANALYST                                                                                                                                                                                                 
CLERK                                                                                                                                                                                                   

SQL> SELECT JOB FROM MPSEMP WHERE DEPTNO = 30;

JOB                                                                                                                                                                                                     
----------                                                                                                                                                                                              
MANAGER                                                                                                                                                                                                 
SALESMAN                                                                                                                                                                                                
SALESMAN                                                                                                                                                                                                
SALESMAN                                                                                                                                                                                                
SALESMAN                                                                                                                                                                                                
CLERK                                                                                                                                                                                                   

6 rows selected.

SQL> SELECT JOB FROM MPSEMP WHERE DEPTNO = 30
  2  MINUS
  3  SELECT JOB FROM MPSEMP WHERE DEPTNO = 20;

JOB                                                                                                                                                                                                     
----------                                                                                                                                                                                              
SALESMAN                                                                                                                                                                                                

SQL> SELECT JOB FROM MPSEMP WHERE DEPTNO = 10;

JOB                                                                                                                                                                                                     
----------                                                                                                                                                                                              
PRESIDENT                                                                                                                                                                                               
MANAGER                                                                                                                                                                                                 
CLERK                                                                                                                                                                                                   

SQL> SELECT JOB FROM MPSEMP WHERE DEPTNO = 20;

JOB                                                                                                                                                                                                     
----------                                                                                                                                                                                              
MANAGER                                                                                                                                                                                                 
ANALYST                                                                                                                                                                                                 
CLERK                                                                                                                                                                                                   
ANALYST                                                                                                                                                                                                 
CLERK                                                                                                                                                                                                   

SQL> SELECT JOB FROM MPSEMP WHERE DEPTNO = 30;

JOB                                                                                                                                                                                                     
----------                                                                                                                                                                                              
MANAGER                                                                                                                                                                                                 
SALESMAN                                                                                                                                                                                                
SALESMAN                                                                                                                                                                                                
SALESMAN                                                                                                                                                                                                
SALESMAN                                                                                                                                                                                                
CLERK                                                                                                                                                                                                   

6 rows selected.

SQL> REM 10 UNION ALL 20 UNION ALL 30 : COUNT : 14 : PRESIDENT ... CLERK
SQL> 
SQL> REM 10 UNION ALL 20 UNION 30 : COUNT : 5  : ANALYST CLERK MANAGER PRESIDENT SALESMAN
SQL> 
SQL> REM 10 UNION ALL 20 INTERSECT 30 : COUNT : 2 : CLERK MANAGER
SQL> 
SQL> REM 10 UNION ALL 20 MINUS 30 : COUNT : 2 : ANALYST PRESIDENT
SQL> 
SQL> SELECT JOB FROM MPSEMP WHERE DEPTNO = 10;

JOB                                                                                                                                                                                                     
----------                                                                                                                                                                                              
PRESIDENT                                                                                                                                                                                               
MANAGER                                                                                                                                                                                                 
CLERK                                                                                                                                                                                                   

SQL> SELECT JOB FROM MPSEMP WHERE DEPTNO = 20;

JOB                                                                                                                                                                                                     
----------                                                                                                                                                                                              
MANAGER                                                                                                                                                                                                 
ANALYST                                                                                                                                                                                                 
CLERK                                                                                                                                                                                                   
ANALYST                                                                                                                                                                                                 
CLERK                                                                                                                                                                                                   

SQL> SELECT JOB FROM MPSEMP WHERE DEPTNO = 30;

JOB                                                                                                                                                                                                     
----------                                                                                                                                                                                              
MANAGER                                                                                                                                                                                                 
SALESMAN                                                                                                                                                                                                
SALESMAN                                                                                                                                                                                                
SALESMAN                                                                                                                                                                                                
SALESMAN                                                                                                                                                                                                
CLERK                                                                                                                                                                                                   

6 rows selected.

SQL> REM 10 UNION 20 UNION ALL 30 : COUNT : 10 : ANALYST CLERK MANAGER PRESIDENT MANAGER SALESMAN SALESMAN SALESMAN SALESMAN CLERK
SQL> 
SQL> REM 10 UNION 20 UNION 30 : COUNT : 5 : ANALYST CLERK MANAGER SALESMAN PRESIDENT
SQL> 
SQL> REM 10 UNION 20 UNION 30 : COUNT : 5 : ANALYST CLERK MANAGER PRESIDENT SALESMAN
SQL> 
SQL> REM 10 UNION 20 INTERSECT 30 : COUNT : 2 : CLERK MANAGER
SQL> 
SQL> REM 10 UNION 20 MINUS 30 : COUNT : 2 : ANALYST PRESIDENT
SQL> 
SQL> SELECT JOB FROM MPSEMP WHERE DEPTNO = 10;

JOB                                                                                                                                                                                                     
----------                                                                                                                                                                                              
PRESIDENT                                                                                                                                                                                               
MANAGER                                                                                                                                                                                                 
CLERK                                                                                                                                                                                                   

SQL> SELECT JOB FROM MPSEMP WHERE DEPTNO = 20;

JOB                                                                                                                                                                                                     
----------                                                                                                                                                                                              
MANAGER                                                                                                                                                                                                 
ANALYST                                                                                                                                                                                                 
CLERK                                                                                                                                                                                                   
ANALYST                                                                                                                                                                                                 
CLERK                                                                                                                                                                                                   

SQL> SELECT JOB FROM MPSEMP WHERE DEPTNO = 30;

JOB                                                                                                                                                                                                     
----------                                                                                                                                                                                              
MANAGER                                                                                                                                                                                                 
SALESMAN                                                                                                                                                                                                
SALESMAN                                                                                                                                                                                                
SALESMAN                                                                                                                                                                                                
SALESMAN                                                                                                                                                                                                
CLERK                                                                                                                                                                                                   

6 rows selected.

SQL> REM 10 INTERSECT 20 UNION ALL 30 : COUNT : 8 : CLERK MANAGER MANAGER SALESMAN SALESMAN SALESMAN SALESMAN CLERK
SQL> 
SQL> REM 10 INTERSECT 20 UNION 30 : COUNT : 3 : CLERK MANAGER SALESMAN
SQL> 
SQL> REM 10 INTERSECT 20 INTERSECT 30 : COUNT : 2 : CLERK MANAGER
SQL> 
SQL> REM 10 INTERSECT 20 MINUS 30 : COUNT : 0 : NO ROWS SELECTED
SQL> 
SQL> SELECT JOB FROM MPSEMP WHERE DEPTNO = 10;

JOB                                                                                                                                                                                                     
----------                                                                                                                                                                                              
PRESIDENT                                                                                                                                                                                               
MANAGER                                                                                                                                                                                                 
CLERK                                                                                                                                                                                                   

SQL> SELECT JOB FROM MPSEMP WHERE DEPTNO = 20;

JOB                                                                                                                                                                                                     
----------                                                                                                                                                                                              
MANAGER                                                                                                                                                                                                 
ANALYST                                                                                                                                                                                                 
CLERK                                                                                                                                                                                                   
ANALYST                                                                                                                                                                                                 
CLERK                                                                                                                                                                                                   

SQL> SELECT JOB FROM MPSEMP WHERE DEPTNO = 30;

JOB                                                                                                                                                                                                     
----------                                                                                                                                                                                              
MANAGER                                                                                                                                                                                                 
SALESMAN                                                                                                                                                                                                
SALESMAN                                                                                                                                                                                                
SALESMAN                                                                                                                                                                                                
SALESMAN                                                                                                                                                                                                
CLERK                                                                                                                                                                                                   

6 rows selected.

SQL> REM 10 MINUS 20 UNION ALL 30 : COUNT : 7 : PRESIDENT MANAGER SALESMAN SALESMAN SALESMAN SALESMAN CLERK
SQL> 
SQL> REM 10 MINUS 20 UNION 30 : COUNT : 4 : CLERK MANAGER PRESIDENT SALESMAN
SQL> 
SQL> REM 10 MINUS 20 INTERSECT 30 : COUNT : 0 : NO ROWS SELECTED
SQL> 
SQL> REM 10 MINUS 20 MINUS 30 : COUNT : 1 : PRESIDENT
SQL> 
SQL> REM 20 MINUS 10 MINUS 30 : COUNT : 1 : ANALYST
SQL> 
SQL> REM 30 MINUS 20 MINUS 10 : COUNT : 1 : SALESMAN
SQL> 
SQL> 
SQL> 
SQL> SELECT JOB FROM MPSEMP WHERE DEPTNO = 10;

JOB                                                                                                                                                                                                     
----------                                                                                                                                                                                              
PRESIDENT                                                                                                                                                                                               
MANAGER                                                                                                                                                                                                 
CLERK                                                                                                                                                                                                   

SQL> SELECT JOB FROM MPSEMP WHERE DEPTNO = 20;

JOB                                                                                                                                                                                                     
----------                                                                                                                                                                                              
MANAGER                                                                                                                                                                                                 
ANALYST                                                                                                                                                                                                 
CLERK                                                                                                                                                                                                   
ANALYST                                                                                                                                                                                                 
CLERK                                                                                                                                                                                                   

SQL> SELECT JOB FROM MPSEMP WHERE DEPTNO = 30;

JOB                                                                                                                                                                                                     
----------                                                                                                                                                                                              
MANAGER                                                                                                                                                                                                 
SALESMAN                                                                                                                                                                                                
SALESMAN                                                                                                                                                                                                
SALESMAN                                                                                                                                                                                                
SALESMAN                                                                                                                                                                                                
CLERK                                                                                                                                                                                                   

6 rows selected.

SQL> SELECT JOB FROM MPSEMP WHERE DEPTNO = 10
  2  UNION ALL
  3  SELECT JOB FROM MPSEMP WHERE DEPTNO = 20
  4  UNION
  5  SELECT JOB FROM MPSEMP WHERE DEPTNO = 30;

JOB                                                                                                                                                                                                     
----------                                                                                                                                                                                              
ANALYST                                                                                                                                                                                                 
CLERK                                                                                                                                                                                                   
MANAGER                                                                                                                                                                                                 
PRESIDENT                                                                                                                                                                                               
SALESMAN                                                                                                                                                                                                

SQL> SELECT JOB FROM MPSEMP WHERE DEPTNO = 10
  2  UNION ALL
  3  (SELECT JOB FROM MPSEMP WHERE DEPTNO = 20
  4  UNION
  5  SELECT JOB FROM MPSEMP WHERE DEPTNO = 30);

JOB                                                                                                                                                                                                     
----------                                                                                                                                                                                              
PRESIDENT                                                                                                                                                                                               
MANAGER                                                                                                                                                                                                 
CLERK                                                                                                                                                                                                   
ANALYST                                                                                                                                                                                                 
CLERK                                                                                                                                                                                                   
MANAGER                                                                                                                                                                                                 
SALESMAN                                                                                                                                                                                                

7 rows selected.

SQL> REM UNCOMMON JOBS OF EACH DEPARTMENT
SQL> 
SQL> SELECT JOB FROM MPSEMP WHERE DEPTNO = 10;

JOB                                                                                                                                                                                                     
----------                                                                                                                                                                                              
PRESIDENT                                                                                                                                                                                               
MANAGER                                                                                                                                                                                                 
CLERK                                                                                                                                                                                                   

SQL> SELECT JOB FROM MPSEMP WHERE DEPTNO = 20;

JOB                                                                                                                                                                                                     
----------                                                                                                                                                                                              
MANAGER                                                                                                                                                                                                 
ANALYST                                                                                                                                                                                                 
CLERK                                                                                                                                                                                                   
ANALYST                                                                                                                                                                                                 
CLERK                                                                                                                                                                                                   

SQL> SELECT JOB FROM MPSEMP WHERE DEPTNO = 30;

JOB                                                                                                                                                                                                     
----------                                                                                                                                                                                              
MANAGER                                                                                                                                                                                                 
SALESMAN                                                                                                                                                                                                
SALESMAN                                                                                                                                                                                                
SALESMAN                                                                                                                                                                                                
SALESMAN                                                                                                                                                                                                
CLERK                                                                                                                                                                                                   

6 rows selected.

SQL> REM ANALYST PRESIDENT SALESMAN         // REMOVE THOSE JOBS WHICH ARE COMMON IN EACH DEPARTMENT FROM THE MAIN JOB I.E SELECT JOB FROM MPSEMP
SQL> 
SQL> SELECT JOB FROM MPSEMP
  2  MINUS
  3  (SELECT JOB FROM MPSEMP WHERE DEPTNO = 10
  4  INTERSECT
  5  SELECT JOB FROM MPSEMP WHERE DEPTNO = 20
  6  INTERSECT
  7  SELECT JOB FROM MPSEMP WHERE DEPTNO = 30);

JOB                                                                                                                                                                                                     
----------                                                                                                                                                                                              
ANALYST                                                                                                                                                                                                 
PRESIDENT                                                                                                                                                                                               
SALESMAN                                                                                                                                                                                                

SQL> SELECT JOB FROM DEPTNO=10 UNION SELECT JOB FROM DEPTNO=20 UNION SELECT JOB FROM DEPTNO=30 WHERE JOB NOT IN(MANAGER, CLERK);
SELECT JOB FROM DEPTNO=10 UNION SELECT JOB FROM DEPTNO=20 UNION SELECT JOB FROM DEPTNO=30 WHERE JOB NOT IN(MANAGER, CLERK)
                      *
ERROR at line 1:
ORA-00933: SQL command not properly ended 


SQL> REM SELECT ITEMS IN ALL SELECT STATEMENTS OF COMPOUND STATEMENT MUST BE SAME IN NUMBER             // OP!!!!!!! LINE!!!!!!!!
SQL> 
SQL> REM IF NOT SAME WE CAN USE ANY VALUE , NULL
SQL> 
SQL> SELECT DEPARTMENT_ID , DEPARTMENT_NAME FROM DEPARTMENTS
  2  UNION ALL
  3  SELECT EMPLOYEE_ID FROM EMPLOYEES;
SELECT DEPARTMENT_ID , DEPARTMENT_NAME FROM DEPARTMENTS
*
ERROR at line 1:
ORA-01789: query block has incorrect number of result columns 


SQL> SELECT DEPARTMENT_ID , DEPARTMENT_NAME FROM DEPARTMENTS
  2  UNION ALL
  3  SELECT EMPLOYEE_ID , FIRST_NAME FROM EMPLOYEES;

DEPARTMENT_ID DEPARTMENT_NAME                                                                                                                                                                           
------------- ------------------------------                                                                                                                                                            
           10 Administration                                                                                                                                                                            
           20 Marketing                                                                                                                                                                                 
           50 Shiping                                                                                                                                                                                   
           60 IT                                                                                                                                                                                        
           80 Sales                                                                                                                                                                                     
           90 Executive                                                                                                                                                                                 
          110 Accounting                                                                                                                                                                                
          190 Contracting                                                                                                                                                                               
          100 Steven                                                                                                                                                                                    
          101 Neena                                                                                                                                                                                     
          102 Lex                                                                                                                                                                                       
          103 Alexander                                                                                                                                                                                 
          104 Bruce                                                                                                                                                                                     
          107 Diana                                                                                                                                                                                     
          124 Kevin                                                                                                                                                                                     
          141 Trenna                                                                                                                                                                                    
          142 Curtis                                                                                                                                                                                    
          143 Randall                                                                                                                                                                                   
          144 Peter                                                                                                                                                                                     
          149 Eleni                                                                                                                                                                                     
          174 Ellen                                                                                                                                                                                     

DEPARTMENT_ID DEPARTMENT_NAME                                                                                                                                                                           
------------- ------------------------------                                                                                                                                                            
          176 Jonathon                                                                                                                                                                                  
          178 Kimerely                                                                                                                                                                                  
          200 Jennifer                                                                                                                                                                                  
          201 Michael                                                                                                                                                                                   
          202 Pat                                                                                                                                                                                       
          205 Shelley                                                                                                                                                                                   
          206 William                                                                                                                                                                                   

28 rows selected.

SQL> SET LINES 100
SQL> 
SQL> R
  1  SELECT DEPARTMENT_ID , DEPARTMENT_NAME FROM DEPARTMENTS
  2  UNION ALL
  3* SELECT EMPLOYEE_ID , FIRST_NAME FROM EMPLOYEES

DEPARTMENT_ID DEPARTMENT_NAME                                                                       
------------- ------------------------------                                                        
           10 Administration                                                                        
           20 Marketing                                                                             
           50 Shiping                                                                               
           60 IT                                                                                    
           80 Sales                                                                                 
           90 Executive                                                                             
          110 Accounting                                                                            
          190 Contracting                                                                           
          100 Steven                                                                                
          101 Neena                                                                                 
          102 Lex                                                                                   
          103 Alexander                                                                             
          104 Bruce                                                                                 
          107 Diana                                                                                 
          124 Kevin                                                                                 
          141 Trenna                                                                                
          142 Curtis                                                                                
          143 Randall                                                                               
          144 Peter                                                                                 
          149 Eleni                                                                                 
          174 Ellen                                                                                 

DEPARTMENT_ID DEPARTMENT_NAME                                                                       
------------- ------------------------------                                                        
          176 Jonathon                                                                              
          178 Kimerely                                                                              
          200 Jennifer                                                                              
          201 Michael                                                                               
          202 Pat                                                                                   
          205 Shelley                                                                               
          206 William                                                                               

28 rows selected.

SQL> SET PAGES 100
SQL> 
SQL> R
  1  SELECT DEPARTMENT_ID , DEPARTMENT_NAME FROM DEPARTMENTS
  2  UNION ALL
  3* SELECT EMPLOYEE_ID , FIRST_NAME FROM EMPLOYEES

DEPARTMENT_ID DEPARTMENT_NAME                                                                       
------------- ------------------------------                                                        
           10 Administration                                                                        
           20 Marketing                                                                             
           50 Shiping                                                                               
           60 IT                                                                                    
           80 Sales                                                                                 
           90 Executive                                                                             
          110 Accounting                                                                            
          190 Contracting                                                                           
          100 Steven                                                                                
          101 Neena                                                                                 
          102 Lex                                                                                   
          103 Alexander                                                                             
          104 Bruce                                                                                 
          107 Diana                                                                                 
          124 Kevin                                                                                 
          141 Trenna                                                                                
          142 Curtis                                                                                
          143 Randall                                                                               
          144 Peter                                                                                 
          149 Eleni                                                                                 
          174 Ellen                                                                                 
          176 Jonathon                                                                              
          178 Kimerely                                                                              
          200 Jennifer                                                                              
          201 Michael                                                                               
          202 Pat                                                                                   
          205 Shelley                                                                               
          206 William                                                                               

28 rows selected.

SQL> SELECT DEPARTMENT_ID , DEPARTMENT_NAME FROM DEPARTMENTS
  2  UNION ALL
  3  SELECT EMPLOYEE_ID , 'SHRI' FROM EMPLOYEES;

DEPARTMENT_ID DEPARTMENT_NAME                                                                       
------------- ------------------------------                                                        
           10 Administration                                                                        
           20 Marketing                                                                             
           50 Shiping                                                                               
           60 IT                                                                                    
           80 Sales                                                                                 
           90 Executive                                                                             
          110 Accounting                                                                            
          190 Contracting                                                                           
          100 SHRI                                                                                  
          101 SHRI                                                                                  
          102 SHRI                                                                                  
          103 SHRI                                                                                  
          104 SHRI                                                                                  
          107 SHRI                                                                                  
          124 SHRI                                                                                  
          141 SHRI                                                                                  
          142 SHRI                                                                                  
          143 SHRI                                                                                  
          144 SHRI                                                                                  
          149 SHRI                                                                                  
          174 SHRI                                                                                  
          176 SHRI                                                                                  
          178 SHRI                                                                                  
          200 SHRI                                                                                  
          201 SHRI                                                                                  
          202 SHRI                                                                                  
          205 SHRI                                                                                  
          206 SHRI                                                                                  

28 rows selected.

SQL> SELECT DEPARTMENT_ID , DEPARTMENT_NAME FROM DEPARTMENTS
  2  UNION ALL
  3  SELECT EMPLOYEE_ID , NULL FROM EMPLOYEES;

DEPARTMENT_ID DEPARTMENT_NAME                                                                       
------------- ------------------------------                                                        
           10 Administration                                                                        
           20 Marketing                                                                             
           50 Shiping                                                                               
           60 IT                                                                                    
           80 Sales                                                                                 
           90 Executive                                                                             
          110 Accounting                                                                            
          190 Contracting                                                                           
          100                                                                                       
          101                                                                                       
          102                                                                                       
          103                                                                                       
          104                                                                                       
          107                                                                                       
          124                                                                                       
          141                                                                                       
          142                                                                                       
          143                                                                                       
          144                                                                                       
          149                                                                                       
          174                                                                                       
          176                                                                                       
          178                                                                                       
          200                                                                                       
          201                                                                                       
          202                                                                                       
          205                                                                                       
          206                                                                                       

28 rows selected.

SQL> REM 3 DATA TYPES OF EACH ITEMS IN ALL SELECT MUST BE SAME
SQL> 
SQL> REM 4 IF NOT SAME, WE CAN USE TO_CHAR TO MAKE THEM SAME.
SQL> 
SQL> SELECT DEPARTMENT_ID , DEPARTMENT_NAME FROM DEPARTMENTS
  2  UNION ALL
  3  SELECT FIRST_NAME, EMPLOYEE_ID FROM EMPLOYEES;
SELECT DEPARTMENT_ID , DEPARTMENT_NAME FROM DEPARTMENTS
       *
ERROR at line 1:
ORA-01790: expression must have same datatype as corresponding expression 


SQL> SELECT TO_CHAR(DEPARTMENT_ID) , DEPARTMENT_NAME FROM DEPARTMENTS
  2  UNION ALL
  3  SELECT FIRST_NAME, TO_CHAR(EMPLOYEE_ID) FROM EMPLOYEES;

TO_CHAR(DEPARTMENT_ID)                   DEPARTMENT_NAME                                            
---------------------------------------- ----------------------------------------                   
10                                       Administration                                             
20                                       Marketing                                                  
50                                       Shiping                                                    
60                                       IT                                                         
80                                       Sales                                                      
90                                       Executive                                                  
110                                      Accounting                                                 
190                                      Contracting                                                
Steven                                   100                                                        
Neena                                    101                                                        
Lex                                      102                                                        
Alexander                                103                                                        
Bruce                                    104                                                        
Diana                                    107                                                        
Kevin                                    124                                                        
Trenna                                   141                                                        
Curtis                                   142                                                        
Randall                                  143                                                        
Peter                                    144                                                        
Eleni                                    149                                                        
Ellen                                    174                                                        
Jonathon                                 176                                                        
Kimerely                                 178                                                        
Jennifer                                 200                                                        
Michael                                  201                                                        
Pat                                      202                                                        
Shelley                                  205                                                        
William                                  206                                                        

28 rows selected.

SQL> SELECT TO_CHAR(DEPARTMENT_ID) , DEPARTMENT_NAME FROM DEPARTMENTS
  2  UNION ALL
  3  SELECT TO_CHAR(HIRE_DATE) , TO_CHAR(EMPLOYEE_ID) FROM EMPLOYEES;

TO_CHAR(DEPARTMENT_ID)                   DEPARTMENT_NAME                                            
---------------------------------------- ----------------------------------------                   
10                                       Administration                                             
20                                       Marketing                                                  
50                                       Shiping                                                    
60                                       IT                                                         
80                                       Sales                                                      
90                                       Executive                                                  
110                                      Accounting                                                 
190                                      Contracting                                                
17-JUL-87                                100                                                        
21-SEP-89                                101                                                        
13-JAN-93                                102                                                        
03-JAN-90                                103                                                        
21-MAY-91                                104                                                        
07-FEB-99                                107                                                        
16-NOV-99                                124                                                        
17-OCT-95                                141                                                        
29-JAN-97                                142                                                        
15-MAR-98                                143                                                        
09-JUL-98                                144                                                        
29-JAN-00                                149                                                        
11-MAY-96                                174                                                        
24-MAR-98                                176                                                        
24-MAY-99                                178                                                        
17-SEP-87                                200                                                        
17-FEB-96                                201                                                        
17-AUG-97                                202                                                        
07-JUN-94                                205                                                        
07-JUN-94                                206                                                        

28 rows selected.

SQL> REM 5 COLUMN ALIAS OF FIRST STATEMENT IS DISPLAYED IN RESULT          // OP RE!!!!!!!
SQL> 
SQL> REM 6 COLUMN ALIAS USED IN ANY OTHER STAEMENT WILL BE SILENTLY IGNORED   // AREEE REE!
SQL> 
SQL> 
SQL> SELECT TO_CHAR(DEPARTMENT_ID) "DID AND HD", DEPARTMENT_NAME FROM DEPARTMENTS
  2  UNION ALL
  3  SELECT TO_CHAR(HIRE_DATE) , TO_CHAR(EMPLOYEE_ID) "DNAME AND EID" FROM EMPLOYEES;

DID AND HD                               DEPARTMENT_NAME                                            
---------------------------------------- ----------------------------------------                   
10                                       Administration                                             
20                                       Marketing                                                  
50                                       Shiping                                                    
60                                       IT                                                         
80                                       Sales                                                      
90                                       Executive                                                  
110                                      Accounting                                                 
190                                      Contracting                                                
17-JUL-87                                100                                                        
21-SEP-89                                101                                                        
13-JAN-93                                102                                                        
03-JAN-90                                103                                                        
21-MAY-91                                104                                                        
07-FEB-99                                107                                                        
16-NOV-99                                124                                                        
17-OCT-95                                141                                                        
29-JAN-97                                142                                                        
15-MAR-98                                143                                                        
09-JUL-98                                144                                                        
29-JAN-00                                149                                                        
11-MAY-96                                174                                                        
24-MAR-98                                176                                                        
24-MAY-99                                178                                                        
17-SEP-87                                200                                                        
17-FEB-96                                201                                                        
17-AUG-97                                202                                                        
07-JUN-94                                205                                                        
07-JUN-94                                206                                                        

28 rows selected.

SQL> REM 7 ORDER BY CLAUSE CAN BE USED ONCE PER COMPOUND STATEMENT
SQL> 
SQL> REM 8 ORDER BY IS PLACED AT THE END OF COMPOUND STATEMENT         AGAIN OP~!!!!!!!!!!!
SQL> 
SQL> REM 9 IF WE PLACE ORDER BY ANYWHERE ELSE, IT WILL RAISE ERROR.
SQL> 
SQL> 
SQL> SELECT TO_CHAR(DEPARTMENT_ID) "DID AND HD", DEPARTMENT_NAME FROM DEPARTMENTS
  2  
SQL> SELECT TO_CHAR(DEPARTMENT_ID) "DID AND HD", DEPARTMENT_NAME FROM DEPARTMENTS ORDER BY 2
  2  REM 9 IF WE PLACE ORDER BY ANYWHERE ELSE, IT WILL RAISE ERROR.
  3  
SQL> SELECT TO_CHAR(DEPARTMENT_ID) "DID AND HD", DEPARTMENT_NAME FROM DEPARTMENTS ORDER BY 2
  2  UNION ALL
  3  SELECT TO_CHAR(HIRE_DATE) , TO_CHAR(EMPLOYEE_ID) "DNAME AND EID" FROM EMPLOYEES;
UNION ALL
*
ERROR at line 2:
ORA-00933: SQL command not properly ended 


SQL> SELECT TO_CHAR(DEPARTMENT_ID) "DID AND HD", DEPARTMENT_NAME FROM DEPARTMENTS
  2  UNION ALL
  3  SELECT TO_CHAR(HIRE_DATE) , TO_CHAR(EMPLOYEE_ID) "DNAME AND EID" FROM EMPLOYEES ORDER BY 2 DESC ;

DID AND HD                               DEPARTMENT_NAME                                            
---------------------------------------- ----------------------------------------                   
50                                       Shiping                                                    
80                                       Sales                                                      
20                                       Marketing                                                  
60                                       IT                                                         
90                                       Executive                                                  
190                                      Contracting                                                
10                                       Administration                                             
110                                      Accounting                                                 
07-JUN-94                                206                                                        
07-JUN-94                                205                                                        
17-AUG-97                                202                                                        
17-FEB-96                                201                                                        
17-SEP-87                                200                                                        
24-MAY-99                                178                                                        
24-MAR-98                                176                                                        
11-MAY-96                                174                                                        
29-JAN-00                                149                                                        
09-JUL-98                                144                                                        
15-MAR-98                                143                                                        
29-JAN-97                                142                                                        
17-OCT-95                                141                                                        
16-NOV-99                                124                                                        
07-FEB-99                                107                                                        
21-MAY-91                                104                                                        
03-JAN-90                                103                                                        
13-JAN-93                                102                                                        
21-SEP-89                                101                                                        
17-JUL-87                                100                                                        

28 rows selected.

SQL> SELECT TO_CHAR(DEPARTMENT_ID) "DID AND HD", DEPARTMENT_NAME FROM DEPARTMENTS
  2  UNION ALL
  3  (SELECT TO_CHAR(HIRE_DATE) , TO_CHAR(EMPLOYEE_ID) "DNAME AND EID" FROM EMPLOYEES ORDER BY 2 DESC);
(SELECT TO_CHAR(HIRE_DATE) , TO_CHAR(EMPLOYEE_ID) "DNAME AND EID" FROM EMPLOYEES ORDER BY 2 DESC)
                                                                                 *
ERROR at line 3:
ORA-00907: missing right parenthesis 


SQL> SELECT TO_CHAR(DEPARTMENT_ID) "DID AND HD", DEPARTMENT_NAME FROM DEPARTMENTS
  2  UNION ALL
  3  (SELECT TO_CHAR(HIRE_DATE) , TO_CHAR(EMPLOYEE_ID) "DNAME AND EID" FROM EMPLOYEES) ORDER BY 2 DESC;

DID AND HD                               DEPARTMENT_NAME                                            
---------------------------------------- ----------------------------------------                   
50                                       Shiping                                                    
80                                       Sales                                                      
20                                       Marketing                                                  
60                                       IT                                                         
90                                       Executive                                                  
190                                      Contracting                                                
10                                       Administration                                             
110                                      Accounting                                                 
07-JUN-94                                206                                                        
07-JUN-94                                205                                                        
17-AUG-97                                202                                                        
17-FEB-96                                201                                                        
17-SEP-87                                200                                                        
24-MAY-99                                178                                                        
24-MAR-98                                176                                                        
11-MAY-96                                174                                                        
29-JAN-00                                149                                                        
09-JUL-98                                144                                                        
15-MAR-98                                143                                                        
29-JAN-97                                142                                                        
17-OCT-95                                141                                                        
16-NOV-99                                124                                                        
07-FEB-99                                107                                                        
21-MAY-91                                104                                                        
03-JAN-90                                103                                                        
13-JAN-93                                102                                                        
21-SEP-89                                101                                                        
17-JUL-87                                100                                                        

28 rows selected.

SQL> SPOOL OFF
